41453    2019-03-22 13:42:18    0x100F02440004    Event    Informational    --    None    The link between initiator (type FC, identifier 0x21000024ff1d813c) of a host and the host port (Engine 0, expansion module A, port number H1) is disconnected, time: 13:42:18, host: ID 1.
N/A.

41452    2019-03-22 13:42:18    0x100F02440004    Event    Informational    --    None    The link between initiator (type FC, identifier 0x21000024ff1d81d0) of a host and the host port (Engine 0, expansion module A, port number H0) is disconnected, time: 13:42:18, host: ID 0.
N/A.

41451    2019-03-22 13:42:17    0x100F02440004    Event    Informational    --    None    The link between initiator (type FC, identifier 0x21000024ff1d8163) of a host and the host port (Engine 0, expansion module B, port number H1) is disconnected, time: 13:42:17, host: ID 1.
N/A.

41450    2019-03-22 13:42:17    0x100F02440004    Event    Informational    --    None    The link between initiator (type FC, identifier 0x21000024ff1d8159) of a host and the host port (Engine 0, expansion module B, port number H0) is disconnected, time: 13:42:17, host: ID 0.
N/A.

41449    2019-03-22 13:42:14    0x200F00C90045    Event    Informational    --    None    admin:10.33.34.100 started to power off the system.
N/A

41443    2019-03-22 13:41:57    0x200F002A0015    Event    Informational    --    None    The login of the user (user name admin) from the source (10.33.34.100) succeeded.
N/A

41437    2019-03-22 13:41:35    0x100F0108005B    Event    Informational    --    None    The management network port (Controller Enclosure CTE0, controller A, port number MGMT) has been connected.
N/A

39260    2019-03-22 11:19:46    0x100F0015001C    Event    Major    --    None    UltraPath push information from host (ID 0) is not received at the preset time point or fails to be processed.
Step1 Install UltraPath of the latest version on the host. If the fault persists=>[Step2]. 
Step2 Collect related information and contact technical support engineers.

39259    2019-03-22 11:19:39    0x100F0015001C    Event    Major    --    None    UltraPath push information from host (ID 0) is not received at the preset time point or fails to be processed.
Step1 Install UltraPath of the latest version on the host. If the fault persists=>[Step2]. 
Step2 Collect related information and contact technical support engineers.

39203    2019-03-22 11:15:00    0x100F02440006    Event    Informational    --    None    The link between initiator (type FC, identifier 0x21000024ff1d8159) of a host and the host port (Engine 0, expansion module B, port number H0) is linked up, time: 11:15:0, host: ID 0.
N/A.

39202    2019-03-22 11:14:58    0x100F02440006    Event    Informational    --    None    The link between initiator (type FC, identifier 0x21000024ff1d81d0) of a host and the host port (Engine 0, expansion module A, port number H0) is linked up, time: 11:14:58, host: ID 0.
N/A.

39122    2019-03-22 11:05:20    0xF0060004    Fault    Major    Recovered    2019-03-22 11:15:02    FC host port (controller enclosure CTE0, -- controller A, port number H0) is disconnected.
Step1 Check cable connections.
1.1 If the cable is removed, reinsert it. If the alarm persists=>[1.2]. 
1.2 If the cable is damaged, replace it. If the alarm persists=>[1.3]. 
1.3 If the port has an optical module=>[Step2]. If no=>[1.4]. 
1.4 If no exceptions are detected=>[Step3]. 
Step2 Check whether optical modules of the peer port are damaged. 
2.1 Remove and reinsert optical modules of the peer port and reinsert the cables. If the alarm persists=>[2.2]. 
2.2 Replace the optical module of the peer port one by one and reinsert the cables. If the alarm persists=>[Step3]. 
Step3 Check the port configuration. 
3.1 Check whether the topology mode of the port matches that of its peer port. If no, make adaptation adjustment. If the alarm persists=>[3.2]. 
3.2 Check whether the rate of the port matches that of its peer port. If no, make adaptation adjustment. If the alarm persists=>[Step4]. 
Step4 Check whether the port and interface module of the two ends connected by the cable are faulty. If yes, rectify the faults. If the alarm persists=>[Step5]. 
Step5 Contact technical support engineers.

39121    2019-03-22 11:05:19    0xF0060004    Fault    Major    Recovered    2019-03-22 11:15:05    FC host port (controller enclosure CTE0, -- controller B, port number H0) is disconnected.
Step1 Check cable connections.
1.1 If the cable is removed, reinsert it. If the alarm persists=>[1.2]. 
1.2 If the cable is damaged, replace it. If the alarm persists=>[1.3]. 
1.3 If the port has an optical module=>[Step2]. If no=>[1.4]. 
1.4 If no exceptions are detected=>[Step3]. 
Step2 Check whether optical modules of the peer port are damaged. 
2.1 Remove and reinsert optical modules of the peer port and reinsert the cables. If the alarm persists=>[2.2]. 
2.2 Replace the optical module of the peer port one by one and reinsert the cables. If the alarm persists=>[Step3]. 
Step3 Check the port configuration. 
3.1 Check whether the topology mode of the port matches that of its peer port. If no, make adaptation adjustment. If the alarm persists=>[3.2]. 
3.2 Check whether the rate of the port matches that of its peer port. If no, make adaptation adjustment. If the alarm persists=>[Step4]. 
Step4 Check whether the port and interface module of the two ends connected by the cable are faulty. If yes, rectify the faults. If the alarm persists=>[Step5]. 
Step5 Contact technical support engineers.

39120    2019-03-22 11:05:15    0x100F02440004    Event    Informational    --    None    The link between initiator (type FC, identifier 0x21000024ff1d81d0) of a host and the host port (Engine 0, expansion module A, port number H0) is disconnected, time: 11:5:15, host: ID 0.
N/A.

39119    2019-03-22 11:05:15    0x100F02440004    Event    Informational    --    None    The link between initiator (type FC, identifier 0x21000024ff1d8159) of a host and the host port (Engine 0, expansion module B, port number H0) is disconnected, time: 11:5:15, host: ID 0.
N/A.

39115    2019-03-22 11:05:03    0x200F002A0019    Event    Informational    --    None    The logout of the user (user name admin) from the source (10.33.34.100) succeeded.
N/A

39109    2019-03-22 11:04:36    0x100F02440006    Event    Informational    --    None    The link between initiator (type FC, identifier 0x21000024ff1d8159) of a host and the host port (Engine 0, expansion module B, port number H0) is linked up, time: 11:4:36, host: ID 0.
N/A.

39108    2019-03-22 11:04:34    0x100F02440006    Event    Informational    --    None    The link between initiator (type FC, identifier 0x21000024ff1d81d0) of a host and the host port (Engine 0, expansion module A, port number H0) is linked up, time: 11:4:34, host: ID 0.
N/A.

39080    2019-03-22 10:59:14    0xF0060004    Fault    Major    Recovered    2019-03-22 11:04:41    FC host port (controller enclosure CTE0, -- controller A, port number H0) is disconnected.
Step1 Check cable connections.
1.1 If the cable is removed, reinsert it. If the alarm persists=>[1.2]. 
1.2 If the cable is damaged, replace it. If the alarm persists=>[1.3]. 
1.3 If the port has an optical module=>[Step2]. If no=>[1.4]. 
1.4 If no exceptions are detected=>[Step3]. 
Step2 Check whether optical modules of the peer port are damaged. 
2.1 Remove and reinsert optical modules of the peer port and reinsert the cables. If the alarm persists=>[2.2]. 
2.2 Replace the optical module of the peer port one by one and reinsert the cables. If the alarm persists=>[Step3]. 
Step3 Check the port configuration. 
3.1 Check whether the topology mode of the port matches that of its peer port. If no, make adaptation adjustment. If the alarm persists=>[3.2]. 
3.2 Check whether the rate of the port matches that of its peer port. If no, make adaptation adjustment. If the alarm persists=>[Step4]. 
Step4 Check whether the port and interface module of the two ends connected by the cable are faulty. If yes, rectify the faults. If the alarm persists=>[Step5]. 
Step5 Contact technical support engineers.

39079    2019-03-22 10:59:14    0xF0060004    Fault    Major    Recovered    2019-03-22 11:04:40    FC host port (controller enclosure CTE0, -- controller B, port number H0) is disconnected.
Step1 Check cable connections.
1.1 If the cable is removed, reinsert it. If the alarm persists=>[1.2]. 
1.2 If the cable is damaged, replace it. If the alarm persists=>[1.3]. 
1.3 If the port has an optical module=>[Step2]. If no=>[1.4]. 
1.4 If no exceptions are detected=>[Step3]. 
Step2 Check whether optical modules of the peer port are damaged. 
2.1 Remove and reinsert optical modules of the peer port and reinsert the cables. If the alarm persists=>[2.2]. 
2.2 Replace the optical module of the peer port one by one and reinsert the cables. If the alarm persists=>[Step3]. 
Step3 Check the port configuration. 
3.1 Check whether the topology mode of the port matches that of its peer port. If no, make adaptation adjustment. If the alarm persists=>[3.2]. 
3.2 Check whether the rate of the port matches that of its peer port. If no, make adaptation adjustment. If the alarm persists=>[Step4]. 
Step4 Check whether the port and interface module of the two ends connected by the cable are faulty. If yes, rectify the faults. If the alarm persists=>[Step5]. 
Step5 Contact technical support engineers.

39078    2019-03-22 10:59:11    0x100F02440004    Event    Informational    --    None    The link between initiator (type FC, identifier 0x21000024ff1d8159) of a host and the host port (Engine 0, expansion module B, port number H0) is disconnected, time: 10:59:11, host: ID 0.
N/A.

39077    2019-03-22 10:59:11    0x100F02440004    Event    Informational    --    None    The link between initiator (type FC, identifier 0x21000024ff1d81d0) of a host and the host port (Engine 0, expansion module A, port number H0) is disconnected, time: 10:59:11, host: ID 0.
N/A.

39073    2019-03-22 10:58:43    0x100F0015001C    Event    Major    --    None    UltraPath push information from host (ID 1) is not received at the preset time point or fails to be processed.
Step1 Install UltraPath of the latest version on the host. If the fault persists=>[Step2]. 
Step2 Collect related information and contact technical support engineers.

39072    2019-03-22 10:58:43    0x100F0015001C    Event    Major    --    None    UltraPath push information from host (ID 0) is not received at the preset time point or fails to be processed.
Step1 Install UltraPath of the latest version on the host. If the fault persists=>[Step2]. 
Step2 Collect related information and contact technical support engineers.

39071    2019-03-22 10:58:37    0x100F0015001C    Event    Major    --    None    UltraPath push information from host (ID 1) is not received at the preset time point or fails to be processed.
Step1 Install UltraPath of the latest version on the host. If the fault persists=>[Step2]. 
Step2 Collect related information and contact technical support engineers.

39070    2019-03-22 10:58:37    0x100F0015001C    Event    Major    --    None    UltraPath push information from host (ID 0) is not received at the preset time point or fails to be processed.
Step1 Install UltraPath of the latest version on the host. If the fault persists=>[Step2]. 
Step2 Collect related information and contact technical support engineers.

39052    2019-03-22 10:55:03    0x100F02440006    Event    Informational    --    None    The link between initiator (type FC, identifier 0x21000024ff1d813c) of a host and the host port (Engine 0, expansion module A, port number H1) is linked up, time: 10:55:3, host: ID 1.
N/A.

39051    2019-03-22 10:55:01    0x100F02440006    Event    Informational    --    None    The link between initiator (type FC, identifier 0x21000024ff1d8163) of a host and the host port (Engine 0, expansion module B, port number H1) is linked up, time: 10:55:1, host: ID 1.
N/A.

39046    2019-03-22 10:53:01    0x100F02440006    Event    Informational    --    None    The link between initiator (type FC, identifier 0x21000024ff1d8159) of a host and the host port (Engine 0, expansion module B, port number H0) is linked up, time: 10:53:1, host: ID 0.
N/A.

39045    2019-03-22 10:52:59    0x100F02440006    Event    Informational    --    None    The link between initiator (type FC, identifier 0x21000024ff1d81d0) of a host and the host port (Engine 0, expansion module A, port number H0) is linked up, time: 10:52:59, host: ID 0.
N/A.

39039    2019-03-22 10:43:17    0xF0060004    Fault    Major    Recovered    2019-03-22 10:55:05    FC host port (controller enclosure CTE0, -- controller A, port number H1) is disconnected.
Step1 Check cable connections.
1.1 If the cable is removed, reinsert it. If the alarm persists=>[1.2]. 
1.2 If the cable is damaged, replace it. If the alarm persists=>[1.3]. 
1.3 If the port has an optical module=>[Step2]. If no=>[1.4]. 
1.4 If no exceptions are detected=>[Step3]. 
Step2 Check whether optical modules of the peer port are damaged. 
2.1 Remove and reinsert optical modules of the peer port and reinsert the cables. If the alarm persists=>[2.2]. 
2.2 Replace the optical module of the peer port one by one and reinsert the cables. If the alarm persists=>[Step3]. 
Step3 Check the port configuration. 
3.1 Check whether the topology mode of the port matches that of its peer port. If no, make adaptation adjustment. If the alarm persists=>[3.2]. 
3.2 Check whether the rate of the port matches that of its peer port. If no, make adaptation adjustment. If the alarm persists=>[Step4]. 
Step4 Check whether the port and interface module of the two ends connected by the cable are faulty. If yes, rectify the faults. If the alarm persists=>[Step5]. 
Step5 Contact technical support engineers.

39038    2019-03-22 10:43:16    0xF0060004    Fault    Major    Recovered    2019-03-22 10:55:08    FC host port (controller enclosure CTE0, -- controller B, port number H1) is disconnected.
Step1 Check cable connections.
1.1 If the cable is removed, reinsert it. If the alarm persists=>[1.2]. 
1.2 If the cable is damaged, replace it. If the alarm persists=>[1.3]. 
1.3 If the port has an optical module=>[Step2]. If no=>[1.4]. 
1.4 If no exceptions are detected=>[Step3]. 
Step2 Check whether optical modules of the peer port are damaged. 
2.1 Remove and reinsert optical modules of the peer port and reinsert the cables. If the alarm persists=>[2.2]. 
2.2 Replace the optical module of the peer port one by one and reinsert the cables. If the alarm persists=>[Step3]. 
Step3 Check the port configuration. 
3.1 Check whether the topology mode of the port matches that of its peer port. If no, make adaptation adjustment. If the alarm persists=>[3.2]. 
3.2 Check whether the rate of the port matches that of its peer port. If no, make adaptation adjustment. If the alarm persists=>[Step4]. 
Step4 Check whether the port and interface module of the two ends connected by the cable are faulty. If yes, rectify the faults. If the alarm persists=>[Step5]. 
Step5 Contact technical support engineers.

39037    2019-03-22 10:43:15    0x100F02440004    Event    Informational    --    None    The link between initiator (type FC, identifier 0x21000024ff1d813c) of a host and the host port (Engine 0, expansion module A, port number H1) is disconnected, time: 10:43:15, host: ID 1.
N/A.

39036    2019-03-22 10:43:15    0x100F02440004    Event    Informational    --    None    The link between initiator (type FC, identifier 0x21000024ff1d8163) of a host and the host port (Engine 0, expansion module B, port number H1) is disconnected, time: 10:43:15, host: ID 1.
N/A.

39033    2019-03-22 10:42:57    0xF0060004    Fault    Major    Recovered    2019-03-22 10:53:03    FC host port (controller enclosure CTE0, -- controller B, port number H0) is disconnected.
Step1 Check cable connections.
1.1 If the cable is removed, reinsert it. If the alarm persists=>[1.2]. 
1.2 If the cable is damaged, replace it. If the alarm persists=>[1.3]. 
1.3 If the port has an optical module=>[Step2]. If no=>[1.4]. 
1.4 If no exceptions are detected=>[Step3]. 
Step2 Check whether optical modules of the peer port are damaged. 
2.1 Remove and reinsert optical modules of the peer port and reinsert the cables. If the alarm persists=>[2.2]. 
2.2 Replace the optical module of the peer port one by one and reinsert the cables. If the alarm persists=>[Step3]. 
Step3 Check the port configuration. 
3.1 Check whether the topology mode of the port matches that of its peer port. If no, make adaptation adjustment. If the alarm persists=>[3.2]. 
3.2 Check whether the rate of the port matches that of its peer port. If no, make adaptation adjustment. If the alarm persists=>[Step4]. 
Step4 Check whether the port and interface module of the two ends connected by the cable are faulty. If yes, rectify the faults. If the alarm persists=>[Step5]. 
Step5 Contact technical support engineers.

39032    2019-03-22 10:42:53    0xF0060004    Fault    Major    Recovered    2019-03-22 10:53:00    FC host port (controller enclosure CTE0, -- controller A, port number H0) is disconnected.
Step1 Check cable connections.
1.1 If the cable is removed, reinsert it. If the alarm persists=>[1.2]. 
1.2 If the cable is damaged, replace it. If the alarm persists=>[1.3]. 
1.3 If the port has an optical module=>[Step2]. If no=>[1.4]. 
1.4 If no exceptions are detected=>[Step3]. 
Step2 Check whether optical modules of the peer port are damaged. 
2.1 Remove and reinsert optical modules of the peer port and reinsert the cables. If the alarm persists=>[2.2]. 
2.2 Replace the optical module of the peer port one by one and reinsert the cables. If the alarm persists=>[Step3]. 
Step3 Check the port configuration. 
3.1 Check whether the topology mode of the port matches that of its peer port. If no, make adaptation adjustment. If the alarm persists=>[3.2]. 
3.2 Check whether the rate of the port matches that of its peer port. If no, make adaptation adjustment. If the alarm persists=>[Step4]. 
Step4 Check whether the port and interface module of the two ends connected by the cable are faulty. If yes, rectify the faults. If the alarm persists=>[Step5]. 
Step5 Contact technical support engineers.

39030    2019-03-22 10:42:51    0x100F02440004    Event    Informational    --    None    The link between initiator (type FC, identifier 0x21000024ff1d81d0) of a host and the host port (Engine 0, expansion module A, port number H0) is disconnected, time: 10:42:51, host: ID 0.
N/A.

39029    2019-03-22 10:42:51    0x100F02440004    Event    Informational    --    None    The link between initiator (type FC, identifier 0x21000024ff1d8159) of a host and the host port (Engine 0, expansion module B, port number H0) is disconnected, time: 10:42:51, host: ID 0.
N/A.

38997    2019-03-22 10:41:11    0x100F0015001C    Event    Major    --    None    UltraPath push information from host (ID 1) is not received at the preset time point or fails to be processed.
Step1 Install UltraPath of the latest version on the host. If the fault persists=>[Step2]. 
Step2 Collect related information and contact technical support engineers.

38995    2019-03-22 10:41:05    0x100F0015001C    Event    Major    --    None    UltraPath push information from host (ID 1) is not received at the preset time point or fails to be processed.
Step1 Install UltraPath of the latest version on the host. If the fault persists=>[Step2]. 
Step2 Collect related information and contact technical support engineers.

38933    2019-03-22 10:37:41    0x100F0015001C    Event    Major    --    None    UltraPath push information from host (ID 0) is not received at the preset time point or fails to be processed.
Step1 Install UltraPath of the latest version on the host. If the fault persists=>[Step2]. 
Step2 Collect related information and contact technical support engineers.

38932    2019-03-22 10:37:34    0x100F0015001C    Event    Major    --    None    UltraPath push information from host (ID 0) is not received at the preset time point or fails to be processed.
Step1 Install UltraPath of the latest version on the host. If the fault persists=>[Step2]. 
Step2 Collect related information and contact technical support engineers.

38922    2019-03-22 10:36:53    0x200F002A0019    Event    Informational    --    None    The logout of the user (user name mm_user) from the source (127.0.0.1) succeeded.
N/A

38895    2019-03-22 10:35:12    0x100F02440006    Event    Informational    --    None    The link between initiator (type FC, identifier 0x21000024ff1d813c) of a host and the host port (Engine 0, expansion module A, port number H1) is linked up, time: 10:35:12, host: ID 1.
N/A.

38894    2019-03-22 10:35:10    0x200F002A0019    Event    Informational    --    None    The logout of the user (user name mm_user) from the source (127.0.0.1) succeeded.
N/A

38893    2019-03-22 10:35:09    0x100F02440006    Event    Informational    --    None    The link between initiator (type FC, identifier 0x21000024ff1d8163) of a host and the host port (Engine 0, expansion module B, port number H1) is linked up, time: 10:35:9, host: ID 1.
N/A.

38886    2019-03-22 10:34:46    0x100F0108005A    Event    Informational    --    None    The management network port (Controller Enclosure CTE0, controller A, port number MGMT) has been disconnected.
N/A

38873    2019-03-22 10:32:59    0x100F02440006    Event    Informational    --    None    The link between initiator (type FC, identifier 0x21000024ff1d8159) of a host and the host port (Engine 0, expansion module B, port number H0) is linked up, time: 10:32:59, host: ID 0.
N/A.

38872    2019-03-22 10:32:57    0x100F02440006    Event    Informational    --    None    The link between initiator (type FC, identifier 0x21000024ff1d81d0) of a host and the host port (Engine 0, expansion module A, port number H0) is linked up, time: 10:32:57, host: ID 0.
N/A.

38871    2019-03-22 10:31:02    0x200F002A0015    Event    Informational    --    None    The login of the user (user name admin) from the source (10.33.34.100) succeeded.
N/A

38870    2019-03-22 10:30:57    0x200F002A0015    Event    Informational    --    None    The login of the user (user name mm_user) from the source (127.0.0.1) succeeded.
N/A

38869    2019-03-22 10:30:19    0x200F002A0015    Event    Informational    --    None    The login of the user (user name mm_user) from the source (127.0.0.1) succeeded.
N/A

38868    2019-03-22 10:30:01    0x200F002A0015    Event    Informational    --    None    The login of the user (user name mm_user) from the source (127.0.0.1) succeeded.
N/A

38867    2019-03-22 10:29:59    0x200F002A0015    Event    Informational    --    None    The login of the user (user name mm_user) from the source (127.0.0.1) succeeded.
N/A

38866    2019-03-22 10:29:55    0x100F0C90066    Event    Informational    --    None    Powering on the system succeeded.
N/A

38865    2019-03-22 10:29:46    0x100F0C90064    Event    Informational    --    None    The Engine 0 has restored to work in dual-controller mode.
N/A

38864    2019-03-22 10:29:44    0x100F00CF0027    Event    Major    --    None    Controller (engine ENG0, controller A) restarts or powers on successfully. Error code: 0x404033DB.
Step1 Check whether the controller is manually powered off or restarted.
1.1 If yes, ignore this fault.
1.2 If no=>[Step2].
Step2 Collect related information and contact technical support engineers.

38863    2019-03-22 10:29:42    0x100F0CE000B    Event    Informational    --    None    Disk Enclosure(ID DAE050) has been inserted.
N/A

38862    2019-03-22 10:29:42    0x100F0CE000B    Event    Informational    --    None    Disk Enclosure(ID DAE040) has been inserted.
N/A

38861    2019-03-22 10:29:42    0x100F0CE000B    Event    Informational    --    None    Disk Enclosure(ID DAE021) has been inserted.
N/A

38860    2019-03-22 10:29:42    0x100F0CE000B    Event    Informational    --    None    Disk Enclosure(ID DAE020) has been inserted.
N/A

38859    2019-03-22 10:29:42    0x100F0CE000B    Event    Informational    --    None    Disk Enclosure(ID DAE060) has been inserted.
N/A

38858    2019-03-22 10:29:42    0x100F0CE000B    Event    Informational    --    None    Disk Enclosure(ID DAE011) has been inserted.
N/A

38857    2019-03-22 10:29:42    0x100F0CE000B    Event    Informational    --    None    Disk Enclosure(ID DAE010) has been inserted.
N/A

38856    2019-03-22 10:29:41    0x100F0CE000B    Event    Informational    --    None    Disk Enclosure(ID DAE030) has been inserted.
N/A

38855    2019-03-22 10:29:41    0x100F00E00037    Event    Informational    --    None    The BBU module (Controller Enclosure CTE0, BBU module PSU 1) has sufficient power. When a power failure occurs, the BBU can supply sufficient power for powering off the system safely.
N/A

38854    2019-03-22 10:29:41    0x100F00E00037    Event    Informational    --    None    The BBU module (Controller Enclosure CTE0, BBU module PSU 0) has sufficient power. When a power failure occurs, the BBU can supply sufficient power for powering off the system safely.
N/A

38853    2019-03-22 10:29:40    0x100F0108005B    Event    Informational    --    None    The management network port (Controller Enclosure CTE0, controller A, port number MGMT) has been connected.
N/A

38852    2019-03-22 10:29:28    0x200F002A0016    Event    Informational    --    None    The user (user name admin) failed to login from the source (10.33.34.100).The error code is 0x4040324e.
N/A

38851    2019-03-22 10:29:19    0x100F00A000F    Event    Informational    --    None    The disk (controller enclosure CTE0, slot ID 24) is inserted.
N/A

38850    2019-03-22 10:29:19    0x100F00A000F    Event    Informational    --    None    The disk (controller enclosure CTE0, slot ID 19) is inserted.
N/A

38849    2019-03-22 10:29:19    0x100F00A000F    Event    Informational    --    None    The disk (controller enclosure CTE0, slot ID 16) is inserted.
N/A

38848    2019-03-22 10:29:19    0x100F00A000F    Event    Informational    --    None    The disk (controller enclosure CTE0, slot ID 22) is inserted.
N/A

38847    2019-03-22 10:29:19    0x100F00A000F    Event    Informational    --    None    The disk (controller enclosure CTE0, slot ID 13) is inserted.
N/A

38846    2019-03-22 10:29:19    0x100F00A000F    Event    Informational    --    None    The disk (controller enclosure CTE0, slot ID 17) is inserted.
N/A

38845    2019-03-22 10:29:19    0x100F00A000F    Event    Informational    --    None    The disk (controller enclosure CTE0, slot ID 20) is inserted.
N/A

38844    2019-03-22 10:29:19    0x100F00A000F    Event    Informational    --    None    The disk (controller enclosure CTE0, slot ID 18) is inserted.
N/A

38843    2019-03-22 10:29:19    0x100F00A000F    Event    Informational    --    None    The disk (controller enclosure CTE0, slot ID 14) is inserted.
N/A

38842    2019-03-22 10:29:19    0x100F00A000F    Event    Informational    --    None    The disk (controller enclosure CTE0, slot ID 21) is inserted.
N/A

38841    2019-03-22 10:29:19    0x100F00A000F    Event    Informational    --    None    The disk (controller enclosure CTE0, slot ID 15) is inserted.
N/A

38840    2019-03-22 10:29:19    0x100F00A000F    Event    Informational    --    None    The disk (controller enclosure CTE0, slot ID 23) is inserted.
N/A

38839    2019-03-22 10:29:18    0x100F00A000F    Event    Informational    --    None    The disk (controller enclosure CTE0, slot ID 4) is inserted.
N/A

38838    2019-03-22 10:29:18    0x100F00A000F    Event    Informational    --    None    The disk (controller enclosure CTE0, slot ID 8) is inserted.
N/A

38837    2019-03-22 10:29:18    0x100F00A000F    Event    Informational    --    None    The disk (controller enclosure CTE0, slot ID 5) is inserted.
N/A

38836    2019-03-22 10:29:18    0x100F00A000F    Event    Informational    --    None    The disk (controller enclosure CTE0, slot ID 11) is inserted.
N/A

38835    2019-03-22 10:29:18    0x100F00A000F    Event    Informational    --    None    The disk (controller enclosure CTE0, slot ID 6) is inserted.
N/A

38834    2019-03-22 10:29:18    0x100F00A000F    Event    Informational    --    None    The disk (controller enclosure CTE0, slot ID 9) is inserted.
N/A

38833    2019-03-22 10:29:18    0x100F00A000F    Event    Informational    --    None    The disk (controller enclosure CTE0, slot ID 7) is inserted.
N/A

38832    2019-03-22 10:29:18    0x100F00A000F    Event    Informational    --    None    The disk (controller enclosure CTE0, slot ID 12) is inserted.
N/A

38831    2019-03-22 10:29:18    0x100F00A000F    Event    Informational    --    None    The disk (controller enclosure CTE0, slot ID 10) is inserted.
N/A

38830    2019-03-22 10:29:18    0x100F00A000F    Event    Informational    --    None    The disk (disk enclosure DAE011, slot ID 13) is inserted.
N/A

38829    2019-03-22 10:29:18    0x100F00A000F    Event    Informational    --    None    The disk (disk enclosure DAE020, slot ID 8) is inserted.
N/A

38828    2019-03-22 10:29:18    0x100F00A000F    Event    Informational    --    None    The disk (disk enclosure DAE010, slot ID 0) is inserted.
N/A

38827    2019-03-22 10:29:18    0x100F00A000F    Event    Informational    --    None    The disk (disk enclosure DAE020, slot ID 6) is inserted.
N/A

38826    2019-03-22 10:29:18    0x100F00A000F    Event    Informational    --    None    The disk (disk enclosure DAE020, slot ID 10) is inserted.
N/A

38825    2019-03-22 10:29:18    0x100F00A000F    Event    Informational    --    None    The disk (disk enclosure DAE021, slot ID 20) is inserted.
N/A

38824    2019-03-22 10:29:18    0x100F00A000F    Event    Informational    --    None    The disk (disk enclosure DAE010, slot ID 23) is inserted.
N/A

38823    2019-03-22 10:29:18    0x100F00A000F    Event    Informational    --    None    The disk (disk enclosure DAE010, slot ID 5) is inserted.
N/A

38822    2019-03-22 10:29:18    0x100F00A000F    Event    Informational    --    None    The disk (disk enclosure DAE011, slot ID 14) is inserted.
N/A

38821    2019-03-22 10:29:18    0x100F00A000F    Event    Informational    --    None    The disk (disk enclosure DAE020, slot ID 18) is inserted.
N/A

38820    2019-03-22 10:29:18    0x100F00A000F    Event    Informational    --    None    The disk (disk enclosure DAE021, slot ID 19) is inserted.
N/A

38819    2019-03-22 10:29:18    0x100F00A000F    Event    Informational    --    None    The disk (disk enclosure DAE021, slot ID 24) is inserted.
N/A

38818    2019-03-22 10:29:18    0x100F00A000F    Event    Informational    --    None    The disk (disk enclosure DAE011, slot ID 23) is inserted.
N/A

38817    2019-03-22 10:29:18    0x100F00A000F    Event    Informational    --    None    The disk (disk enclosure DAE010, slot ID 9) is inserted.
N/A

38816    2019-03-22 10:29:18    0x100F00A000F    Event    Informational    --    None    The disk (disk enclosure DAE010, slot ID 4) is inserted.
N/A

38815    2019-03-22 10:29:18    0x100F00A000F    Event    Informational    --    None    The disk (disk enclosure DAE020, slot ID 21) is inserted.
N/A

38814    2019-03-22 10:29:18    0x100F00A000F    Event    Informational    --    None    The disk (disk enclosure DAE011, slot ID 24) is inserted.
N/A

38813    2019-03-22 10:29:18    0x100F00A000F    Event    Informational    --    None    The disk (disk enclosure DAE020, slot ID 22) is inserted.
N/A

38812    2019-03-22 10:29:18    0x100F00A000F    Event    Informational    --    None    The disk (disk enclosure DAE021, slot ID 14) is inserted.
N/A

38811    2019-03-22 10:29:18    0x100F00A000F    Event    Informational    --    None    The disk (disk enclosure DAE021, slot ID 8) is inserted.
N/A

38810    2019-03-22 10:29:18    0x100F00A000F    Event    Informational    --    None    The disk (disk enclosure DAE010, slot ID 20) is inserted.
N/A

38809    2019-03-22 10:29:18    0x100F00A000F    Event    Informational    --    None    The disk (disk enclosure DAE021, slot ID 21) is inserted.
N/A

38808    2019-03-22 10:29:18    0x100F00A000F    Event    Informational    --    None    The disk (disk enclosure DAE020, slot ID 23) is inserted.
N/A

38807    2019-03-22 10:29:18    0x100F00A000F    Event    Informational    --    None    The disk (disk enclosure DAE011, slot ID 21) is inserted.
N/A

38806    2019-03-22 10:29:18    0x100F00A000F    Event    Informational    --    None    The disk (disk enclosure DAE011, slot ID 19) is inserted.
N/A

38805    2019-03-22 10:29:18    0x100F00A000F    Event    Informational    --    None    The disk (disk enclosure DAE011, slot ID 22) is inserted.
N/A

38804    2019-03-22 10:29:18    0x100F00A000F    Event    Informational    --    None    The disk (disk enclosure DAE010, slot ID 21) is inserted.
N/A

38803    2019-03-22 10:29:18    0x100F00A000F    Event    Informational    --    None    The disk (disk enclosure DAE021, slot ID 22) is inserted.
N/A

38802    2019-03-22 10:29:18    0x100F00A000F    Event    Informational    --    None    The disk (disk enclosure DAE011, slot ID 20) is inserted.
N/A

38801    2019-03-22 10:29:18    0x100F00A000F    Event    Informational    --    None    The disk (disk enclosure DAE021, slot ID 23) is inserted.
N/A

38800    2019-03-22 10:29:18    0x100F00A000F    Event    Informational    --    None    The disk (disk enclosure DAE020, slot ID 20) is inserted.
N/A

38799    2019-03-22 10:29:18    0x100F00A000F    Event    Informational    --    None    The disk (disk enclosure DAE021, slot ID 17) is inserted.
N/A

38798    2019-03-22 10:29:18    0x100F00A000F    Event    Informational    --    None    The disk (disk enclosure DAE020, slot ID 11) is inserted.
N/A

38797    2019-03-22 10:29:18    0x100F00A000F    Event    Informational    --    None    The disk (disk enclosure DAE010, slot ID 19) is inserted.
N/A

38796    2019-03-22 10:29:18    0x100F00A000F    Event    Informational    --    None    The disk (disk enclosure DAE020, slot ID 2) is inserted.
N/A

38795    2019-03-22 10:29:18    0x100F00A000F    Event    Informational    --    None    The disk (disk enclosure DAE021, slot ID 18) is inserted.
N/A

38794    2019-03-22 10:29:18    0x100F00A000F    Event    Informational    --    None    The disk (disk enclosure DAE010, slot ID 14) is inserted.
N/A

38793    2019-03-22 10:29:18    0x100F00A000F    Event    Informational    --    None    The disk (disk enclosure DAE011, slot ID 16) is inserted.
N/A

38792    2019-03-22 10:29:18    0x100F00A000F    Event    Informational    --    None    The disk (disk enclosure DAE010, slot ID 16) is inserted.
N/A

38791    2019-03-22 10:29:18    0x100F00A000F    Event    Informational    --    None    The disk (disk enclosure DAE010, slot ID 12) is inserted.
N/A

38790    2019-03-22 10:29:18    0x100F00A000F    Event    Informational    --    None    The disk (disk enclosure DAE010, slot ID 18) is inserted.
N/A

38789    2019-03-22 10:29:18    0x100F00A000F    Event    Informational    --    None    The disk (disk enclosure DAE010, slot ID 7) is inserted.
N/A

38788    2019-03-22 10:29:18    0x100F00A000F    Event    Informational    --    None    The disk (disk enclosure DAE021, slot ID 12) is inserted.
N/A

38787    2019-03-22 10:29:18    0x100F00A000F    Event    Informational    --    None    The disk (disk enclosure DAE011, slot ID 4) is inserted.
N/A

38786    2019-03-22 10:29:18    0x100F00A000F    Event    Informational    --    None    The disk (disk enclosure DAE020, slot ID 19) is inserted.
N/A

38785    2019-03-22 10:29:18    0x100F00A000F    Event    Informational    --    None    The disk (disk enclosure DAE011, slot ID 9) is inserted.
N/A

38784    2019-03-22 10:29:18    0x100F00A000F    Event    Informational    --    None    The disk (disk enclosure DAE011, slot ID 17) is inserted.
N/A

38783    2019-03-22 10:29:18    0x100F00A000F    Event    Informational    --    None    The disk (disk enclosure DAE011, slot ID 11) is inserted.
N/A

38782    2019-03-22 10:29:18    0x100F00A000F    Event    Informational    --    None    The disk (disk enclosure DAE021, slot ID 16) is inserted.
N/A

38781    2019-03-22 10:29:18    0x100F00A000F    Event    Informational    --    None    The disk (disk enclosure DAE020, slot ID 15) is inserted.
N/A

38780    2019-03-22 10:29:18    0x100F00A000F    Event    Informational    --    None    The disk (disk enclosure DAE021, slot ID 13) is inserted.
N/A

38779    2019-03-22 10:29:18    0x100F00A000F    Event    Informational    --    None    The disk (disk enclosure DAE020, slot ID 24) is inserted.
N/A

38778    2019-03-22 10:29:18    0x100F00A000F    Event    Informational    --    None    The disk (disk enclosure DAE011, slot ID 12) is inserted.
N/A

38777    2019-03-22 10:29:18    0x100F00A000F    Event    Informational    --    None    The disk (disk enclosure DAE010, slot ID 24) is inserted.
N/A

38776    2019-03-22 10:29:18    0x100F00A000F    Event    Informational    --    None    The disk (disk enclosure DAE010, slot ID 15) is inserted.
N/A

38775    2019-03-22 10:29:18    0x100F00A000F    Event    Informational    --    None    The disk (disk enclosure DAE021, slot ID 4) is inserted.
N/A

38774    2019-03-22 10:29:18    0x100F00A000F    Event    Informational    --    None    The disk (disk enclosure DAE010, slot ID 3) is inserted.
N/A

38773    2019-03-22 10:29:18    0x100F00A000F    Event    Informational    --    None    The disk (disk enclosure DAE020, slot ID 9) is inserted.
N/A

38772    2019-03-22 10:29:18    0x100F00A000F    Event    Informational    --    None    The disk (disk enclosure DAE020, slot ID 12) is inserted.
N/A

38771    2019-03-22 10:29:18    0x100F00A000F    Event    Informational    --    None    The disk (disk enclosure DAE011, slot ID 6) is inserted.
N/A

38770    2019-03-22 10:29:18    0x100F00A000F    Event    Informational    --    None    The disk (disk enclosure DAE020, slot ID 16) is inserted.
N/A

38769    2019-03-22 10:29:18    0x100F00A000F    Event    Informational    --    None    The disk (disk enclosure DAE020, slot ID 17) is inserted.
N/A

38768    2019-03-22 10:29:18    0x100F00A000F    Event    Informational    --    None    The disk (disk enclosure DAE010, slot ID 10) is inserted.
N/A

38767    2019-03-22 10:29:18    0x100F00A000F    Event    Informational    --    None    The disk (disk enclosure DAE010, slot ID 13) is inserted.
N/A

38766    2019-03-22 10:29:18    0x100F00A000F    Event    Informational    --    None    The disk (disk enclosure DAE021, slot ID 11) is inserted.
N/A

38765    2019-03-22 10:29:18    0x100F00A000F    Event    Informational    --    None    The disk (disk enclosure DAE010, slot ID 22) is inserted.
N/A

38764    2019-03-22 10:29:18    0x100F00A000F    Event    Informational    --    None    The disk (disk enclosure DAE020, slot ID 7) is inserted.
N/A

38763    2019-03-22 10:29:18    0x100F00A000F    Event    Informational    --    None    The disk (disk enclosure DAE010, slot ID 17) is inserted.
N/A

38762    2019-03-22 10:29:18    0x100F00A000F    Event    Informational    --    None    The disk (disk enclosure DAE011, slot ID 18) is inserted.
N/A

38761    2019-03-22 10:29:18    0x100F00A000F    Event    Informational    --    None    The disk (disk enclosure DAE060, slot ID 17) is inserted.
N/A

38760    2019-03-22 10:29:18    0x100F00A000F    Event    Informational    --    None    The disk (disk enclosure DAE011, slot ID 15) is inserted.
N/A

38759    2019-03-22 10:29:18    0x100F00A000F    Event    Informational    --    None    The disk (disk enclosure DAE030, slot ID 14) is inserted.
N/A

38758    2019-03-22 10:29:18    0x100F00A000F    Event    Informational    --    None    The disk (disk enclosure DAE021, slot ID 5) is inserted.
N/A

38757    2019-03-22 10:29:18    0x100F00A000F    Event    Informational    --    None    The disk (disk enclosure DAE030, slot ID 24) is inserted.
N/A

38756    2019-03-22 10:29:18    0x100F00A000F    Event    Informational    --    None    The disk (disk enclosure DAE020, slot ID 5) is inserted.
N/A

38755    2019-03-22 10:29:18    0x100F00A000F    Event    Informational    --    None    The disk (disk enclosure DAE030, slot ID 1) is inserted.
N/A

38754    2019-03-22 10:29:18    0x100F00A000F    Event    Informational    --    None    The disk (disk enclosure DAE010, slot ID 8) is inserted.
N/A

38753    2019-03-22 10:29:18    0x100F00A000F    Event    Informational    --    None    The disk (disk enclosure DAE030, slot ID 8) is inserted.
N/A

38752    2019-03-22 10:29:18    0x100F00A000F    Event    Informational    --    None    The disk (disk enclosure DAE020, slot ID 14) is inserted.
N/A

38751    2019-03-22 10:29:18    0x100F00A000F    Event    Informational    --    None    The disk (disk enclosure DAE060, slot ID 12) is inserted.
N/A

38750    2019-03-22 10:29:18    0x100F00A000F    Event    Informational    --    None    The disk (disk enclosure DAE020, slot ID 13) is inserted.
N/A

38749    2019-03-22 10:29:18    0x100F00A000F    Event    Informational    --    None    The disk (disk enclosure DAE060, slot ID 16) is inserted.
N/A

38748    2019-03-22 10:29:18    0x100F00A000F    Event    Informational    --    None    The disk (disk enclosure DAE010, slot ID 2) is inserted.
N/A

38747    2019-03-22 10:29:18    0x100F00A000F    Event    Informational    --    None    The disk (disk enclosure DAE050, slot ID 17) is inserted.
N/A

38746    2019-03-22 10:29:18    0x100F00A000F    Event    Informational    --    None    The disk (disk enclosure DAE011, slot ID 10) is inserted.
N/A

38745    2019-03-22 10:29:18    0x100F00A000F    Event    Informational    --    None    The disk (disk enclosure DAE050, slot ID 5) is inserted.
N/A

38744    2019-03-22 10:29:18    0x100F00A000F    Event    Informational    --    None    The disk (disk enclosure DAE021, slot ID 15) is inserted.
N/A

38743    2019-03-22 10:29:18    0x100F00A000F    Event    Informational    --    None    The disk (disk enclosure DAE050, slot ID 4) is inserted.
N/A

38742    2019-03-22 10:29:18    0x100F00A000F    Event    Informational    --    None    The disk (disk enclosure DAE011, slot ID 3) is inserted.
N/A

38741    2019-03-22 10:29:18    0x100F00A000F    Event    Informational    --    None    The disk (disk enclosure DAE050, slot ID 18) is inserted.
N/A

38740    2019-03-22 10:29:18    0x100F00A000F    Event    Informational    --    None    The disk (disk enclosure DAE010, slot ID 1) is inserted.
N/A

38739    2019-03-22 10:29:18    0x100F00A000F    Event    Informational    --    None    The disk (disk enclosure DAE060, slot ID 22) is inserted.
N/A

38738    2019-03-22 10:29:18    0x100F00A000F    Event    Informational    --    None    The disk (disk enclosure DAE020, slot ID 4) is inserted.
N/A

38737    2019-03-22 10:29:18    0x100F00A000F    Event    Informational    --    None    The disk (disk enclosure DAE060, slot ID 19) is inserted.
N/A

38736    2019-03-22 10:29:18    0x100F00A000F    Event    Informational    --    None    The disk (disk enclosure DAE021, slot ID 10) is inserted.
N/A

38735    2019-03-22 10:29:18    0x100F00A000F    Event    Informational    --    None    The disk (disk enclosure DAE060, slot ID 24) is inserted.
N/A

38734    2019-03-22 10:29:18    0x100F00A000F    Event    Informational    --    None    The disk (disk enclosure DAE021, slot ID 9) is inserted.
N/A

38733    2019-03-22 10:29:18    0x100F00A000F    Event    Informational    --    None    The disk (disk enclosure DAE030, slot ID 18) is inserted.
N/A

38732    2019-03-22 10:29:18    0x100F00A000F    Event    Informational    --    None    The disk (disk enclosure DAE011, slot ID 8) is inserted.
N/A

38731    2019-03-22 10:29:44    0x100F00CF0027    Event    Major    --    None    Controller (engine ENG0, controller B) restarts or powers on successfully. Error code: 0x404033DB.
Step1 Check whether the controller is manually powered off or restarted.
1.1 If yes, ignore this fault.
1.2 If no=>[Step2].
Step2 Collect related information and contact technical support engineers.

38730    2019-03-22 10:29:18    0x100F00A000F    Event    Informational    --    None    The disk (disk enclosure DAE060, slot ID 21) is inserted.
N/A

38729    2019-03-22 10:29:44    0x200F0D1000F    Event    Informational    --    None    System succeeded in powering on the interface module (controller enclosure CTE0, FC interface module B.IOM1).
N/A

38728    2019-03-22 10:29:18    0x100F00A000F    Event    Informational    --    None    The disk (disk enclosure DAE021, slot ID 6) is inserted.
N/A

38727    2019-03-22 10:29:18    0x100F00A000F    Event    Informational    --    None    The disk (disk enclosure DAE050, slot ID 20) is inserted.
N/A

38726    2019-03-22 10:29:18    0x100F00A000F    Event    Informational    --    None    The disk (disk enclosure DAE011, slot ID 7) is inserted.
N/A

38725    2019-03-22 10:29:18    0x100F00A000F    Event    Informational    --    None    The disk (disk enclosure DAE030, slot ID 22) is inserted.
N/A

38724    2019-03-22 10:29:18    0x100F00A000F    Event    Informational    --    None    The disk (disk enclosure DAE021, slot ID 3) is inserted.
N/A

38723    2019-03-22 10:29:18    0x100F00A000F    Event    Informational    --    None    The disk (disk enclosure DAE050, slot ID 23) is inserted.
N/A

38722    2019-03-22 10:29:18    0x100F00A000F    Event    Informational    --    None    The disk (disk enclosure DAE020, slot ID 3) is inserted.
N/A

38721    2019-03-22 10:29:18    0x100F00A000F    Event    Informational    --    None    The disk (disk enclosure DAE030, slot ID 20) is inserted.
N/A

38720    2019-03-22 10:29:18    0x100F00A000F    Event    Informational    --    None    The disk (disk enclosure DAE010, slot ID 11) is inserted.
N/A

38719    2019-03-22 10:29:18    0x100F00A000F    Event    Informational    --    None    The disk (disk enclosure DAE050, slot ID 24) is inserted.
N/A

38718    2019-03-22 10:29:18    0x100F00A000F    Event    Informational    --    None    The disk (disk enclosure DAE010, slot ID 6) is inserted.
N/A

38717    2019-03-22 10:29:18    0x100F00A000F    Event    Informational    --    None    The disk (disk enclosure DAE030, slot ID 19) is inserted.
N/A

38716    2019-03-22 10:29:18    0x100F00A000F    Event    Informational    --    None    The disk (disk enclosure DAE020, slot ID 1) is inserted.
N/A

38715    2019-03-22 10:29:18    0x100F00A000F    Event    Informational    --    None    The disk (disk enclosure DAE030, slot ID 16) is inserted.
N/A

38714    2019-03-22 10:29:18    0x100F00A000F    Event    Informational    --    None    The disk (disk enclosure DAE020, slot ID 0) is inserted.
N/A

38713    2019-03-22 10:29:18    0x100F00A000F    Event    Informational    --    None    The disk (disk enclosure DAE050, slot ID 2) is inserted.
N/A

38712    2019-03-22 10:29:18    0x100F00A000F    Event    Informational    --    None    The disk (disk enclosure DAE011, slot ID 5) is inserted.
N/A

38711    2019-03-22 10:29:18    0x100F00A000F    Event    Informational    --    None    The disk (disk enclosure DAE060, slot ID 23) is inserted.
N/A

38710    2019-03-22 10:29:18    0x100F00A000F    Event    Informational    --    None    The disk (disk enclosure DAE011, slot ID 1) is inserted.
N/A

38709    2019-03-22 10:29:18    0x100F00A000F    Event    Informational    --    None    The disk (disk enclosure DAE030, slot ID 11) is inserted.
N/A

38708    2019-03-22 10:29:18    0x100F00A000F    Event    Informational    --    None    The disk (disk enclosure DAE030, slot ID 15) is inserted.
N/A

38707    2019-03-22 10:29:18    0x100F00A000F    Event    Informational    --    None    The disk (disk enclosure DAE060, slot ID 11) is inserted.
N/A

38706    2019-03-22 10:29:18    0x100F00A000F    Event    Informational    --    None    The disk (disk enclosure DAE021, slot ID 2) is inserted.
N/A

38705    2019-03-22 10:29:41    0x200F0D1000F    Event    Informational    --    None    System succeeded in powering on the interface module (controller enclosure CTE0, SAS interface module B.IOM0).
N/A

38704    2019-03-22 10:29:18    0x100F00A000F    Event    Informational    --    None    The disk (disk enclosure DAE060, slot ID 9) is inserted.
N/A

38703    2019-03-22 10:29:18    0x100F00A000F    Event    Informational    --    None    The disk (disk enclosure DAE030, slot ID 12) is inserted.
N/A

38702    2019-03-22 10:29:18    0x100F00A000F    Event    Informational    --    None    The disk (disk enclosure DAE050, slot ID 22) is inserted.
N/A

38701    2019-03-22 10:29:18    0x100F00A000F    Event    Informational    --    None    The disk (disk enclosure DAE021, slot ID 1) is inserted.
N/A

38700    2019-03-22 10:29:18    0x100F00A000F    Event    Informational    --    None    The disk (disk enclosure DAE050, slot ID 21) is inserted.
N/A

38699    2019-03-22 10:29:18    0x100F00A000F    Event    Informational    --    None    The disk (disk enclosure DAE030, slot ID 6) is inserted.
N/A

38698    2019-03-22 10:29:18    0x100F00A000F    Event    Informational    --    None    The disk (disk enclosure DAE030, slot ID 9) is inserted.
N/A

38697    2019-03-22 10:29:18    0x100F00A000F    Event    Informational    --    None    The disk (disk enclosure DAE030, slot ID 5) is inserted.
N/A

38696    2019-03-22 10:29:18    0x100F00A000F    Event    Informational    --    None    The disk (disk enclosure DAE050, slot ID 10) is inserted.
N/A

38695    2019-03-22 10:29:18    0x100F00A000F    Event    Informational    --    None    The disk (disk enclosure DAE021, slot ID 7) is inserted.
N/A

38694    2019-03-22 10:29:18    0x100F00A000F    Event    Informational    --    None    The disk (disk enclosure DAE060, slot ID 6) is inserted.
N/A

38693    2019-03-22 10:29:18    0x100F00A000F    Event    Informational    --    None    The disk (disk enclosure DAE060, slot ID 7) is inserted.
N/A

38692    2019-03-22 10:29:40    0x100F0108005A    Event    Informational    --    None    The management network port (Controller Enclosure CTE0, controller B, port number MGMT) has been disconnected.
N/A

38691    2019-03-22 10:29:18    0x100F00A000F    Event    Informational    --    None    The disk (disk enclosure DAE060, slot ID 10) is inserted.
N/A

38690    2019-03-22 10:29:18    0x100F00A000F    Event    Informational    --    None    The disk (disk enclosure DAE030, slot ID 23) is inserted.
N/A

38689    2019-03-22 10:29:18    0x100F00A000F    Event    Informational    --    None    The disk (disk enclosure DAE060, slot ID 18) is inserted.
N/A

38688    2019-03-22 10:29:18    0x100F00A000F    Event    Informational    --    None    The disk (disk enclosure DAE060, slot ID 8) is inserted.
N/A

38687    2019-03-22 10:29:18    0x100F00A000F    Event    Informational    --    None    The disk (disk enclosure DAE050, slot ID 6) is inserted.
N/A

38686    2019-03-22 10:29:18    0x100F00A000F    Event    Informational    --    None    The disk (disk enclosure DAE060, slot ID 13) is inserted.
N/A

38685    2019-03-22 10:29:18    0x100F00A000F    Event    Informational    --    None    The disk (disk enclosure DAE030, slot ID 2) is inserted.
N/A

38684    2019-03-22 10:29:18    0x100F00A000F    Event    Informational    --    None    The disk (disk enclosure DAE030, slot ID 21) is inserted.
N/A

38683    2019-03-22 10:29:18    0x100F00A000F    Event    Informational    --    None    The disk (disk enclosure DAE060, slot ID 20) is inserted.
N/A

38682    2019-03-22 10:29:18    0x100F00A000F    Event    Informational    --    None    The disk (disk enclosure DAE050, slot ID 16) is inserted.
N/A

38681    2019-03-22 10:29:18    0x100F00A000F    Event    Informational    --    None    The disk (disk enclosure DAE030, slot ID 4) is inserted.
N/A

38680    2019-03-22 10:29:18    0x100F00A000F    Event    Informational    --    None    The disk (disk enclosure DAE050, slot ID 14) is inserted.
N/A

38679    2019-03-22 10:29:18    0x100F00A000F    Event    Informational    --    None    The disk (disk enclosure DAE050, slot ID 19) is inserted.
N/A

38678    2019-03-22 10:29:18    0x100F00A000F    Event    Informational    --    None    The disk (disk enclosure DAE050, slot ID 8) is inserted.
N/A

38677    2019-03-22 10:29:18    0x100F00A000F    Event    Informational    --    None    The disk (disk enclosure DAE030, slot ID 3) is inserted.
N/A

38676    2019-03-22 10:29:18    0x100F00A000F    Event    Informational    --    None    The disk (disk enclosure DAE011, slot ID 2) is inserted.
N/A

38675    2019-03-22 10:29:18    0x100F00A000F    Event    Informational    --    None    The disk (disk enclosure DAE050, slot ID 7) is inserted.
N/A

38674    2019-03-22 10:29:18    0x100F00A000F    Event    Informational    --    None    The disk (disk enclosure DAE030, slot ID 7) is inserted.
N/A

38673    2019-03-22 10:29:18    0x100F00A000F    Event    Informational    --    None    The disk (disk enclosure DAE050, slot ID 13) is inserted.
N/A

38672    2019-03-22 10:29:18    0x100F00A000F    Event    Informational    --    None    The disk (disk enclosure DAE050, slot ID 3) is inserted.
N/A

38671    2019-03-22 10:29:18    0x100F00A000F    Event    Informational    --    None    The disk (disk enclosure DAE030, slot ID 17) is inserted.
N/A

38670    2019-03-22 10:29:18    0x100F00A000F    Event    Informational    --    None    The disk (disk enclosure DAE050, slot ID 12) is inserted.
N/A

38669    2019-03-22 10:29:18    0x100F00A000F    Event    Informational    --    None    The disk (disk enclosure DAE060, slot ID 5) is inserted.
N/A

38668    2019-03-22 10:29:18    0x100F00A000F    Event    Informational    --    None    The disk (disk enclosure DAE060, slot ID 15) is inserted.
N/A

38667    2019-03-22 10:29:18    0x100F00A000F    Event    Informational    --    None    The disk (disk enclosure DAE030, slot ID 13) is inserted.
N/A

38666    2019-03-22 10:29:18    0x100F00A000F    Event    Informational    --    None    The disk (disk enclosure DAE060, slot ID 3) is inserted.
N/A

38665    2019-03-22 10:29:18    0x100F00A000F    Event    Informational    --    None    The disk (disk enclosure DAE030, slot ID 10) is inserted.
N/A

38664    2019-03-22 10:29:18    0x100F00A000F    Event    Informational    --    None    The disk (disk enclosure DAE060, slot ID 4) is inserted.
N/A

38663    2019-03-22 10:29:18    0x100F00A000F    Event    Informational    --    None    The disk (disk enclosure DAE050, slot ID 9) is inserted.
N/A

38662    2019-03-22 10:29:18    0x100F00A000F    Event    Informational    --    None    The disk (disk enclosure DAE050, slot ID 1) is inserted.
N/A

38661    2019-03-22 10:29:18    0x100F00A000F    Event    Informational    --    None    The disk (disk enclosure DAE060, slot ID 2) is inserted.
N/A

38660    2019-03-22 10:29:18    0x100F00A000F    Event    Informational    --    None    The disk (disk enclosure DAE060, slot ID 14) is inserted.
N/A

38659    2019-03-22 10:29:18    0x100F00A000F    Event    Informational    --    None    The disk (disk enclosure DAE050, slot ID 11) is inserted.
N/A

38658    2019-03-22 10:29:18    0x100F00A000F    Event    Informational    --    None    The disk (disk enclosure DAE050, slot ID 15) is inserted.
N/A

38657    2019-03-22 10:29:18    0x100F00A000F    Event    Informational    --    None    The disk (disk enclosure DAE021, slot ID 0) is inserted.
N/A

38656    2019-03-22 10:29:18    0x100F00A000F    Event    Informational    --    None    The disk (disk enclosure DAE060, slot ID 1) is inserted.
N/A

38655    2019-03-22 10:29:18    0x100F00A000F    Event    Informational    --    None    The disk (disk enclosure DAE011, slot ID 0) is inserted.
N/A

38654    2019-03-22 10:29:18    0x100F00A000F    Event    Informational    --    None    The disk (disk enclosure DAE040, slot ID 0) is inserted.
N/A

38653    2019-03-22 10:29:18    0x100F00A000F    Event    Informational    --    None    The disk (disk enclosure DAE030, slot ID 0) is inserted.
N/A

38652    2019-03-22 10:29:18    0x100F00A000F    Event    Informational    --    None    The disk (disk enclosure DAE060, slot ID 0) is inserted.
N/A

38650    2019-03-22 10:29:18    0x100F00A000F    Event    Informational    --    None    The disk (disk enclosure DAE050, slot ID 0) is inserted.
N/A

38649    2019-03-22 10:29:00    0x100F00A000F    Event    Informational    --    None    The disk (controller enclosure CTE0, slot ID 3) is inserted.
N/A

38648    2019-03-22 10:29:00    0x100F00A000F    Event    Informational    --    None    The disk (controller enclosure CTE0, slot ID 2) is inserted.
N/A

38647    2019-03-22 10:29:00    0x100F00A000F    Event    Informational    --    None    The disk (controller enclosure CTE0, slot ID 1) is inserted.
N/A

38646    2019-03-22 10:29:00    0x100F00A000F    Event    Informational    --    None    The disk (controller enclosure CTE0, slot ID 0) is inserted.
N/A

38644    2019-03-22 10:21:22    0x100F02440004    Event    Informational    --    None    The link between initiator (type FC, identifier 0x21000024ff1d813c) of a host and the host port (Engine 0, expansion module A, port number H1) is disconnected, time: 10:21:22, host: ID 1.
N/A.

38643    2019-03-22 10:21:22    0x100F02440004    Event    Informational    --    None    The link between initiator (type FC, identifier 0x21000024ff1d81d0) of a host and the host port (Engine 0, expansion module A, port number H0) is disconnected, time: 10:21:22, host: ID 0.
N/A.

38642    2019-03-22 10:21:22    0x100F02440004    Event    Informational    --    None    The link between initiator (type FC, identifier 0x21000024ff1d8163) of a host and the host port (Engine 0, expansion module B, port number H1) is disconnected, time: 10:21:22, host: ID 1.
N/A.

38641    2019-03-22 10:21:21    0x100F02440004    Event    Informational    --    None    The link between initiator (type FC, identifier 0x21000024ff1d8159) of a host and the host port (Engine 0, expansion module B, port number H0) is disconnected, time: 10:21:21, host: ID 0.
N/A.

38640    2019-03-22 10:21:18    0x200F00C90045    Event    Informational    --    None    admin:10.33.34.100 started to power off the system.
N/A

38639    2019-03-22 10:20:59    0x200F002A0015    Event    Informational    --    None    The login of the user (user name admin) from the source (10.33.34.100) succeeded.
N/A

38637    2019-03-22 10:20:19    0x100F0108005B    Event    Informational    --    None    The management network port (Controller Enclosure CTE0, controller A, port number MGMT) has been connected.
N/A

38636    2019-03-22 10:20:17    0x100F0108005A    Event    Informational    --    None    The management network port (Controller Enclosure CTE0, controller A, port number MGMT) has been disconnected.
N/A

38633    2019-03-22 10:20:15    0x100F0108005B    Event    Informational    --    None    The management network port (Controller Enclosure CTE0, controller A, port number MGMT) has been connected.
N/A

38625    2019-03-22 10:19:38    0x100F0108005A    Event    Informational    --    None    The management network port (Controller Enclosure CTE0, controller A, port number MGMT) has been disconnected.
N/A

38609    2019-03-22 10:18:52    0x100F0108005B    Event    Informational    --    None    The management network port (Controller Enclosure CTE0, controller A, port number MGMT) has been connected.
N/A

