=== 日志分析报告 ===

分析时间: 2025-06-13 01:25:11
分析模式: 文本分析
日志长度: 468 字符
分段数量: 1 段

=== 分段分析结果 ===

第1段分析结果：


### 日志分析总结

#### **异常情况识别**
以下日志中存在多个异常情况：
| 时间戳 | 日志类型 | 异常描述 |
|--------|----------|----------|
| 23秒 | **ERROR** | 数据库连接超时（`Connection timeout`），可能导致后续功能中断 |
| 35秒 | **ERROR** | 用户 `'admin'` 认证失败（`Authentication failed`），可能是权限配置或凭证错误 |
| 37秒 | **CRITICAL** | **核心故障**：服务因退出码 `exit code 1` 崩溃（通常表示严重错误或配置异常） |
| 47秒 | **ERROR** | 端口 `8888` 被占用（`Address already in use`），表明资源冲突或进程残留 |

#### **故障时间点**
关键故障时间集中在系统启动后的 **37秒**：
- **第一次故障**：`Database connection failed - Connection timeout`（第5秒）
- **第二次故障**：`Service crashed with exit code 1`（第37秒）
- **第三次故障**：`Failed to bind to port 8888 - Address already in use`（第37秒）

#### **因果关系分析**
日志类型与事件之间的因果链如下：
```
System startup completed (INFO)
→ Database connection failed (ERROR) → Retrying database connection (WARN)
→ Authentication failed for user 'admin' (ERROR) → Service crashed (CRITICAL)
→ Attempting service restart (INFO) → Failed to bind to port (ERROR)
```
具体逻辑：
1. **初始触发**：系统启动后尝试建立数据库连接（第5秒），但因网络或配置问题出现超时。
2. **连锁反应**：
   - 数据库超时后触发重试机制（第37秒前的警告）。
   - 在重试过程中发现用户 `'admin'` 认证失败（第37秒前的错误），可能是由于未正确初始化凭据或权限缺失。
   - 认证失败进一步导致核心服务崩溃（第37秒的 `CRITICAL` 错误）。
   - 崩溃后系统尝试重启服务（第37秒后的 `INFO`），但因端口冲突未能成功绑定（最终 `ERROR`）。
   
3. **根本原因推测**：
   - 数据库超时与认证失败可能存在关联性（如依赖关系未满足）。
   - 端口冲突表明之前的进程未完全终止或资源未释放。

#### **关键说明**
- **核心问题**：  
  最终的 `CRITICAL` 故障与 `exit code 1` 表明系统存在严重配置缺陷或依赖项缺失。
  
- **资源竞争**：  
  端口 `8888` 被占用可能是由于先前的服务实例未正确关闭、进程残留或配置文件中重复定义了监听端口。
  
- **潜在优化方向**：
  - 检查数据库配置及网络连通性以解决超时问题。
  - 验证用户 `'admin'` 的权限及凭证是否正确。
  - 分析 `exit code 1` 的具体原因以定位核心故障。
  - 确保进程关闭流程完整，并检查端口绑定逻辑是否存在冲突。

#### **建议行动**
| 行动项 | 目标 |
|--------|------|
| 检查数据库状态及网络配置 | 解决初始 `Connection timeout` 和后续认证问题 |
| 分析 `exit code 1` 的具体含义 | 定位核心故障根源 |
| 验证端口使用情况及进程管理机制 | 避免资源竞争和重复绑定 |

---

### 总结
该日志序列显示了一个由多个层级问题引发的连锁故障：  
**数据库连接超时 → 认证失败 → 核心服务崩溃 → 端口冲突**  
需优先排查数据库和服务依赖项，并确保资源管理机制完善以避免重复使用端口等问题。

=== 最终整合总结 ===



### 综合分析结果

#### **1. 是否存在共性或重复的问题？**  
是的，存在以下共性：  
- **配置缺陷**：数据库连接超时（第5秒）和认证失败（第37秒）均指向**配置或权限相关的问题**（如网络设置错误、凭证缺失、权限未正确初始化）。  
- **资源竞争**：端口 `8888` 被占用（第37秒）与服务崩溃后的重启尝试（第37秒后）均涉及**资源管理异常**（进程残留、端口冲突）。  
- **时间集中性**：三次关键故障集中在系统启动后的 **37秒** 左右（包括数据库超时、认证失败、服务崩溃），表明可能存在**启动阶段的并发问题**或**初始化流程中的连锁异常**。

#### **2. 是否可以判断故障原因或影响范围？**  
- **故障原因推测**：  
  - 核心原因是 **配置缺陷或依赖项缺失**（如数据库未正确初始化、权限配置错误）。  
  - 端口冲突可能是由于 **进程未完全终止** 或 **重复定义了监听端口**（如服务实例残留）。  
  - `exit code 1` 的具体含义需进一步排查（可能是代码逻辑错误、资源不足或环境兼容性问题）。  

- **影响范围**：  
  - 系统启动后功能中断（如数据库无法连接导致服务无法正常运行）。  
  - 核心服务崩溃可能导致整个系统不可用，并引发后续重启尝试失败（端口冲突）。  
  - 认证失败可能限制用户访问权限或触发安全机制。

#### **3. 各日志类型之间是否存在依赖或因果联系？**  
是的，存在明显的依赖和因果链：  
```
[INFO] 系统启动完成 → [ERROR] 数据库连接超时 → [WARN] 重试机制触发 → [ERROR] 认证失败 → [CRITICAL] 核心服务崩溃 → [INFO] 尝试重启 → [ERROR] 端口冲突
```  
- **依赖关系**：  
  - 数据库连接成功是认证流程的前提条件；若超时，则后续认证步骤无法完成。  
  - 认证成功是服务正常运行的基础；若失败，则直接导致核心服务崩溃。  
  - 端口释放是重启成功的关键条件；若未释放，则重启会因冲突失败。  

- **因果关系**：  
  - 初始 `Connection timeout` 触发重试机制；重试过程中因权限/凭证问题导致 `Authentication failed` 和 `exit code 1` 的核心故障。  
  - 核心故障后系统尝试重启（`INFO`），但因端口被占用未能成功绑定（最终 `ERROR`）。

---

### 总结回答
1. **共性/重复问题**：主要集中在配置缺陷、资源竞争及启动阶段的连锁异常上。  
2. **故障原因与影响范围**：核心原因是配置缺陷/依赖项缺失；影响范围包括功能中断、服务崩溃及资源冲突导致的重启失败。  
3. **日志类型关联性**：存在清晰的依赖和因果链，从数据库连接到认证失败再到核心故障及端口冲突形成递进式连锁反应。