71730446    2024-11-10 04:07:41    0x200F002A0019    Event    Informational    --    None    The logout of the user (user name mm_user) from the source (127.0.0.1) succeeded.
N/A

71730445    2024-11-10 04:07:41    0x200F002A0019    Event    Informational    --    None    The logout of the user (user name mm_user) from the source (127.0.0.1) succeeded.
N/A

71730280    2024-11-10 04:01:02    0x200F002A0015    Event    Informational    --    None    The login of the user (user name mm_user) from the source (127.0.0.1) succeeded.
N/A

71730279    2024-11-10 04:01:02    0x200F002A0015    Event    Informational    --    None    The login of the user (user name mm_user) from the source (127.0.0.1) succeeded.
N/A

71728419    2024-11-10 02:44:34    0xF000A0015    Fault    Major    Recovered    2024-11-15 14:31:52    The system failed to monitor disk (disk enclosure DAE050, slot ID 21). Error code:0x40400293.
Step1 Check whether alarms are generated indicating disk faults.
    1.1 If yes, replace the faulty disks. If alarm The System Failed to Monitor a Disk persists=>[Step2].
    1.2 If no=>[Step2].
Step2 Collect related information and contact technical support engineers.

71728418    2024-11-10 02:44:34    0x200F000A005B    Fault    Major    Recovered    2024-11-15 14:31:57    Disk (Disk Enclosure DAE050, controller 0B, slot 21, serial number --) is isolated.
Step1 Check whether an alarm is generated indicating disk faults.
  1.1 If yes, replace the isolated disk. If the alarm persists=>[Step2].
  1.2 If no=>[Step2].
Step2 Collect related information and contact technical support engineers.

71728413    2024-11-10 02:44:24    0x100F00A0010    Event    Informational    --    None    Disk (disk enclosure DAE050, slot ID 21, serial number WBM1000C0000K92814MB) is removed. The storage pool where the disk resides may be degraded, decreasing the system read/write performance.
Reinsert the disk.

71728402    2024-11-10 02:43:59    0x200F000A005B    Fault    Major    Recovered    2024-11-15 14:31:52    Disk (Disk Enclosure DAE050, controller 0A, slot 21, serial number --) is isolated.
Step1 Check whether an alarm is generated indicating disk faults.
  1.1 If yes, replace the isolated disk. If the alarm persists=>[Step2].
  1.2 If no=>[Step2].
Step2 Collect related information and contact technical support engineers.

71728391    2024-11-10 02:43:30    0x1000010A000D    Event    Informational    --    None    The precopy of the disk (disk enclosure DAE050, slot ID 21, type SAS) in the disk domain (ID 7, name SAS) completed.
N/A

71727873    2024-11-10 02:22:23    0x1000010A000C    Event    Informational    --    None    The precopy of the disk (disk enclosure DAE050, slot ID 21, type SAS) in the disk domain (ID 7, name SAS) started. Do not remove other member disks in the disk domain.
N/A

71727872    2024-11-10 02:22:23    0xF000A011E    Fault    Major    Recovered    2024-11-15 14:31:57    Disk (Disk Enclosure DAE050, slot 21, serial number WBM1000C0000K92814MB, item 02351SGF, BarCode 2102351SGF9WK3800261) is about to fail. Error code:0x40000a4e.
Step1 Check whether it is a member disk.
    1.1 If yes, pre-copy the disk, and replace the disk after a message is displayed indicating that the precopy succeeds. If the alarm persists=>[Step2].
    1.2 If no, replace the disk. If the alarm persists=>[Step2].
Step2 Collect related information and contact technical support engineers.

