3474413    2019-07-10 11:41:06    0x100F0015001C    Event    Major    --    None    UltraPath push information from host (ID 7) is not received at the preset time point or fails to be processed.
Step1 Install UltraPath of the latest version on the host. If the fault persists=>[Step2]. 
Step2 Collect related information and contact technical support engineers.

3474412    2019-07-10 11:41:06    0x100F0015001C    Event    Major    --    None    UltraPath push information from host (ID 6) is not received at the preset time point or fails to be processed.
Step1 Install UltraPath of the latest version on the host. If the fault persists=>[Step2]. 
Step2 Collect related information and contact technical support engineers.

3474411    2019-07-10 11:41:06    0x100F0015001C    Event    Major    --    None    UltraPath push information from host (ID 7) is not received at the preset time point or fails to be processed.
Step1 Install UltraPath of the latest version on the host. If the fault persists=>[Step2]. 
Step2 Collect related information and contact technical support engineers.

3474410    2019-07-10 11:41:06    0x100F0015001C    Event    Major    --    None    UltraPath push information from host (ID 6) is not received at the preset time point or fails to be processed.
Step1 Install UltraPath of the latest version on the host. If the fault persists=>[Step2]. 
Step2 Collect related information and contact technical support engineers.

3474409    2019-07-10 11:41:06    0x100F0015001C    Event    Major    --    None    UltraPath push information from host (ID 7) is not received at the preset time point or fails to be processed.
Step1 Install UltraPath of the latest version on the host. If the fault persists=>[Step2]. 
Step2 Collect related information and contact technical support engineers.

3474408    2019-07-10 11:41:06    0x100F0015001C    Event    Major    --    None    UltraPath push information from host (ID 6) is not received at the preset time point or fails to be processed.
Step1 Install UltraPath of the latest version on the host. If the fault persists=>[Step2]. 
Step2 Collect related information and contact technical support engineers.

3474407    2019-07-10 11:41:06    0x100F0015001C    Event    Major    --    None    UltraPath push information from host (ID 7) is not received at the preset time point or fails to be processed.
Step1 Install UltraPath of the latest version on the host. If the fault persists=>[Step2]. 
Step2 Collect related information and contact technical support engineers.

3474406    2019-07-10 11:41:06    0x100F0015001C    Event    Major    --    None    UltraPath push information from host (ID 6) is not received at the preset time point or fails to be processed.
Step1 Install UltraPath of the latest version on the host. If the fault persists=>[Step2]. 
Step2 Collect related information and contact technical support engineers.

3474397    2019-07-10 11:40:46    0x100F0015001C    Event    Major    --    None    UltraPath push information from host (ID 7) is not received at the preset time point or fails to be processed.
Step1 Install UltraPath of the latest version on the host. If the fault persists=>[Step2]. 
Step2 Collect related information and contact technical support engineers.

3474396    2019-07-10 11:40:46    0x100F0015001C    Event    Major    --    None    UltraPath push information from host (ID 6) is not received at the preset time point or fails to be processed.
Step1 Install UltraPath of the latest version on the host. If the fault persists=>[Step2]. 
Step2 Collect related information and contact technical support engineers.

3474395    2019-07-10 11:40:46    0x100F0015001C    Event    Major    --    None    UltraPath push information from host (ID 7) is not received at the preset time point or fails to be processed.
Step1 Install UltraPath of the latest version on the host. If the fault persists=>[Step2]. 
Step2 Collect related information and contact technical support engineers.

3474394    2019-07-10 11:40:46    0x100F0015001C    Event    Major    --    None    UltraPath push information from host (ID 6) is not received at the preset time point or fails to be processed.
Step1 Install UltraPath of the latest version on the host. If the fault persists=>[Step2]. 
Step2 Collect related information and contact technical support engineers.

3474393    2019-07-10 11:40:46    0x100F0015001C    Event    Major    --    None    UltraPath push information from host (ID 7) is not received at the preset time point or fails to be processed.
Step1 Install UltraPath of the latest version on the host. If the fault persists=>[Step2]. 
Step2 Collect related information and contact technical support engineers.

3474392    2019-07-10 11:40:46    0x100F0015001C    Event    Major    --    None    UltraPath push information from host (ID 6) is not received at the preset time point or fails to be processed.
Step1 Install UltraPath of the latest version on the host. If the fault persists=>[Step2]. 
Step2 Collect related information and contact technical support engineers.

3474391    2019-07-10 11:40:46    0x100F0015001C    Event    Major    --    None    UltraPath push information from host (ID 7) is not received at the preset time point or fails to be processed.
Step1 Install UltraPath of the latest version on the host. If the fault persists=>[Step2]. 
Step2 Collect related information and contact technical support engineers.

3474390    2019-07-10 11:40:46    0x100F0015001C    Event    Major    --    None    UltraPath push information from host (ID 6) is not received at the preset time point or fails to be processed.
Step1 Install UltraPath of the latest version on the host. If the fault persists=>[Step2]. 
Step2 Collect related information and contact technical support engineers.

3474297    2019-07-10 11:36:58    0x100F02440006    Event    Informational    --    None    The link between initiator (type FC, identifier 0x100000109b10aa8e) of a host and the host port (Engine 0, expansion module A, port number H1) is linked up, time: 11:36:58, host: ID 7.
N/A.

3474296    2019-07-10 11:36:58    0x100F02440006    Event    Informational    --    None    The link between initiator (type FC, identifier 0x100000109b10aa8e) of a host and the host port (Engine 0, expansion module B, port number H1) is linked up, time: 11:36:58, host: ID 7.
N/A.

3474295    2019-07-10 11:36:58    0x100F02440006    Event    Informational    --    None    The link between initiator (type FC, identifier 0x100000109b10aa8e) of a host and the host port (Engine 0, expansion module A, port number H3) is linked up, time: 11:36:58, host: ID 7.
N/A.

3474294    2019-07-10 11:36:58    0x100F02440006    Event    Informational    --    None    The link between initiator (type FC, identifier 0x100000109b10aa8e) of a host and the host port (Engine 0, expansion module B, port number H3) is linked up, time: 11:36:58, host: ID 7.
N/A.

3474292    2019-07-10 11:36:55    0x100F02440006    Event    Informational    --    None    The link between initiator (type FC, identifier 0x100000109b10ad9c) of a host and the host port (Engine 0, expansion module B, port number H2) is linked up, time: 11:36:55, host: ID 7.
N/A.

3474291    2019-07-10 11:36:55    0x100F02440006    Event    Informational    --    None    The link between initiator (type FC, identifier 0x100000109b10ad9c) of a host and the host port (Engine 0, expansion module A, port number H2) is linked up, time: 11:36:55, host: ID 7.
N/A.

3474290    2019-07-10 11:36:54    0x100F02440006    Event    Informational    --    None    The link between initiator (type FC, identifier 0x100000109b10ad9c) of a host and the host port (Engine 0, expansion module A, port number H0) is linked up, time: 11:36:54, host: ID 7.
N/A.

3474289    2019-07-10 11:36:54    0x100F02440006    Event    Informational    --    None    The link between initiator (type FC, identifier 0x100000109b10ad9c) of a host and the host port (Engine 0, expansion module B, port number H0) is linked up, time: 11:36:54, host: ID 7.
N/A.

3474232    2019-07-10 11:34:38    0x100F02440006    Event    Informational    --    None    The link between initiator (type FC, identifier 0x100000109b2f648f) of a host and the host port (Engine 0, expansion module A, port number H1) is linked up, time: 11:34:38, host: ID 6.
N/A.

3474231    2019-07-10 11:34:38    0x100F02440006    Event    Informational    --    None    The link between initiator (type FC, identifier 0x100000109b2f648f) of a host and the host port (Engine 0, expansion module B, port number H3) is linked up, time: 11:34:38, host: ID 6.
N/A.

3474230    2019-07-10 11:34:38    0x100F02440006    Event    Informational    --    None    The link between initiator (type FC, identifier 0x100000109b2f648f) of a host and the host port (Engine 0, expansion module A, port number H3) is linked up, time: 11:34:38, host: ID 6.
N/A.

3474229    2019-07-10 11:34:38    0x100F02440006    Event    Informational    --    None    The link between initiator (type FC, identifier 0x100000109b2f648f) of a host and the host port (Engine 0, expansion module B, port number H1) is linked up, time: 11:34:38, host: ID 6.
N/A.

3474227    2019-07-10 11:34:35    0x100F02440006    Event    Informational    --    None    The link between initiator (type FC, identifier 0x100000109b2f6492) of a host and the host port (Engine 0, expansion module A, port number H2) is linked up, time: 11:34:35, host: ID 6.
N/A.

3474226    2019-07-10 11:34:35    0x100F02440006    Event    Informational    --    None    The link between initiator (type FC, identifier 0x100000109b2f6492) of a host and the host port (Engine 0, expansion module B, port number H2) is linked up, time: 11:34:35, host: ID 6.
N/A.

3474225    2019-07-10 11:34:35    0x100F02440006    Event    Informational    --    None    The link between initiator (type FC, identifier 0x100000109b2f6492) of a host and the host port (Engine 0, expansion module A, port number H0) is linked up, time: 11:34:35, host: ID 6.
N/A.

3474224    2019-07-10 11:34:34    0x100F02440006    Event    Informational    --    None    The link between initiator (type FC, identifier 0x100000109b2f6492) of a host and the host port (Engine 0, expansion module B, port number H0) is linked up, time: 11:34:34, host: ID 6.
N/A.

3474161    2019-07-10 11:32:01    0x100F02440004    Event    Informational    --    None    The link between initiator (type FC, identifier 0x100000109b10ad9c) of a host and the host port (Engine 0, expansion module A, port number H0) is disconnected, time: 11:32:1, host: ID 7.
N/A.

3474160    2019-07-10 11:32:01    0x100F02440004    Event    Informational    --    None    The link between initiator (type FC, identifier 0x100000109b10ad9c) of a host and the host port (Engine 0, expansion module B, port number H2) is disconnected, time: 11:32:1, host: ID 7.
N/A.

3474159    2019-07-10 11:32:01    0x100F02440004    Event    Informational    --    None    The link between initiator (type FC, identifier 0x100000109b10ad9c) of a host and the host port (Engine 0, expansion module B, port number H0) is disconnected, time: 11:32:1, host: ID 7.
N/A.

3474158    2019-07-10 11:32:01    0x100F02440004    Event    Informational    --    None    The link between initiator (type FC, identifier 0x100000109b10ad9c) of a host and the host port (Engine 0, expansion module A, port number H2) is disconnected, time: 11:32:1, host: ID 7.
N/A.

3474157    2019-07-10 11:32:01    0x100F02440004    Event    Informational    --    None    The link between initiator (type FC, identifier 0x100000109b10aa8e) of a host and the host port (Engine 0, expansion module A, port number H1) is disconnected, time: 11:32:1, host: ID 7.
N/A.

3474156    2019-07-10 11:32:01    0x100F02440004    Event    Informational    --    None    The link between initiator (type FC, identifier 0x100000109b10aa8e) of a host and the host port (Engine 0, expansion module B, port number H3) is disconnected, time: 11:32:1, host: ID 7.
N/A.

3474155    2019-07-10 11:32:01    0x100F02440004    Event    Informational    --    None    The link between initiator (type FC, identifier 0x100000109b10aa8e) of a host and the host port (Engine 0, expansion module A, port number H3) is disconnected, time: 11:32:1, host: ID 7.
N/A.

3474154    2019-07-10 11:32:01    0x100F02440004    Event    Informational    --    None    The link between initiator (type FC, identifier 0x100000109b10aa8e) of a host and the host port (Engine 0, expansion module B, port number H1) is disconnected, time: 11:32:1, host: ID 7.
N/A.

3474149    2019-07-10 11:31:53    0x100F02440004    Event    Informational    --    None    The link between initiator (type FC, identifier 0x100000109b2f6492) of a host and the host port (Engine 0, expansion module A, port number H2) is disconnected, time: 11:31:53, host: ID 6.
N/A.

3474148    2019-07-10 11:31:54    0x100F02440004    Event    Informational    --    None    The link between initiator (type FC, identifier 0x100000109b2f648f) of a host and the host port (Engine 0, expansion module B, port number H3) is disconnected, time: 11:31:54, host: ID 6.
N/A.

3474147    2019-07-10 11:31:53    0x100F02440004    Event    Informational    --    None    The link between initiator (type FC, identifier 0x100000109b2f6492) of a host and the host port (Engine 0, expansion module B, port number H0) is disconnected, time: 11:31:53, host: ID 6.
N/A.

3474146    2019-07-10 11:31:53    0x100F02440004    Event    Informational    --    None    The link between initiator (type FC, identifier 0x100000109b2f6492) of a host and the host port (Engine 0, expansion module B, port number H2) is disconnected, time: 11:31:53, host: ID 6.
N/A.

3474145    2019-07-10 11:31:53    0x100F02440004    Event    Informational    --    None    The link between initiator (type FC, identifier 0x100000109b2f648f) of a host and the host port (Engine 0, expansion module A, port number H1) is disconnected, time: 11:31:53, host: ID 6.
N/A.

3474144    2019-07-10 11:31:53    0x100F02440004    Event    Informational    --    None    The link between initiator (type FC, identifier 0x100000109b2f6492) of a host and the host port (Engine 0, expansion module A, port number H0) is disconnected, time: 11:31:53, host: ID 6.
N/A.

3474143    2019-07-10 11:31:53    0x100F02440004    Event    Informational    --    None    The link between initiator (type FC, identifier 0x100000109b2f648f) of a host and the host port (Engine 0, expansion module B, port number H1) is disconnected, time: 11:31:53, host: ID 6.
N/A.

3474142    2019-07-10 11:31:53    0x100F02440004    Event    Informational    --    None    The link between initiator (type FC, identifier 0x100000109b2f648f) of a host and the host port (Engine 0, expansion module A, port number H3) is disconnected, time: 11:31:53, host: ID 6.
N/A.

3473771    2019-07-10 11:16:33    0x100F0015001C    Event    Major    --    None    UltraPath push information from host (ID 6) is not received at the preset time point or fails to be processed.
Step1 Install UltraPath of the latest version on the host. If the fault persists=>[Step2]. 
Step2 Collect related information and contact technical support engineers.

3473770    2019-07-10 11:16:33    0x100F0015001C    Event    Major    --    None    UltraPath push information from host (ID 6) is not received at the preset time point or fails to be processed.
Step1 Install UltraPath of the latest version on the host. If the fault persists=>[Step2]. 
Step2 Collect related information and contact technical support engineers.

3473769    2019-07-10 11:16:33    0x100F0015001C    Event    Major    --    None    UltraPath push information from host (ID 6) is not received at the preset time point or fails to be processed.
Step1 Install UltraPath of the latest version on the host. If the fault persists=>[Step2]. 
Step2 Collect related information and contact technical support engineers.

3473768    2019-07-10 11:16:33    0x100F0015001C    Event    Major    --    None    UltraPath push information from host (ID 6) is not received at the preset time point or fails to be processed.
Step1 Install UltraPath of the latest version on the host. If the fault persists=>[Step2]. 
Step2 Collect related information and contact technical support engineers.

3473759    2019-07-10 11:16:13    0x100F0015001C    Event    Major    --    None    UltraPath push information from host (ID 6) is not received at the preset time point or fails to be processed.
Step1 Install UltraPath of the latest version on the host. If the fault persists=>[Step2]. 
Step2 Collect related information and contact technical support engineers.

3473758    2019-07-10 11:16:13    0x100F0015001C    Event    Major    --    None    UltraPath push information from host (ID 6) is not received at the preset time point or fails to be processed.
Step1 Install UltraPath of the latest version on the host. If the fault persists=>[Step2]. 
Step2 Collect related information and contact technical support engineers.

3473757    2019-07-10 11:16:13    0x100F0015001C    Event    Major    --    None    UltraPath push information from host (ID 6) is not received at the preset time point or fails to be processed.
Step1 Install UltraPath of the latest version on the host. If the fault persists=>[Step2]. 
Step2 Collect related information and contact technical support engineers.

3473756    2019-07-10 11:16:13    0x100F0015001C    Event    Major    --    None    UltraPath push information from host (ID 6) is not received at the preset time point or fails to be processed.
Step1 Install UltraPath of the latest version on the host. If the fault persists=>[Step2]. 
Step2 Collect related information and contact technical support engineers.

3473679    2019-07-10 11:13:02    0x100F0015001C    Event    Major    --    None    UltraPath push information from host (ID 7) is not received at the preset time point or fails to be processed.
Step1 Install UltraPath of the latest version on the host. If the fault persists=>[Step2]. 
Step2 Collect related information and contact technical support engineers.

3473678    2019-07-10 11:13:02    0x100F0015001C    Event    Major    --    None    UltraPath push information from host (ID 7) is not received at the preset time point or fails to be processed.
Step1 Install UltraPath of the latest version on the host. If the fault persists=>[Step2]. 
Step2 Collect related information and contact technical support engineers.

3473677    2019-07-10 11:13:02    0x100F0015001C    Event    Major    --    None    UltraPath push information from host (ID 7) is not received at the preset time point or fails to be processed.
Step1 Install UltraPath of the latest version on the host. If the fault persists=>[Step2]. 
Step2 Collect related information and contact technical support engineers.

3473676    2019-07-10 11:13:02    0x100F0015001C    Event    Major    --    None    UltraPath push information from host (ID 7) is not received at the preset time point or fails to be processed.
Step1 Install UltraPath of the latest version on the host. If the fault persists=>[Step2]. 
Step2 Collect related information and contact technical support engineers.

3473667    2019-07-10 11:12:43    0x100F0015001C    Event    Major    --    None    UltraPath push information from host (ID 7) is not received at the preset time point or fails to be processed.
Step1 Install UltraPath of the latest version on the host. If the fault persists=>[Step2]. 
Step2 Collect related information and contact technical support engineers.

3473666    2019-07-10 11:12:43    0x100F0015001C    Event    Major    --    None    UltraPath push information from host (ID 7) is not received at the preset time point or fails to be processed.
Step1 Install UltraPath of the latest version on the host. If the fault persists=>[Step2]. 
Step2 Collect related information and contact technical support engineers.

3473665    2019-07-10 11:12:43    0x100F0015001C    Event    Major    --    None    UltraPath push information from host (ID 7) is not received at the preset time point or fails to be processed.
Step1 Install UltraPath of the latest version on the host. If the fault persists=>[Step2]. 
Step2 Collect related information and contact technical support engineers.

3473664    2019-07-10 11:12:43    0x100F0015001C    Event    Major    --    None    UltraPath push information from host (ID 7) is not received at the preset time point or fails to be processed.
Step1 Install UltraPath of the latest version on the host. If the fault persists=>[Step2]. 
Step2 Collect related information and contact technical support engineers.

3473637    2019-07-10 11:11:43    0x100F02440006    Event    Informational    --    None    The link between initiator (type FC, identifier 0x100000109b2f648f) of a host and the host port (Engine 0, expansion module B, port number H1) is linked up, time: 11:11:43, host: ID 6.
N/A.

3473636    2019-07-10 11:11:43    0x100F02440006    Event    Informational    --    None    The link between initiator (type FC, identifier 0x100000109b2f648f) of a host and the host port (Engine 0, expansion module A, port number H1) is linked up, time: 11:11:43, host: ID 6.
N/A.

3473635    2019-07-10 11:11:43    0x100F02440006    Event    Informational    --    None    The link between initiator (type FC, identifier 0x100000109b2f648f) of a host and the host port (Engine 0, expansion module B, port number H3) is linked up, time: 11:11:43, host: ID 6.
N/A.

3473634    2019-07-10 11:11:43    0x100F02440006    Event    Informational    --    None    The link between initiator (type FC, identifier 0x100000109b2f648f) of a host and the host port (Engine 0, expansion module A, port number H3) is linked up, time: 11:11:43, host: ID 6.
N/A.

3473633    2019-07-10 11:11:40    0x100F02440006    Event    Informational    --    None    The link between initiator (type FC, identifier 0x100000109b2f6492) of a host and the host port (Engine 0, expansion module B, port number H0) is linked up, time: 11:11:40, host: ID 6.
N/A.

3473632    2019-07-10 11:11:40    0x100F02440006    Event    Informational    --    None    The link between initiator (type FC, identifier 0x100000109b2f6492) of a host and the host port (Engine 0, expansion module B, port number H2) is linked up, time: 11:11:40, host: ID 6.
N/A.

3473631    2019-07-10 11:11:40    0x100F02440006    Event    Informational    --    None    The link between initiator (type FC, identifier 0x100000109b2f6492) of a host and the host port (Engine 0, expansion module A, port number H0) is linked up, time: 11:11:40, host: ID 6.
N/A.

3473630    2019-07-10 11:11:40    0x100F02440006    Event    Informational    --    None    The link between initiator (type FC, identifier 0x100000109b2f6492) of a host and the host port (Engine 0, expansion module A, port number H2) is linked up, time: 11:11:40, host: ID 6.
N/A.

3473566    2019-07-10 11:08:58    0x100F02440004    Event    Informational    --    None    The link between initiator (type FC, identifier 0x100000109b2f6492) of a host and the host port (Engine 0, expansion module A, port number H2) is disconnected, time: 11:8:58, host: ID 6.
N/A.

3473565    2019-07-10 11:08:58    0x100F02440004    Event    Informational    --    None    The link between initiator (type FC, identifier 0x100000109b2f648f) of a host and the host port (Engine 0, expansion module B, port number H1) is disconnected, time: 11:8:58, host: ID 6.
N/A.

3473564    2019-07-10 11:08:58    0x100F02440004    Event    Informational    --    None    The link between initiator (type FC, identifier 0x100000109b2f6492) of a host and the host port (Engine 0, expansion module B, port number H0) is disconnected, time: 11:8:58, host: ID 6.
N/A.

3473563    2019-07-10 11:08:58    0x100F02440004    Event    Informational    --    None    The link between initiator (type FC, identifier 0x100000109b2f648f) of a host and the host port (Engine 0, expansion module B, port number H3) is disconnected, time: 11:8:58, host: ID 6.
N/A.

3473562    2019-07-10 11:08:58    0x100F02440004    Event    Informational    --    None    The link between initiator (type FC, identifier 0x100000109b2f648f) of a host and the host port (Engine 0, expansion module A, port number H1) is disconnected, time: 11:8:58, host: ID 6.
N/A.

3473561    2019-07-10 11:08:58    0x100F02440004    Event    Informational    --    None    The link between initiator (type FC, identifier 0x100000109b2f648f) of a host and the host port (Engine 0, expansion module A, port number H3) is disconnected, time: 11:8:58, host: ID 6.
N/A.

3473560    2019-07-10 11:08:58    0x100F02440004    Event    Informational    --    None    The link between initiator (type FC, identifier 0x100000109b2f6492) of a host and the host port (Engine 0, expansion module B, port number H2) is disconnected, time: 11:8:58, host: ID 6.
N/A.

3473559    2019-07-10 11:08:58    0x100F02440004    Event    Informational    --    None    The link between initiator (type FC, identifier 0x100000109b2f6492) of a host and the host port (Engine 0, expansion module A, port number H0) is disconnected, time: 11:8:58, host: ID 6.
N/A.

3473525    2019-07-10 11:07:34    0x100F02440006    Event    Informational    --    None    The link between initiator (type FC, identifier 0x100000109b10aa8e) of a host and the host port (Engine 0, expansion module B, port number H3) is linked up, time: 11:7:34, host: ID 7.
N/A.

3473524    2019-07-10 11:07:34    0x100F02440006    Event    Informational    --    None    The link between initiator (type FC, identifier 0x100000109b10aa8e) of a host and the host port (Engine 0, expansion module B, port number H1) is linked up, time: 11:7:34, host: ID 7.
N/A.

3473523    2019-07-10 11:07:34    0x100F02440006    Event    Informational    --    None    The link between initiator (type FC, identifier 0x100000109b10aa8e) of a host and the host port (Engine 0, expansion module A, port number H1) is linked up, time: 11:7:34, host: ID 7.
N/A.

3473521    2019-07-10 11:07:34    0x100F02440006    Event    Informational    --    None    The link between initiator (type FC, identifier 0x100000109b10aa8e) of a host and the host port (Engine 0, expansion module A, port number H3) is linked up, time: 11:7:34, host: ID 7.
N/A.

3473520    2019-07-10 11:07:31    0x100F02440006    Event    Informational    --    None    The link between initiator (type FC, identifier 0x100000109b10ad9c) of a host and the host port (Engine 0, expansion module B, port number H2) is linked up, time: 11:7:31, host: ID 7.
N/A.

3473519    2019-07-10 11:07:31    0x100F02440006    Event    Informational    --    None    The link between initiator (type FC, identifier 0x100000109b10ad9c) of a host and the host port (Engine 0, expansion module B, port number H0) is linked up, time: 11:7:31, host: ID 7.
N/A.

3473518    2019-07-10 11:07:31    0x100F02440006    Event    Informational    --    None    The link between initiator (type FC, identifier 0x100000109b10ad9c) of a host and the host port (Engine 0, expansion module A, port number H0) is linked up, time: 11:7:31, host: ID 7.
N/A.

3473517    2019-07-10 11:07:31    0x100F02440006    Event    Informational    --    None    The link between initiator (type FC, identifier 0x100000109b10ad9c) of a host and the host port (Engine 0, expansion module A, port number H2) is linked up, time: 11:7:31, host: ID 7.
N/A.

3473449    2019-07-10 11:04:49    0x100F02440004    Event    Informational    --    None    The link between initiator (type FC, identifier 0x100000109b10ad9c) of a host and the host port (Engine 0, expansion module B, port number H2) is disconnected, time: 11:4:49, host: ID 7.
N/A.

3473448    2019-07-10 11:04:49    0x100F02440004    Event    Informational    --    None    The link between initiator (type FC, identifier 0x100000109b10aa8e) of a host and the host port (Engine 0, expansion module B, port number H1) is disconnected, time: 11:4:49, host: ID 7.
N/A.

3473447    2019-07-10 11:04:49    0x100F02440004    Event    Informational    --    None    The link between initiator (type FC, identifier 0x100000109b10aa8e) of a host and the host port (Engine 0, expansion module B, port number H3) is disconnected, time: 11:4:49, host: ID 7.
N/A.

3473446    2019-07-10 11:04:49    0x100F02440004    Event    Informational    --    None    The link between initiator (type FC, identifier 0x100000109b10aa8e) of a host and the host port (Engine 0, expansion module A, port number H3) is disconnected, time: 11:4:49, host: ID 7.
N/A.

3473445    2019-07-10 11:04:49    0x100F02440004    Event    Informational    --    None    The link between initiator (type FC, identifier 0x100000109b10aa8e) of a host and the host port (Engine 0, expansion module A, port number H1) is disconnected, time: 11:4:49, host: ID 7.
N/A.

3473444    2019-07-10 11:04:49    0x100F02440004    Event    Informational    --    None    The link between initiator (type FC, identifier 0x100000109b10ad9c) of a host and the host port (Engine 0, expansion module A, port number H0) is disconnected, time: 11:4:49, host: ID 7.
N/A.

3473443    2019-07-10 11:04:49    0x100F02440004    Event    Informational    --    None    The link between initiator (type FC, identifier 0x100000109b10ad9c) of a host and the host port (Engine 0, expansion module A, port number H2) is disconnected, time: 11:4:49, host: ID 7.
N/A.

3473442    2019-07-10 11:04:49    0x100F02440004    Event    Informational    --    None    The link between initiator (type FC, identifier 0x100000109b10ad9c) of a host and the host port (Engine 0, expansion module B, port number H0) is disconnected, time: 11:4:49, host: ID 7.
N/A.

3472958    2019-07-10 10:44:39    0x100F0015001C    Event    Major    --    None    UltraPath push information from host (ID 7) is not received at the preset time point or fails to be processed.
Step1 Install UltraPath of the latest version on the host. If the fault persists=>[Step2]. 
Step2 Collect related information and contact technical support engineers.

3472957    2019-07-10 10:44:39    0x100F0015001C    Event    Major    --    None    UltraPath push information from host (ID 7) is not received at the preset time point or fails to be processed.
Step1 Install UltraPath of the latest version on the host. If the fault persists=>[Step2]. 
Step2 Collect related information and contact technical support engineers.

3472956    2019-07-10 10:44:39    0x100F0015001C    Event    Major    --    None    UltraPath push information from host (ID 7) is not received at the preset time point or fails to be processed.
Step1 Install UltraPath of the latest version on the host. If the fault persists=>[Step2]. 
Step2 Collect related information and contact technical support engineers.

3472955    2019-07-10 10:44:39    0x100F0015001C    Event    Major    --    None    UltraPath push information from host (ID 7) is not received at the preset time point or fails to be processed.
Step1 Install UltraPath of the latest version on the host. If the fault persists=>[Step2]. 
Step2 Collect related information and contact technical support engineers.

3472875    2019-07-10 10:41:28    0x100F0015001C    Event    Major    --    None    UltraPath push information from host (ID 7) is not received at the preset time point or fails to be processed.
Step1 Install UltraPath of the latest version on the host. If the fault persists=>[Step2]. 
Step2 Collect related information and contact technical support engineers.

3472874    2019-07-10 10:41:28    0x100F0015001C    Event    Major    --    None    UltraPath push information from host (ID 7) is not received at the preset time point or fails to be processed.
Step1 Install UltraPath of the latest version on the host. If the fault persists=>[Step2]. 
Step2 Collect related information and contact technical support engineers.

3472873    2019-07-10 10:41:28    0x100F0015001C    Event    Major    --    None    UltraPath push information from host (ID 7) is not received at the preset time point or fails to be processed.
Step1 Install UltraPath of the latest version on the host. If the fault persists=>[Step2]. 
Step2 Collect related information and contact technical support engineers.

3472872    2019-07-10 10:41:28    0x100F0015001C    Event    Major    --    None    UltraPath push information from host (ID 7) is not received at the preset time point or fails to be processed.
Step1 Install UltraPath of the latest version on the host. If the fault persists=>[Step2]. 
Step2 Collect related information and contact technical support engineers.

3472786    2019-07-10 10:37:49    0x100F02440006    Event    Informational    --    None    The link between initiator (type FC, identifier 0x100000109b10aa8e) of a host and the host port (Engine 0, expansion module A, port number H1) is linked up, time: 10:37:49, host: ID 7.
N/A.

3472785    2019-07-10 10:37:49    0x100F02440006    Event    Informational    --    None    The link between initiator (type FC, identifier 0x100000109b10aa8e) of a host and the host port (Engine 0, expansion module A, port number H3) is linked up, time: 10:37:49, host: ID 7.
N/A.

3472784    2019-07-10 10:37:49    0x100F02440006    Event    Informational    --    None    The link between initiator (type FC, identifier 0x100000109b10aa8e) of a host and the host port (Engine 0, expansion module B, port number H1) is linked up, time: 10:37:49, host: ID 7.
N/A.

3472782    2019-07-10 10:37:49    0x100F02440006    Event    Informational    --    None    The link between initiator (type FC, identifier 0x100000109b10aa8e) of a host and the host port (Engine 0, expansion module B, port number H3) is linked up, time: 10:37:49, host: ID 7.
N/A.

3472781    2019-07-10 10:37:46    0x100F02440006    Event    Informational    --    None    The link between initiator (type FC, identifier 0x100000109b10ad9c) of a host and the host port (Engine 0, expansion module B, port number H2) is linked up, time: 10:37:46, host: ID 7.
N/A.

3472780    2019-07-10 10:37:46    0x100F02440006    Event    Informational    --    None    The link between initiator (type FC, identifier 0x100000109b10ad9c) of a host and the host port (Engine 0, expansion module A, port number H0) is linked up, time: 10:37:46, host: ID 7.
N/A.

3472779    2019-07-10 10:37:46    0x100F02440006    Event    Informational    --    None    The link between initiator (type FC, identifier 0x100000109b10ad9c) of a host and the host port (Engine 0, expansion module B, port number H0) is linked up, time: 10:37:46, host: ID 7.
N/A.

3472778    2019-07-10 10:37:46    0x100F02440006    Event    Informational    --    None    The link between initiator (type FC, identifier 0x100000109b10ad9c) of a host and the host port (Engine 0, expansion module A, port number H2) is linked up, time: 10:37:46, host: ID 7.
N/A.

3472712    2019-07-10 10:35:03    0x100F02440004    Event    Informational    --    None    The link between initiator (type FC, identifier 0x100000109b10aa8e) of a host and the host port (Engine 0, expansion module A, port number H3) is disconnected, time: 10:35:3, host: ID 7.
N/A.

3472711    2019-07-10 10:35:03    0x100F02440004    Event    Informational    --    None    The link between initiator (type FC, identifier 0x100000109b10ad9c) of a host and the host port (Engine 0, expansion module A, port number H0) is disconnected, time: 10:35:3, host: ID 7.
N/A.

3472710    2019-07-10 10:35:03    0x100F02440004    Event    Informational    --    None    The link between initiator (type FC, identifier 0x100000109b10aa8e) of a host and the host port (Engine 0, expansion module B, port number H3) is disconnected, time: 10:35:3, host: ID 7.
N/A.

3472709    2019-07-10 10:35:03    0x100F02440004    Event    Informational    --    None    The link between initiator (type FC, identifier 0x100000109b10aa8e) of a host and the host port (Engine 0, expansion module B, port number H1) is disconnected, time: 10:35:3, host: ID 7.
N/A.

3472708    2019-07-10 10:35:03    0x100F02440004    Event    Informational    --    None    The link between initiator (type FC, identifier 0x100000109b10ad9c) of a host and the host port (Engine 0, expansion module B, port number H2) is disconnected, time: 10:35:3, host: ID 7.
N/A.

3472707    2019-07-10 10:35:03    0x100F02440004    Event    Informational    --    None    The link between initiator (type FC, identifier 0x100000109b10ad9c) of a host and the host port (Engine 0, expansion module A, port number H2) is disconnected, time: 10:35:3, host: ID 7.
N/A.

3472706    2019-07-10 10:35:03    0x100F02440004    Event    Informational    --    None    The link between initiator (type FC, identifier 0x100000109b10ad9c) of a host and the host port (Engine 0, expansion module B, port number H0) is disconnected, time: 10:35:3, host: ID 7.
N/A.

3472705    2019-07-10 10:35:03    0x100F02440004    Event    Informational    --    None    The link between initiator (type FC, identifier 0x100000109b10aa8e) of a host and the host port (Engine 0, expansion module A, port number H1) is disconnected, time: 10:35:3, host: ID 7.
N/A.

3472623    2019-07-10 10:31:37    0x100F02440006    Event    Informational    --    None    The link between initiator (type FC, identifier 0x100000109b10aa8e) of a host and the host port (Engine 0, expansion module A, port number H1) is linked up, time: 10:31:37, host: ID 7.
N/A.

3472622    2019-07-10 10:31:37    0x100F02440006    Event    Informational    --    None    The link between initiator (type FC, identifier 0x100000109b10aa8e) of a host and the host port (Engine 0, expansion module B, port number H1) is linked up, time: 10:31:37, host: ID 7.
N/A.

3472621    2019-07-10 10:31:37    0x100F02440006    Event    Informational    --    None    The link between initiator (type FC, identifier 0x100000109b10aa8e) of a host and the host port (Engine 0, expansion module B, port number H3) is linked up, time: 10:31:37, host: ID 7.
N/A.

3472620    2019-07-10 10:31:37    0x100F02440006    Event    Informational    --    None    The link between initiator (type FC, identifier 0x100000109b10aa8e) of a host and the host port (Engine 0, expansion module A, port number H3) is linked up, time: 10:31:37, host: ID 7.
N/A.

3472617    2019-07-10 10:31:34    0x100F02440006    Event    Informational    --    None    The link between initiator (type FC, identifier 0x100000109b10ad9c) of a host and the host port (Engine 0, expansion module B, port number H0) is linked up, time: 10:31:34, host: ID 7.
N/A.

3472616    2019-07-10 10:31:34    0x100F02440006    Event    Informational    --    None    The link between initiator (type FC, identifier 0x100000109b10ad9c) of a host and the host port (Engine 0, expansion module A, port number H0) is linked up, time: 10:31:34, host: ID 7.
N/A.

3472615    2019-07-10 10:31:34    0x100F02440006    Event    Informational    --    None    The link between initiator (type FC, identifier 0x100000109b10ad9c) of a host and the host port (Engine 0, expansion module B, port number H2) is linked up, time: 10:31:34, host: ID 7.
N/A.

3472614    2019-07-10 10:31:34    0x100F02440006    Event    Informational    --    None    The link between initiator (type FC, identifier 0x100000109b10ad9c) of a host and the host port (Engine 0, expansion module A, port number H2) is linked up, time: 10:31:34, host: ID 7.
N/A.

3472498    2019-07-10 10:26:45    0x100F02440004    Event    Informational    --    None    The link between initiator (type FC, identifier 0x100000109b10ad9c) of a host and the host port (Engine 0, expansion module B, port number H0) is disconnected, time: 10:26:45, host: ID 7.
N/A.

3472497    2019-07-10 10:26:45    0x100F02440004    Event    Informational    --    None    The link between initiator (type FC, identifier 0x100000109b10ad9c) of a host and the host port (Engine 0, expansion module B, port number H2) is disconnected, time: 10:26:45, host: ID 7.
N/A.

3472496    2019-07-10 10:26:45    0x100F02440004    Event    Informational    --    None    The link between initiator (type FC, identifier 0x100000109b10aa8e) of a host and the host port (Engine 0, expansion module B, port number H1) is disconnected, time: 10:26:45, host: ID 7.
N/A.

3472495    2019-07-10 10:26:45    0x100F02440004    Event    Informational    --    None    The link between initiator (type FC, identifier 0x100000109b10ad9c) of a host and the host port (Engine 0, expansion module A, port number H2) is disconnected, time: 10:26:45, host: ID 7.
N/A.

3472494    2019-07-10 10:26:45    0x100F02440004    Event    Informational    --    None    The link between initiator (type FC, identifier 0x100000109b10aa8e) of a host and the host port (Engine 0, expansion module A, port number H3) is disconnected, time: 10:26:45, host: ID 7.
N/A.

3472493    2019-07-10 10:26:45    0x100F02440004    Event    Informational    --    None    The link between initiator (type FC, identifier 0x100000109b10aa8e) of a host and the host port (Engine 0, expansion module A, port number H1) is disconnected, time: 10:26:45, host: ID 7.
N/A.

3472492    2019-07-10 10:26:45    0x100F02440004    Event    Informational    --    None    The link between initiator (type FC, identifier 0x100000109b10aa8e) of a host and the host port (Engine 0, expansion module B, port number H3) is disconnected, time: 10:26:45, host: ID 7.
N/A.

3472491    2019-07-10 10:26:45    0x100F02440004    Event    Informational    --    None    The link between initiator (type FC, identifier 0x100000109b10ad9c) of a host and the host port (Engine 0, expansion module A, port number H0) is disconnected, time: 10:26:45, host: ID 7.
N/A.

3472424    2019-07-10 10:23:56    0x100F0015001C    Event    Major    --    None    UltraPath push information from host (ID 7) is not received at the preset time point or fails to be processed.
Step1 Install UltraPath of the latest version on the host. If the fault persists=>[Step2]. 
Step2 Collect related information and contact technical support engineers.

3472423    2019-07-10 10:23:56    0x100F0015001C    Event    Major    --    None    UltraPath push information from host (ID 7) is not received at the preset time point or fails to be processed.
Step1 Install UltraPath of the latest version on the host. If the fault persists=>[Step2]. 
Step2 Collect related information and contact technical support engineers.

3472414    2019-07-10 10:23:37    0x100F0015001C    Event    Major    --    None    UltraPath push information from host (ID 7) is not received at the preset time point or fails to be processed.
Step1 Install UltraPath of the latest version on the host. If the fault persists=>[Step2]. 
Step2 Collect related information and contact technical support engineers.

3472413    2019-07-10 10:23:37    0x100F0015001C    Event    Major    --    None    UltraPath push information from host (ID 7) is not received at the preset time point or fails to be processed.
Step1 Install UltraPath of the latest version on the host. If the fault persists=>[Step2]. 
Step2 Collect related information and contact technical support engineers.

3472334    2019-07-10 10:20:26    0x100F0015001C    Event    Major    --    None    UltraPath push information from host (ID 7) is not received at the preset time point or fails to be processed.
Step1 Install UltraPath of the latest version on the host. If the fault persists=>[Step2]. 
Step2 Collect related information and contact technical support engineers.

3472333    2019-07-10 10:20:26    0x100F0015001C    Event    Major    --    None    UltraPath push information from host (ID 7) is not received at the preset time point or fails to be processed.
Step1 Install UltraPath of the latest version on the host. If the fault persists=>[Step2]. 
Step2 Collect related information and contact technical support engineers.

3472325    2019-07-10 10:20:06    0x100F0015001C    Event    Major    --    None    UltraPath push information from host (ID 7) is not received at the preset time point or fails to be processed.
Step1 Install UltraPath of the latest version on the host. If the fault persists=>[Step2]. 
Step2 Collect related information and contact technical support engineers.

3472324    2019-07-10 10:20:06    0x100F0015001C    Event    Major    --    None    UltraPath push information from host (ID 7) is not received at the preset time point or fails to be processed.
Step1 Install UltraPath of the latest version on the host. If the fault persists=>[Step2]. 
Step2 Collect related information and contact technical support engineers.

3472233    2019-07-10 10:16:27    0x100F02440006    Event    Informational    --    None    The link between initiator (type FC, identifier 0x100000109b10aa8e) of a host and the host port (Engine 0, expansion module B, port number H3) is linked up, time: 10:16:27, host: ID 7.
N/A.

3472232    2019-07-10 10:16:27    0x100F02440006    Event    Informational    --    None    The link between initiator (type FC, identifier 0x100000109b10aa8e) of a host and the host port (Engine 0, expansion module A, port number H1) is linked up, time: 10:16:27, host: ID 7.
N/A.

3472231    2019-07-10 10:16:27    0x100F02440006    Event    Informational    --    None    The link between initiator (type FC, identifier 0x100000109b10aa8e) of a host and the host port (Engine 0, expansion module B, port number H1) is linked up, time: 10:16:27, host: ID 7.
N/A.

3472230    2019-07-10 10:16:27    0x100F02440006    Event    Informational    --    None    The link between initiator (type FC, identifier 0x100000109b10aa8e) of a host and the host port (Engine 0, expansion module A, port number H3) is linked up, time: 10:16:27, host: ID 7.
N/A.

3472227    2019-07-10 10:16:24    0x100F02440006    Event    Informational    --    None    The link between initiator (type FC, identifier 0x100000109b10ad9c) of a host and the host port (Engine 0, expansion module B, port number H2) is linked up, time: 10:16:24, host: ID 7.
N/A.

3472226    2019-07-10 10:16:24    0x100F02440006    Event    Informational    --    None    The link between initiator (type FC, identifier 0x100000109b10ad9c) of a host and the host port (Engine 0, expansion module A, port number H0) is linked up, time: 10:16:24, host: ID 7.
N/A.

3472225    2019-07-10 10:16:24    0x100F02440006    Event    Informational    --    None    The link between initiator (type FC, identifier 0x100000109b10ad9c) of a host and the host port (Engine 0, expansion module B, port number H0) is linked up, time: 10:16:24, host: ID 7.
N/A.

3472224    2019-07-10 10:16:24    0x100F02440006    Event    Informational    --    None    The link between initiator (type FC, identifier 0x100000109b10ad9c) of a host and the host port (Engine 0, expansion module A, port number H2) is linked up, time: 10:16:24, host: ID 7.
N/A.

3472152    2019-07-10 10:13:25    0x100F0015001C    Event    Major    --    None    UltraPath push information from host (ID 6) is not received at the preset time point or fails to be processed.
Step1 Install UltraPath of the latest version on the host. If the fault persists=>[Step2]. 
Step2 Collect related information and contact technical support engineers.

3472151    2019-07-10 10:13:25    0x100F0015001C    Event    Major    --    None    UltraPath push information from host (ID 6) is not received at the preset time point or fails to be processed.
Step1 Install UltraPath of the latest version on the host. If the fault persists=>[Step2]. 
Step2 Collect related information and contact technical support engineers.

3472150    2019-07-10 10:13:25    0x100F0015001C    Event    Major    --    None    UltraPath push information from host (ID 6) is not received at the preset time point or fails to be processed.
Step1 Install UltraPath of the latest version on the host. If the fault persists=>[Step2]. 
Step2 Collect related information and contact technical support engineers.

3472149    2019-07-10 10:13:25    0x100F0015001C    Event    Major    --    None    UltraPath push information from host (ID 6) is not received at the preset time point or fails to be processed.
Step1 Install UltraPath of the latest version on the host. If the fault persists=>[Step2]. 
Step2 Collect related information and contact technical support engineers.

3472141    2019-07-10 10:13:06    0x100F0015001C    Event    Major    --    None    UltraPath push information from host (ID 6) is not received at the preset time point or fails to be processed.
Step1 Install UltraPath of the latest version on the host. If the fault persists=>[Step2]. 
Step2 Collect related information and contact technical support engineers.

3472140    2019-07-10 10:13:06    0x100F0015001C    Event    Major    --    None    UltraPath push information from host (ID 6) is not received at the preset time point or fails to be processed.
Step1 Install UltraPath of the latest version on the host. If the fault persists=>[Step2]. 
Step2 Collect related information and contact technical support engineers.

3472139    2019-07-10 10:13:06    0x100F0015001C    Event    Major    --    None    UltraPath push information from host (ID 6) is not received at the preset time point or fails to be processed.
Step1 Install UltraPath of the latest version on the host. If the fault persists=>[Step2]. 
Step2 Collect related information and contact technical support engineers.

3472138    2019-07-10 10:13:06    0x100F0015001C    Event    Major    --    None    UltraPath push information from host (ID 6) is not received at the preset time point or fails to be processed.
Step1 Install UltraPath of the latest version on the host. If the fault persists=>[Step2]. 
Step2 Collect related information and contact technical support engineers.

3472136    2019-07-10 10:13:05    0x100F02440004    Event    Informational    --    None    The link between initiator (type FC, identifier 0x100000109b10aa8e) of a host and the host port (Engine 0, expansion module A, port number H1) is disconnected, time: 10:13:5, host: ID 7.
N/A.

3472135    2019-07-10 10:13:05    0x100F02440004    Event    Informational    --    None    The link between initiator (type FC, identifier 0x100000109b10ad9c) of a host and the host port (Engine 0, expansion module A, port number H2) is disconnected, time: 10:13:5, host: ID 7.
N/A.

3472134    2019-07-10 10:13:05    0x100F02440004    Event    Informational    --    None    The link between initiator (type FC, identifier 0x100000109b10aa8e) of a host and the host port (Engine 0, expansion module B, port number H1) is disconnected, time: 10:13:5, host: ID 7.
N/A.

3472133    2019-07-10 10:13:05    0x100F02440004    Event    Informational    --    None    The link between initiator (type FC, identifier 0x100000109b10aa8e) of a host and the host port (Engine 0, expansion module A, port number H3) is disconnected, time: 10:13:5, host: ID 7.
N/A.

3472132    2019-07-10 10:13:05    0x100F02440004    Event    Informational    --    None    The link between initiator (type FC, identifier 0x100000109b10ad9c) of a host and the host port (Engine 0, expansion module B, port number H2) is disconnected, time: 10:13:5, host: ID 7.
N/A.

3472131    2019-07-10 10:13:05    0x100F02440004    Event    Informational    --    None    The link between initiator (type FC, identifier 0x100000109b10ad9c) of a host and the host port (Engine 0, expansion module A, port number H0) is disconnected, time: 10:13:5, host: ID 7.
N/A.

3472130    2019-07-10 10:13:05    0x100F02440004    Event    Informational    --    None    The link between initiator (type FC, identifier 0x100000109b10aa8e) of a host and the host port (Engine 0, expansion module B, port number H3) is disconnected, time: 10:13:5, host: ID 7.
N/A.

3472129    2019-07-10 10:13:05    0x100F02440004    Event    Informational    --    None    The link between initiator (type FC, identifier 0x100000109b10ad9c) of a host and the host port (Engine 0, expansion module B, port number H0) is disconnected, time: 10:13:5, host: ID 7.
N/A.

3471977    2019-07-10 10:06:50    0x100F02440006    Event    Informational    --    None    The link between initiator (type FC, identifier 0x100000109b2f648f) of a host and the host port (Engine 0, expansion module A, port number H3) is linked up, time: 10:6:50, host: ID 6.
N/A.

3471976    2019-07-10 10:06:50    0x100F02440006    Event    Informational    --    None    The link between initiator (type FC, identifier 0x100000109b2f648f) of a host and the host port (Engine 0, expansion module A, port number H1) is linked up, time: 10:6:50, host: ID 6.
N/A.

3471975    2019-07-10 10:06:50    0x100F02440006    Event    Informational    --    None    The link between initiator (type FC, identifier 0x100000109b2f648f) of a host and the host port (Engine 0, expansion module B, port number H3) is linked up, time: 10:6:50, host: ID 6.
N/A.

3471974    2019-07-10 10:06:49    0x100F02440006    Event    Informational    --    None    The link between initiator (type FC, identifier 0x100000109b2f648f) of a host and the host port (Engine 0, expansion module B, port number H1) is linked up, time: 10:6:49, host: ID 6.
N/A.

3471972    2019-07-10 10:06:46    0x100F02440006    Event    Informational    --    None    The link between initiator (type FC, identifier 0x100000109b2f6492) of a host and the host port (Engine 0, expansion module B, port number H2) is linked up, time: 10:6:46, host: ID 6.
N/A.

3471971    2019-07-10 10:06:46    0x100F02440006    Event    Informational    --    None    The link between initiator (type FC, identifier 0x100000109b2f6492) of a host and the host port (Engine 0, expansion module A, port number H0) is linked up, time: 10:6:46, host: ID 6.
N/A.

3471970    2019-07-10 10:06:46    0x100F02440006    Event    Informational    --    None    The link between initiator (type FC, identifier 0x100000109b2f6492) of a host and the host port (Engine 0, expansion module B, port number H0) is linked up, time: 10:6:46, host: ID 6.
N/A.

3471969    2019-07-10 10:06:46    0x100F02440006    Event    Informational    --    None    The link between initiator (type FC, identifier 0x100000109b2f6492) of a host and the host port (Engine 0, expansion module A, port number H2) is linked up, time: 10:6:46, host: ID 6.
N/A.

3471903    2019-07-10 10:04:03    0x100F02440004    Event    Informational    --    None    The link between initiator (type FC, identifier 0x100000109b2f6492) of a host and the host port (Engine 0, expansion module B, port number H0) is disconnected, time: 10:4:3, host: ID 6.
N/A.

3471902    2019-07-10 10:04:03    0x100F02440004    Event    Informational    --    None    The link between initiator (type FC, identifier 0x100000109b2f6492) of a host and the host port (Engine 0, expansion module B, port number H2) is disconnected, time: 10:4:3, host: ID 6.
N/A.

3471901    2019-07-10 10:04:03    0x100F02440004    Event    Informational    --    None    The link between initiator (type FC, identifier 0x100000109b2f6492) of a host and the host port (Engine 0, expansion module A, port number H0) is disconnected, time: 10:4:3, host: ID 6.
N/A.

3471900    2019-07-10 10:04:03    0x100F02440004    Event    Informational    --    None    The link between initiator (type FC, identifier 0x100000109b2f6492) of a host and the host port (Engine 0, expansion module A, port number H2) is disconnected, time: 10:4:3, host: ID 6.
N/A.

3471899    2019-07-10 10:04:03    0x100F02440004    Event    Informational    --    None    The link between initiator (type FC, identifier 0x100000109b2f648f) of a host and the host port (Engine 0, expansion module B, port number H1) is disconnected, time: 10:4:3, host: ID 6.
N/A.

3471898    2019-07-10 10:04:03    0x100F02440004    Event    Informational    --    None    The link between initiator (type FC, identifier 0x100000109b2f648f) of a host and the host port (Engine 0, expansion module A, port number H1) is disconnected, time: 10:4:3, host: ID 6.
N/A.

3471897    2019-07-10 10:04:03    0x100F02440004    Event    Informational    --    None    The link between initiator (type FC, identifier 0x100000109b2f648f) of a host and the host port (Engine 0, expansion module B, port number H3) is disconnected, time: 10:4:3, host: ID 6.
N/A.

3471896    2019-07-10 10:04:03    0x100F02440004    Event    Informational    --    None    The link between initiator (type FC, identifier 0x100000109b2f648f) of a host and the host port (Engine 0, expansion module A, port number H3) is disconnected, time: 10:4:3, host: ID 6.
N/A.

3471702    2019-07-10 09:55:53    0x100F0015001C    Event    Major    --    None    UltraPath push information from host (ID 6) is not received at the preset time point or fails to be processed.
Step1 Install UltraPath of the latest version on the host. If the fault persists=>[Step2]. 
Step2 Collect related information and contact technical support engineers.

3471701    2019-07-10 09:55:53    0x100F0015001C    Event    Major    --    None    UltraPath push information from host (ID 6) is not received at the preset time point or fails to be processed.
Step1 Install UltraPath of the latest version on the host. If the fault persists=>[Step2]. 
Step2 Collect related information and contact technical support engineers.

3471700    2019-07-10 09:55:53    0x100F0015001C    Event    Major    --    None    UltraPath push information from host (ID 6) is not received at the preset time point or fails to be processed.
Step1 Install UltraPath of the latest version on the host. If the fault persists=>[Step2]. 
Step2 Collect related information and contact technical support engineers.

3471699    2019-07-10 09:55:53    0x100F0015001C    Event    Major    --    None    UltraPath push information from host (ID 6) is not received at the preset time point or fails to be processed.
Step1 Install UltraPath of the latest version on the host. If the fault persists=>[Step2]. 
Step2 Collect related information and contact technical support engineers.

3471690    2019-07-10 09:55:33    0x100F0015001C    Event    Major    --    None    UltraPath push information from host (ID 6) is not received at the preset time point or fails to be processed.
Step1 Install UltraPath of the latest version on the host. If the fault persists=>[Step2]. 
Step2 Collect related information and contact technical support engineers.

3471689    2019-07-10 09:55:33    0x100F0015001C    Event    Major    --    None    UltraPath push information from host (ID 6) is not received at the preset time point or fails to be processed.
Step1 Install UltraPath of the latest version on the host. If the fault persists=>[Step2]. 
Step2 Collect related information and contact technical support engineers.

3471688    2019-07-10 09:55:33    0x100F0015001C    Event    Major    --    None    UltraPath push information from host (ID 6) is not received at the preset time point or fails to be processed.
Step1 Install UltraPath of the latest version on the host. If the fault persists=>[Step2]. 
Step2 Collect related information and contact technical support engineers.

3471687    2019-07-10 09:55:33    0x100F0015001C    Event    Major    --    None    UltraPath push information from host (ID 6) is not received at the preset time point or fails to be processed.
Step1 Install UltraPath of the latest version on the host. If the fault persists=>[Step2]. 
Step2 Collect related information and contact technical support engineers.

3471556    2019-07-10 09:50:14    0x100F02440006    Event    Informational    --    None    The link between initiator (type FC, identifier 0x100000109b2f648f) of a host and the host port (Engine 0, expansion module A, port number H3) is linked up, time: 9:50:14, host: ID 6.
N/A.

3471555    2019-07-10 09:50:14    0x100F02440006    Event    Informational    --    None    The link between initiator (type FC, identifier 0x100000109b2f648f) of a host and the host port (Engine 0, expansion module B, port number H3) is linked up, time: 9:50:14, host: ID 6.
N/A.

3471554    2019-07-10 09:50:14    0x100F02440006    Event    Informational    --    None    The link between initiator (type FC, identifier 0x100000109b2f648f) of a host and the host port (Engine 0, expansion module A, port number H1) is linked up, time: 9:50:14, host: ID 6.
N/A.

3471553    2019-07-10 09:50:14    0x100F02440006    Event    Informational    --    None    The link between initiator (type FC, identifier 0x100000109b2f648f) of a host and the host port (Engine 0, expansion module B, port number H1) is linked up, time: 9:50:14, host: ID 6.
N/A.

3471552    2019-07-10 09:50:10    0x100F02440006    Event    Informational    --    None    The link between initiator (type FC, identifier 0x100000109b2f6492) of a host and the host port (Engine 0, expansion module B, port number H2) is linked up, time: 9:50:10, host: ID 6.
N/A.

3471551    2019-07-10 09:50:10    0x100F02440006    Event    Informational    --    None    The link between initiator (type FC, identifier 0x100000109b2f6492) of a host and the host port (Engine 0, expansion module A, port number H0) is linked up, time: 9:50:10, host: ID 6.
N/A.

3471550    2019-07-10 09:50:10    0x100F02440006    Event    Informational    --    None    The link between initiator (type FC, identifier 0x100000109b2f6492) of a host and the host port (Engine 0, expansion module B, port number H0) is linked up, time: 9:50:10, host: ID 6.
N/A.

3471549    2019-07-10 09:50:10    0x100F02440006    Event    Informational    --    None    The link between initiator (type FC, identifier 0x100000109b2f6492) of a host and the host port (Engine 0, expansion module A, port number H2) is linked up, time: 9:50:10, host: ID 6.
N/A.

3471474    2019-07-10 09:47:09    0x100F02440004    Event    Informational    --    None    The link between initiator (type FC, identifier 0x100000109b2f6492) of a host and the host port (Engine 0, expansion module A, port number H0) is disconnected, time: 9:47:9, host: ID 6.
N/A.

3471473    2019-07-10 09:47:09    0x100F02440004    Event    Informational    --    None    The link between initiator (type FC, identifier 0x100000109b2f6492) of a host and the host port (Engine 0, expansion module B, port number H2) is disconnected, time: 9:47:9, host: ID 6.
N/A.

3471472    2019-07-10 09:47:09    0x100F02440004    Event    Informational    --    None    The link between initiator (type FC, identifier 0x100000109b2f6492) of a host and the host port (Engine 0, expansion module B, port number H0) is disconnected, time: 9:47:9, host: ID 6.
N/A.

3471471    2019-07-10 09:47:09    0x100F02440004    Event    Informational    --    None    The link between initiator (type FC, identifier 0x100000109b2f648f) of a host and the host port (Engine 0, expansion module B, port number H3) is disconnected, time: 9:47:9, host: ID 6.
N/A.

3471470    2019-07-10 09:47:09    0x100F02440004    Event    Informational    --    None    The link between initiator (type FC, identifier 0x100000109b2f6492) of a host and the host port (Engine 0, expansion module A, port number H2) is disconnected, time: 9:47:9, host: ID 6.
N/A.

3471469    2019-07-10 09:47:09    0x100F02440004    Event    Informational    --    None    The link between initiator (type FC, identifier 0x100000109b2f648f) of a host and the host port (Engine 0, expansion module A, port number H3) is disconnected, time: 9:47:9, host: ID 6.
N/A.

3471468    2019-07-10 09:47:09    0x100F02440004    Event    Informational    --    None    The link between initiator (type FC, identifier 0x100000109b2f648f) of a host and the host port (Engine 0, expansion module B, port number H1) is disconnected, time: 9:47:9, host: ID 6.
N/A.

3471467    2019-07-10 09:47:09    0x100F02440004    Event    Informational    --    None    The link between initiator (type FC, identifier 0x100000109b2f648f) of a host and the host port (Engine 0, expansion module A, port number H1) is disconnected, time: 9:47:9, host: ID 6.
N/A.

