72466348    2024-12-01 04:07:09    0x200F002A0019    Event    Informational    --    None    The logout of the user (user name mm_user) from the source (127.0.0.1) succeeded.
N/A

72466347    2024-12-01 04:07:09    0x200F002A0019    Event    Informational    --    None    The logout of the user (user name mm_user) from the source (127.0.0.1) succeeded.
N/A

72466196    2024-12-01 04:01:02    0x200F002A0015    Event    Informational    --    None    The login of the user (user name mm_user) from the source (127.0.0.1) succeeded.
N/A

72466195    2024-12-01 04:01:01    0x200F002A0015    Event    Informational    --    None    The login of the user (user name mm_user) from the source (127.0.0.1) succeeded.
N/A

72464621    2024-12-01 02:56:20    0x100F00310002    Event    Informational    --    None    Succeeded in deleting the key of application ISCSI_INI (application ID 7, key ID 23).
N/A

72464620    2024-12-01 02:56:19    0x100F00310002    Event    Informational    --    None    Succeeded in updating the key of application ISCSI_INI (application ID 7, key ID 24).
N/A

72464617    2024-12-01 02:56:14    0x100F00310002    Event    Informational    --    None    Succeeded in deleting the key of application ISCSI_TGT (application ID 6, key ID 23).
N/A

72464615    2024-12-01 02:56:13    0x100F00310002    Event    Informational    --    None    Succeeded in updating the key of application ISCSI_TGT (application ID 6, key ID 24).
N/A

72464612    2024-12-01 02:56:08    0x100F00310002    Event    Informational    --    None    Succeeded in updating the key of application PROTO_NDMP (application ID 4, key ID 24).
N/A

72464607    2024-12-01 02:56:02    0x100F00310002    Event    Informational    --    None    Succeeded in updating the key of application PROTO_LDAPS (application ID 3, key ID 24).
N/A

72464604    2024-12-01 02:55:56    0x100F00310002    Event    Informational    --    None    Succeeded in updating the key of application PROTO_AD (application ID 2, key ID 24).
N/A

72464601    2024-12-01 02:55:50    0x100F00310002    Event    Informational    --    None    Succeeded in updating the key of application PROTO_USER (application ID 1, key ID 24).
N/A

72464598    2024-12-01 02:55:44    0x100F00310002    Event    Informational    --    None    Succeeded in updating the key of application KMM (application ID 0, key ID 24).
N/A

