15873193    2020-06-30 11:27:44    0x100F0015001C    Event    Major    --    None    UltraPath push information from host (ID 12) is not received at the preset time point or fails to be processed.
Step1 Install UltraPath of the latest version on the host. If the fault persists=>[Step2]. 
Step2 Collect related information and contact technical support engineers.

15873192    2020-06-30 11:27:44    0x100F0015001C    Event    Major    --    None    UltraPath push information from host (ID 12) is not received at the preset time point or fails to be processed.
Step1 Install UltraPath of the latest version on the host. If the fault persists=>[Step2]. 
Step2 Collect related information and contact technical support engineers.

15873191    2020-06-30 11:27:44    0x100F0015001C    Event    Major    --    None    UltraPath push information from host (ID 12) is not received at the preset time point or fails to be processed.
Step1 Install UltraPath of the latest version on the host. If the fault persists=>[Step2]. 
Step2 Collect related information and contact technical support engineers.

15873190    2020-06-30 11:27:44    0x100F0015001C    Event    Major    --    None    UltraPath push information from host (ID 12) is not received at the preset time point or fails to be processed.
Step1 Install UltraPath of the latest version on the host. If the fault persists=>[Step2]. 
Step2 Collect related information and contact technical support engineers.

15873144    2020-06-30 11:25:52    0x100F0015001C    Event    Major    --    None    UltraPath push information from host (ID 12) is not received at the preset time point or fails to be processed.
Step1 Install UltraPath of the latest version on the host. If the fault persists=>[Step2]. 
Step2 Collect related information and contact technical support engineers.

15873143    2020-06-30 11:25:52    0x100F0015001C    Event    Major    --    None    UltraPath push information from host (ID 12) is not received at the preset time point or fails to be processed.
Step1 Install UltraPath of the latest version on the host. If the fault persists=>[Step2]. 
Step2 Collect related information and contact technical support engineers.

15873142    2020-06-30 11:25:52    0x100F0015001C    Event    Major    --    None    UltraPath push information from host (ID 12) is not received at the preset time point or fails to be processed.
Step1 Install UltraPath of the latest version on the host. If the fault persists=>[Step2]. 
Step2 Collect related information and contact technical support engineers.

15873141    2020-06-30 11:25:52    0x100F0015001C    Event    Major    --    None    UltraPath push information from host (ID 12) is not received at the preset time point or fails to be processed.
Step1 Install UltraPath of the latest version on the host. If the fault persists=>[Step2]. 
Step2 Collect related information and contact technical support engineers.

15873045    2020-06-30 11:21:59    0x100F02440006    Event    Informational    --    None    The link between initiator (type FC, identifier 0x21000024ff1da8ed) of a host and the host port (Engine 0, expansion module B, port number H2) is linked up, time: 11:21:59, host: ID 12.
N/A.

15873044    2020-06-30 11:21:59    0x100F02440006    Event    Informational    --    None    The link between initiator (type FC, identifier 0x21000024ff1da8ed) of a host and the host port (Engine 0, expansion module A, port number H0) is linked up, time: 11:21:59, host: ID 12.
N/A.

15873043    2020-06-30 11:21:59    0x100F02440006    Event    Informational    --    None    The link between initiator (type FC, identifier 0x21000024ff1da8ed) of a host and the host port (Engine 0, expansion module B, port number H0) is linked up, time: 11:21:59, host: ID 12.
N/A.

15873042    2020-06-30 11:21:59    0x100F02440006    Event    Informational    --    None    The link between initiator (type FC, identifier 0x21000024ff1da8ed) of a host and the host port (Engine 0, expansion module A, port number H2) is linked up, time: 11:21:59, host: ID 12.
N/A.

15873041    2020-06-30 11:21:57    0x100F02440006    Event    Informational    --    None    The link between initiator (type FC, identifier 0x21000024ff1da97b) of a host and the host port (Engine 0, expansion module A, port number H3) is linked up, time: 11:21:57, host: ID 12.
N/A.

15873040    2020-06-30 11:21:57    0x100F02440006    Event    Informational    --    None    The link between initiator (type FC, identifier 0x21000024ff1da97b) of a host and the host port (Engine 0, expansion module B, port number H1) is linked up, time: 11:21:57, host: ID 12.
N/A.

15873039    2020-06-30 11:21:57    0x100F02440006    Event    Informational    --    None    The link between initiator (type FC, identifier 0x21000024ff1da97b) of a host and the host port (Engine 0, expansion module A, port number H1) is linked up, time: 11:21:57, host: ID 12.
N/A.

15873038    2020-06-30 11:21:57    0x100F02440006    Event    Informational    --    None    The link between initiator (type FC, identifier 0x21000024ff1da97b) of a host and the host port (Engine 0, expansion module B, port number H3) is linked up, time: 11:21:57, host: ID 12.
N/A.

15872858    2020-06-30 11:14:36    0x100F02440004    Event    Informational    --    None    The link between initiator (type FC, identifier 0x21000024ff1da97b) of a host and the host port (Engine 0, expansion module A, port number H3) is disconnected, time: 11:14:36, host: ID 12.
N/A.

15872857    2020-06-30 11:14:36    0x100F02440004    Event    Informational    --    None    The link between initiator (type FC, identifier 0x21000024ff1da97b) of a host and the host port (Engine 0, expansion module B, port number H1) is disconnected, time: 11:14:36, host: ID 12.
N/A.

15872856    2020-06-30 11:14:36    0x100F02440004    Event    Informational    --    None    The link between initiator (type FC, identifier 0x21000024ff1da8ed) of a host and the host port (Engine 0, expansion module A, port number H2) is disconnected, time: 11:14:36, host: ID 12.
N/A.

15872855    2020-06-30 11:14:36    0x100F02440004    Event    Informational    --    None    The link between initiator (type FC, identifier 0x21000024ff1da97b) of a host and the host port (Engine 0, expansion module A, port number H1) is disconnected, time: 11:14:36, host: ID 12.
N/A.

15872854    2020-06-30 11:14:36    0x100F02440004    Event    Informational    --    None    The link between initiator (type FC, identifier 0x21000024ff1da8ed) of a host and the host port (Engine 0, expansion module B, port number H0) is disconnected, time: 11:14:36, host: ID 12.
N/A.

15872853    2020-06-30 11:14:36    0x100F02440004    Event    Informational    --    None    The link between initiator (type FC, identifier 0x21000024ff1da97b) of a host and the host port (Engine 0, expansion module B, port number H3) is disconnected, time: 11:14:36, host: ID 12.
N/A.

15872852    2020-06-30 11:14:36    0x100F02440004    Event    Informational    --    None    The link between initiator (type FC, identifier 0x21000024ff1da8ed) of a host and the host port (Engine 0, expansion module B, port number H2) is disconnected, time: 11:14:36, host: ID 12.
N/A.

15872851    2020-06-30 11:14:36    0x100F02440004    Event    Informational    --    None    The link between initiator (type FC, identifier 0x21000024ff1da8ed) of a host and the host port (Engine 0, expansion module A, port number H0) is disconnected, time: 11:14:36, host: ID 12.
N/A.

15872844    2020-06-30 11:14:21    0x100F0108005B    Event    Informational    --    None    The management network port (Controller Enclosure CTE0, controller B, port number MGMT) has been connected.
N/A

15872486    2020-06-30 10:59:40    0x100F0015001C    Event    Major    --    None    UltraPath push information from host (ID 12) is not received at the preset time point or fails to be processed.
Step1 Install UltraPath of the latest version on the host. If the fault persists=>[Step2]. 
Step2 Collect related information and contact technical support engineers.

15872485    2020-06-30 10:59:40    0x100F0015001C    Event    Major    --    None    UltraPath push information from host (ID 12) is not received at the preset time point or fails to be processed.
Step1 Install UltraPath of the latest version on the host. If the fault persists=>[Step2]. 
Step2 Collect related information and contact technical support engineers.

15872484    2020-06-30 10:59:40    0x100F0015001C    Event    Major    --    None    UltraPath push information from host (ID 12) is not received at the preset time point or fails to be processed.
Step1 Install UltraPath of the latest version on the host. If the fault persists=>[Step2]. 
Step2 Collect related information and contact technical support engineers.

15872483    2020-06-30 10:59:40    0x100F0015001C    Event    Major    --    None    UltraPath push information from host (ID 12) is not received at the preset time point or fails to be processed.
Step1 Install UltraPath of the latest version on the host. If the fault persists=>[Step2]. 
Step2 Collect related information and contact technical support engineers.

15872436    2020-06-30 10:57:48    0x100F0015001C    Event    Major    --    None    UltraPath push information from host (ID 12) is not received at the preset time point or fails to be processed.
Step1 Install UltraPath of the latest version on the host. If the fault persists=>[Step2]. 
Step2 Collect related information and contact technical support engineers.

15872435    2020-06-30 10:57:48    0x100F0015001C    Event    Major    --    None    UltraPath push information from host (ID 12) is not received at the preset time point or fails to be processed.
Step1 Install UltraPath of the latest version on the host. If the fault persists=>[Step2]. 
Step2 Collect related information and contact technical support engineers.

15872434    2020-06-30 10:57:48    0x100F0015001C    Event    Major    --    None    UltraPath push information from host (ID 12) is not received at the preset time point or fails to be processed.
Step1 Install UltraPath of the latest version on the host. If the fault persists=>[Step2]. 
Step2 Collect related information and contact technical support engineers.

15872433    2020-06-30 10:57:48    0x100F0015001C    Event    Major    --    None    UltraPath push information from host (ID 12) is not received at the preset time point or fails to be processed.
Step1 Install UltraPath of the latest version on the host. If the fault persists=>[Step2]. 
Step2 Collect related information and contact technical support engineers.

15872315    2020-06-30 10:52:57    0x100F02440006    Event    Informational    --    None    The link between initiator (type FC, identifier 0x21000024ff1da8ed) of a host and the host port (Engine 0, expansion module B, port number H2) is linked up, time: 10:52:57, host: ID 12.
N/A.

15872314    2020-06-30 10:52:57    0x100F02440006    Event    Informational    --    None    The link between initiator (type FC, identifier 0x21000024ff1da8ed) of a host and the host port (Engine 0, expansion module A, port number H0) is linked up, time: 10:52:57, host: ID 12.
N/A.

15872313    2020-06-30 10:52:57    0x100F02440006    Event    Informational    --    None    The link between initiator (type FC, identifier 0x21000024ff1da8ed) of a host and the host port (Engine 0, expansion module A, port number H2) is linked up, time: 10:52:57, host: ID 12.
N/A.

15872312    2020-06-30 10:52:57    0x100F02440006    Event    Informational    --    None    The link between initiator (type FC, identifier 0x21000024ff1da8ed) of a host and the host port (Engine 0, expansion module B, port number H0) is linked up, time: 10:52:57, host: ID 12.
N/A.

15872310    2020-06-30 10:52:55    0x100F02440006    Event    Informational    --    None    The link between initiator (type FC, identifier 0x21000024ff1da97b) of a host and the host port (Engine 0, expansion module A, port number H3) is linked up, time: 10:52:55, host: ID 12.
N/A.

15872309    2020-06-30 10:52:55    0x100F02440006    Event    Informational    --    None    The link between initiator (type FC, identifier 0x21000024ff1da97b) of a host and the host port (Engine 0, expansion module B, port number H1) is linked up, time: 10:52:55, host: ID 12.
N/A.

15872308    2020-06-30 10:52:55    0x100F02440006    Event    Informational    --    None    The link between initiator (type FC, identifier 0x21000024ff1da97b) of a host and the host port (Engine 0, expansion module A, port number H1) is linked up, time: 10:52:55, host: ID 12.
N/A.

15872307    2020-06-30 10:52:55    0x100F02440006    Event    Informational    --    None    The link between initiator (type FC, identifier 0x21000024ff1da97b) of a host and the host port (Engine 0, expansion module B, port number H3) is linked up, time: 10:52:55, host: ID 12.
N/A.

15872126    2020-06-30 10:45:34    0x100F02440004    Event    Informational    --    None    The link between initiator (type FC, identifier 0x21000024ff1da8ed) of a host and the host port (Engine 0, expansion module B, port number H2) is disconnected, time: 10:45:34, host: ID 12.
N/A.

15872125    2020-06-30 10:45:34    0x100F02440004    Event    Informational    --    None    The link between initiator (type FC, identifier 0x21000024ff1da8ed) of a host and the host port (Engine 0, expansion module A, port number H2) is disconnected, time: 10:45:34, host: ID 12.
N/A.

15872124    2020-06-30 10:45:34    0x100F02440004    Event    Informational    --    None    The link between initiator (type FC, identifier 0x21000024ff1da97b) of a host and the host port (Engine 0, expansion module A, port number H3) is disconnected, time: 10:45:34, host: ID 12.
N/A.

15872123    2020-06-30 10:45:34    0x100F02440004    Event    Informational    --    None    The link between initiator (type FC, identifier 0x21000024ff1da8ed) of a host and the host port (Engine 0, expansion module B, port number H0) is disconnected, time: 10:45:34, host: ID 12.
N/A.

15872122    2020-06-30 10:45:34    0x100F02440004    Event    Informational    --    None    The link between initiator (type FC, identifier 0x21000024ff1da8ed) of a host and the host port (Engine 0, expansion module A, port number H0) is disconnected, time: 10:45:34, host: ID 12.
N/A.

15872121    2020-06-30 10:45:34    0x100F02440004    Event    Informational    --    None    The link between initiator (type FC, identifier 0x21000024ff1da97b) of a host and the host port (Engine 0, expansion module B, port number H3) is disconnected, time: 10:45:34, host: ID 12.
N/A.

15872120    2020-06-30 10:45:34    0x100F02440004    Event    Informational    --    None    The link between initiator (type FC, identifier 0x21000024ff1da97b) of a host and the host port (Engine 0, expansion module B, port number H1) is disconnected, time: 10:45:34, host: ID 12.
N/A.

15872119    2020-06-30 10:45:34    0x100F02440004    Event    Informational    --    None    The link between initiator (type FC, identifier 0x21000024ff1da97b) of a host and the host port (Engine 0, expansion module A, port number H1) is disconnected, time: 10:45:34, host: ID 12.
N/A.

15872078    2020-06-30 10:43:47    0x100F0015001C    Event    Major    --    None    UltraPath push information from host (ID 12) is not received at the preset time point or fails to be processed.
Step1 Install UltraPath of the latest version on the host. If the fault persists=>[Step2]. 
Step2 Collect related information and contact technical support engineers.

15872077    2020-06-30 10:43:47    0x100F0015001C    Event    Major    --    None    UltraPath push information from host (ID 12) is not received at the preset time point or fails to be processed.
Step1 Install UltraPath of the latest version on the host. If the fault persists=>[Step2]. 
Step2 Collect related information and contact technical support engineers.

15872076    2020-06-30 10:43:47    0x100F0015001C    Event    Major    --    None    UltraPath push information from host (ID 12) is not received at the preset time point or fails to be processed.
Step1 Install UltraPath of the latest version on the host. If the fault persists=>[Step2]. 
Step2 Collect related information and contact technical support engineers.

15872075    2020-06-30 10:43:47    0x100F0015001C    Event    Major    --    None    UltraPath push information from host (ID 12) is not received at the preset time point or fails to be processed.
Step1 Install UltraPath of the latest version on the host. If the fault persists=>[Step2]. 
Step2 Collect related information and contact technical support engineers.

15872034    2020-06-30 10:42:08    0x100F0015001C    Event    Major    --    None    UltraPath push information from host (ID 12) is not received at the preset time point or fails to be processed.
Step1 Install UltraPath of the latest version on the host. If the fault persists=>[Step2]. 
Step2 Collect related information and contact technical support engineers.

15872033    2020-06-30 10:42:08    0x100F0015001C    Event    Major    --    None    UltraPath push information from host (ID 12) is not received at the preset time point or fails to be processed.
Step1 Install UltraPath of the latest version on the host. If the fault persists=>[Step2]. 
Step2 Collect related information and contact technical support engineers.

15872032    2020-06-30 10:42:08    0x100F0015001C    Event    Major    --    None    UltraPath push information from host (ID 12) is not received at the preset time point or fails to be processed.
Step1 Install UltraPath of the latest version on the host. If the fault persists=>[Step2]. 
Step2 Collect related information and contact technical support engineers.

15872031    2020-06-30 10:42:08    0x100F0015001C    Event    Major    --    None    UltraPath push information from host (ID 12) is not received at the preset time point or fails to be processed.
Step1 Install UltraPath of the latest version on the host. If the fault persists=>[Step2]. 
Step2 Collect related information and contact technical support engineers.

15871910    2020-06-30 10:37:11    0x100F02440006    Event    Informational    --    None    The link between initiator (type FC, identifier 0x21000024ff1da8ed) of a host and the host port (Engine 0, expansion module B, port number H2) is linked up, time: 10:37:11, host: ID 12.
N/A.

15871909    2020-06-30 10:37:11    0x100F02440006    Event    Informational    --    None    The link between initiator (type FC, identifier 0x21000024ff1da8ed) of a host and the host port (Engine 0, expansion module A, port number H0) is linked up, time: 10:37:11, host: ID 12.
N/A.

15871908    2020-06-30 10:37:11    0x100F02440006    Event    Informational    --    None    The link between initiator (type FC, identifier 0x21000024ff1da8ed) of a host and the host port (Engine 0, expansion module A, port number H2) is linked up, time: 10:37:11, host: ID 12.
N/A.

15871907    2020-06-30 10:37:11    0x100F02440006    Event    Informational    --    None    The link between initiator (type FC, identifier 0x21000024ff1da8ed) of a host and the host port (Engine 0, expansion module B, port number H0) is linked up, time: 10:37:11, host: ID 12.
N/A.

15871905    2020-06-30 10:37:09    0x100F02440006    Event    Informational    --    None    The link between initiator (type FC, identifier 0x21000024ff1da97b) of a host and the host port (Engine 0, expansion module A, port number H3) is linked up, time: 10:37:9, host: ID 12.
N/A.

15871904    2020-06-30 10:37:09    0x100F02440006    Event    Informational    --    None    The link between initiator (type FC, identifier 0x21000024ff1da97b) of a host and the host port (Engine 0, expansion module B, port number H1) is linked up, time: 10:37:9, host: ID 12.
N/A.

15871903    2020-06-30 10:37:09    0x100F02440006    Event    Informational    --    None    The link between initiator (type FC, identifier 0x21000024ff1da97b) of a host and the host port (Engine 0, expansion module A, port number H1) is linked up, time: 10:37:9, host: ID 12.
N/A.

15871902    2020-06-30 10:37:09    0x100F02440006    Event    Informational    --    None    The link between initiator (type FC, identifier 0x21000024ff1da97b) of a host and the host port (Engine 0, expansion module B, port number H3) is linked up, time: 10:37:9, host: ID 12.
N/A.

15871724    2020-06-30 10:29:49    0x100F02440004    Event    Informational    --    None    The link between initiator (type FC, identifier 0x21000024ff1da8ed) of a host and the host port (Engine 0, expansion module A, port number H0) is disconnected, time: 10:29:49, host: ID 12.
N/A.

15871723    2020-06-30 10:29:49    0x100F02440004    Event    Informational    --    None    The link between initiator (type FC, identifier 0x21000024ff1da8ed) of a host and the host port (Engine 0, expansion module A, port number H2) is disconnected, time: 10:29:49, host: ID 12.
N/A.

15871722    2020-06-30 10:29:49    0x100F02440004    Event    Informational    --    None    The link between initiator (type FC, identifier 0x21000024ff1da97b) of a host and the host port (Engine 0, expansion module A, port number H1) is disconnected, time: 10:29:49, host: ID 12.
N/A.

15871721    2020-06-30 10:29:49    0x100F02440004    Event    Informational    --    None    The link between initiator (type FC, identifier 0x21000024ff1da8ed) of a host and the host port (Engine 0, expansion module B, port number H0) is disconnected, time: 10:29:49, host: ID 12.
N/A.

15871720    2020-06-30 10:29:49    0x100F02440004    Event    Informational    --    None    The link between initiator (type FC, identifier 0x21000024ff1da8ed) of a host and the host port (Engine 0, expansion module B, port number H2) is disconnected, time: 10:29:49, host: ID 12.
N/A.

15871719    2020-06-30 10:29:49    0x100F02440004    Event    Informational    --    None    The link between initiator (type FC, identifier 0x21000024ff1da97b) of a host and the host port (Engine 0, expansion module B, port number H3) is disconnected, time: 10:29:49, host: ID 12.
N/A.

15871718    2020-06-30 10:29:49    0x100F02440004    Event    Informational    --    None    The link between initiator (type FC, identifier 0x21000024ff1da97b) of a host and the host port (Engine 0, expansion module A, port number H3) is disconnected, time: 10:29:49, host: ID 12.
N/A.

15871717    2020-06-30 10:29:48    0x100F02440004    Event    Informational    --    None    The link between initiator (type FC, identifier 0x21000024ff1da97b) of a host and the host port (Engine 0, expansion module B, port number H1) is disconnected, time: 10:29:48, host: ID 12.
N/A.

15871544    2020-06-30 10:22:44    0x100F0015001C    Event    Major    --    None    UltraPath push information from host (ID 12) is not received at the preset time point or fails to be processed.
Step1 Install UltraPath of the latest version on the host. If the fault persists=>[Step2]. 
Step2 Collect related information and contact technical support engineers.

15871543    2020-06-30 10:22:44    0x100F0015001C    Event    Major    --    None    UltraPath push information from host (ID 12) is not received at the preset time point or fails to be processed.
Step1 Install UltraPath of the latest version on the host. If the fault persists=>[Step2]. 
Step2 Collect related information and contact technical support engineers.

15871542    2020-06-30 10:22:44    0x100F0015001C    Event    Major    --    None    UltraPath push information from host (ID 12) is not received at the preset time point or fails to be processed.
Step1 Install UltraPath of the latest version on the host. If the fault persists=>[Step2]. 
Step2 Collect related information and contact technical support engineers.

15871541    2020-06-30 10:22:44    0x100F0015001C    Event    Major    --    None    UltraPath push information from host (ID 12) is not received at the preset time point or fails to be processed.
Step1 Install UltraPath of the latest version on the host. If the fault persists=>[Step2]. 
Step2 Collect related information and contact technical support engineers.

15871500    2020-06-30 10:21:05    0x100F0015001C    Event    Major    --    None    UltraPath push information from host (ID 12) is not received at the preset time point or fails to be processed.
Step1 Install UltraPath of the latest version on the host. If the fault persists=>[Step2]. 
Step2 Collect related information and contact technical support engineers.

15871499    2020-06-30 10:21:05    0x100F0015001C    Event    Major    --    None    UltraPath push information from host (ID 12) is not received at the preset time point or fails to be processed.
Step1 Install UltraPath of the latest version on the host. If the fault persists=>[Step2]. 
Step2 Collect related information and contact technical support engineers.

15871498    2020-06-30 10:21:05    0x100F0015001C    Event    Major    --    None    UltraPath push information from host (ID 12) is not received at the preset time point or fails to be processed.
Step1 Install UltraPath of the latest version on the host. If the fault persists=>[Step2]. 
Step2 Collect related information and contact technical support engineers.

15871497    2020-06-30 10:21:05    0x100F0015001C    Event    Major    --    None    UltraPath push information from host (ID 12) is not received at the preset time point or fails to be processed.
Step1 Install UltraPath of the latest version on the host. If the fault persists=>[Step2]. 
Step2 Collect related information and contact technical support engineers.

15871382    2020-06-30 10:16:26    0x100F02440006    Event    Informational    --    None    The link between initiator (type FC, identifier 0x21000024ff1da8ed) of a host and the host port (Engine 0, expansion module B, port number H2) is linked up, time: 10:16:26, host: ID 12.
N/A.

15871381    2020-06-30 10:16:26    0x100F02440006    Event    Informational    --    None    The link between initiator (type FC, identifier 0x21000024ff1da8ed) of a host and the host port (Engine 0, expansion module B, port number H0) is linked up, time: 10:16:26, host: ID 12.
N/A.

15871380    2020-06-30 10:16:26    0x100F02440006    Event    Informational    --    None    The link between initiator (type FC, identifier 0x21000024ff1da8ed) of a host and the host port (Engine 0, expansion module A, port number H0) is linked up, time: 10:16:26, host: ID 12.
N/A.

15871379    2020-06-30 10:16:26    0x100F02440006    Event    Informational    --    None    The link between initiator (type FC, identifier 0x21000024ff1da8ed) of a host and the host port (Engine 0, expansion module A, port number H2) is linked up, time: 10:16:26, host: ID 12.
N/A.

15871377    2020-06-30 10:16:24    0x100F02440006    Event    Informational    --    None    The link between initiator (type FC, identifier 0x21000024ff1da97b) of a host and the host port (Engine 0, expansion module A, port number H3) is linked up, time: 10:16:24, host: ID 12.
N/A.

15871376    2020-06-30 10:16:24    0x100F02440006    Event    Informational    --    None    The link between initiator (type FC, identifier 0x21000024ff1da97b) of a host and the host port (Engine 0, expansion module B, port number H3) is linked up, time: 10:16:24, host: ID 12.
N/A.

15871375    2020-06-30 10:16:24    0x100F02440006    Event    Informational    --    None    The link between initiator (type FC, identifier 0x21000024ff1da97b) of a host and the host port (Engine 0, expansion module B, port number H1) is linked up, time: 10:16:24, host: ID 12.
N/A.

15871374    2020-06-30 10:16:24    0x100F02440006    Event    Informational    --    None    The link between initiator (type FC, identifier 0x21000024ff1da97b) of a host and the host port (Engine 0, expansion module A, port number H1) is linked up, time: 10:16:24, host: ID 12.
N/A.

15871196    2020-06-30 10:09:03    0x100F02440004    Event    Informational    --    None    The link between initiator (type FC, identifier 0x21000024ff1da8ed) of a host and the host port (Engine 0, expansion module A, port number H2) is disconnected, time: 10:9:3, host: ID 12.
N/A.

15871195    2020-06-30 10:09:03    0x100F02440004    Event    Informational    --    None    The link between initiator (type FC, identifier 0x21000024ff1da97b) of a host and the host port (Engine 0, expansion module A, port number H1) is disconnected, time: 10:9:3, host: ID 12.
N/A.

15871194    2020-06-30 10:09:03    0x100F02440004    Event    Informational    --    None    The link between initiator (type FC, identifier 0x21000024ff1da8ed) of a host and the host port (Engine 0, expansion module B, port number H2) is disconnected, time: 10:9:3, host: ID 12.
N/A.

15871193    2020-06-30 10:09:03    0x100F02440004    Event    Informational    --    None    The link between initiator (type FC, identifier 0x21000024ff1da8ed) of a host and the host port (Engine 0, expansion module B, port number H0) is disconnected, time: 10:9:3, host: ID 12.
N/A.

15871192    2020-06-30 10:09:03    0x100F02440004    Event    Informational    --    None    The link between initiator (type FC, identifier 0x21000024ff1da97b) of a host and the host port (Engine 0, expansion module B, port number H3) is disconnected, time: 10:9:3, host: ID 12.
N/A.

15871191    2020-06-30 10:09:03    0x100F02440004    Event    Informational    --    None    The link between initiator (type FC, identifier 0x21000024ff1da97b) of a host and the host port (Engine 0, expansion module B, port number H1) is disconnected, time: 10:9:3, host: ID 12.
N/A.

15871190    2020-06-30 10:09:03    0x100F02440004    Event    Informational    --    None    The link between initiator (type FC, identifier 0x21000024ff1da97b) of a host and the host port (Engine 0, expansion module A, port number H3) is disconnected, time: 10:9:3, host: ID 12.
N/A.

15871189    2020-06-30 10:09:03    0x100F02440004    Event    Informational    --    None    The link between initiator (type FC, identifier 0x21000024ff1da8ed) of a host and the host port (Engine 0, expansion module A, port number H0) is disconnected, time: 10:9:3, host: ID 12.
N/A.

