19680812    2020-10-17 04:07:09    0x200F002A0019    Event    Informational    --    None    The logout of the user (user name mm_user) from the source (127.0.0.1) succeeded.
N/A

19680811    2020-10-17 04:07:09    0x200F002A0019    Event    Informational    --    None    The logout of the user (user name mm_user) from the source (127.0.0.1) succeeded.
N/A

19680659    2020-10-17 04:01:02    0x200F002A0015    Event    Informational    --    None    The login of the user (user name mm_user) from the source (127.0.0.1) succeeded.
N/A

19680658    2020-10-17 04:01:01    0x200F002A0015    Event    Informational    --    None    The login of the user (user name mm_user) from the source (127.0.0.1) succeeded.
N/A

19678578    2020-10-17 02:35:25    0xF000A0015    Fault    Major    Recovered    2020-10-28 11:55:59    The system failed to monitor disk (disk enclosure DAE050, slot ID 6). Error code:0x40400293.
Step1 Check whether alarms are generated indicating disk faults.
    1.1 If yes, replace the faulty disks. If alarm The System Failed to Monitor a Disk persists=>[Step2].
    1.2 If no=>[Step2].
Step2 Collect related information and contact technical support engineers.

19678577    2020-10-17 02:35:25    0x200F000A005B    Fault    Major    Recovered    2020-10-28 11:55:59    Disk (Disk Enclosure DAE050, controller 0B, slot 6, serial number --) is isolated.
Step1 Check whether an alarm is generated indicating disk faults.
  1.1 If yes, replace the isolated disk. If the alarm persists=>[Step2].
  1.2 If no=>[Step2].
Step2 Collect related information and contact technical support engineers.

19678568    2020-10-17 02:35:06    0x200F000A005B    Fault    Major    Recovered    2020-10-28 11:55:59    Disk (Disk Enclosure DAE050, controller 0A, slot 6, serial number --) is isolated.
Step1 Check whether an alarm is generated indicating disk faults.
  1.1 If yes, replace the isolated disk. If the alarm persists=>[Step2].
  1.2 If no=>[Step2].
Step2 Collect related information and contact technical support engineers.

19678567    2020-10-17 02:35:03    0x100F00A0010    Event    Informational    --    None    Disk (disk enclosure DAE050, slot ID 6, serial number WBM0ZYY10000K92814SP) is removed. The storage pool where the disk resides may be degraded, decreasing the system read/write performance.
Reinsert the disk.

19678545    2020-10-17 02:34:14    0x1000010A000D    Event    Informational    --    None    The precopy of the disk (disk enclosure DAE050, slot ID 6, type SAS) in the disk domain (ID 7, name SAS) completed.
N/A

19678182    2020-10-17 02:19:19    0x1000010A000C    Event    Informational    --    None    The precopy of the disk (disk enclosure DAE050, slot ID 6, type SAS) in the disk domain (ID 7, name SAS) started. Do not remove other member disks in the disk domain.
N/A

19678181    2020-10-17 02:19:19    0xF000A011E    Fault    Major    Recovered    2020-10-28 11:55:59    Disk (Disk Enclosure DAE050, slot 6, serial number WBM0ZYY10000K92814SP, item 02351SGF, BarCode 2102351SGF9WK3800304) is about to fail. Error code:0x40000a4e.
Step1 Check whether it is a member disk.
    1.1 If yes, pre-copy the disk, and replace the disk after a message is displayed indicating that the precopy succeeds. If the alarm persists=>[Step2].
    1.2 If no, replace the disk. If the alarm persists=>[Step2].
Step2 Collect related information and contact technical support engineers.

