24434625    2021-03-01 19:23:19    0x100F0015001C    Event    Major    --    None    UltraPath push information from host (ID 10) is not received at the preset time point or fails to be processed.
Step1 Install UltraPath of the latest version on the host. If the fault persists=>[Step2]. 
Step2 Collect related information and contact technical support engineers.

24434624    2021-03-01 19:23:19    0x100F0015001C    Event    Major    --    None    UltraPath push information from host (ID 10) is not received at the preset time point or fails to be processed.
Step1 Install UltraPath of the latest version on the host. If the fault persists=>[Step2]. 
Step2 Collect related information and contact technical support engineers.

24434623    2021-03-01 19:23:19    0x100F0015001C    Event    Major    --    None    UltraPath push information from host (ID 10) is not received at the preset time point or fails to be processed.
Step1 Install UltraPath of the latest version on the host. If the fault persists=>[Step2]. 
Step2 Collect related information and contact technical support engineers.

24434622    2021-03-01 19:23:19    0x100F0015001C    Event    Major    --    None    UltraPath push information from host (ID 10) is not received at the preset time point or fails to be processed.
Step1 Install UltraPath of the latest version on the host. If the fault persists=>[Step2]. 
Step2 Collect related information and contact technical support engineers.

24434546    2021-03-01 19:20:14    0x100F0015001C    Event    Major    --    None    UltraPath push information from host (ID 10) is not received at the preset time point or fails to be processed.
Step1 Install UltraPath of the latest version on the host. If the fault persists=>[Step2]. 
Step2 Collect related information and contact technical support engineers.

24434545    2021-03-01 19:20:14    0x100F0015001C    Event    Major    --    None    UltraPath push information from host (ID 10) is not received at the preset time point or fails to be processed.
Step1 Install UltraPath of the latest version on the host. If the fault persists=>[Step2]. 
Step2 Collect related information and contact technical support engineers.

24434544    2021-03-01 19:20:14    0x100F0015001C    Event    Major    --    None    UltraPath push information from host (ID 10) is not received at the preset time point or fails to be processed.
Step1 Install UltraPath of the latest version on the host. If the fault persists=>[Step2]. 
Step2 Collect related information and contact technical support engineers.

24434543    2021-03-01 19:20:14    0x100F0015001C    Event    Major    --    None    UltraPath push information from host (ID 10) is not received at the preset time point or fails to be processed.
Step1 Install UltraPath of the latest version on the host. If the fault persists=>[Step2]. 
Step2 Collect related information and contact technical support engineers.

24434449    2021-03-01 19:16:26    0x100F02440006    Event    Informational    --    None    The link between initiator (type FC, identifier 0x100000109b2f6529) of a host and the host port (Engine 0, expansion module B, port number H1) is linked up, time: 19:16:26, host: ID 10.
N/A.

24434448    2021-03-01 19:16:26    0x100F02440006    Event    Informational    --    None    The link between initiator (type FC, identifier 0x100000109b2f6529) of a host and the host port (Engine 0, expansion module A, port number H3) is linked up, time: 19:16:26, host: ID 10.
N/A.

24434447    2021-03-01 19:16:26    0x100F02440006    Event    Informational    --    None    The link between initiator (type FC, identifier 0x100000109b2f6529) of a host and the host port (Engine 0, expansion module B, port number H3) is linked up, time: 19:16:26, host: ID 10.
N/A.

24434446    2021-03-01 19:16:26    0x100F02440006    Event    Informational    --    None    The link between initiator (type FC, identifier 0x100000109b2f6529) of a host and the host port (Engine 0, expansion module A, port number H1) is linked up, time: 19:16:26, host: ID 10.
N/A.

24434443    2021-03-01 19:16:23    0x100F02440006    Event    Informational    --    None    The link between initiator (type FC, identifier 0x100000109b2f63a2) of a host and the host port (Engine 0, expansion module B, port number H2) is linked up, time: 19:16:23, host: ID 10.
N/A.

24434442    2021-03-01 19:16:23    0x100F02440006    Event    Informational    --    None    The link between initiator (type FC, identifier 0x100000109b2f63a2) of a host and the host port (Engine 0, expansion module B, port number H0) is linked up, time: 19:16:23, host: ID 10.
N/A.

24434441    2021-03-01 19:16:23    0x100F02440006    Event    Informational    --    None    The link between initiator (type FC, identifier 0x100000109b2f63a2) of a host and the host port (Engine 0, expansion module A, port number H2) is linked up, time: 19:16:23, host: ID 10.
N/A.

24434440    2021-03-01 19:16:23    0x100F02440006    Event    Informational    --    None    The link between initiator (type FC, identifier 0x100000109b2f63a2) of a host and the host port (Engine 0, expansion module A, port number H0) is linked up, time: 19:16:23, host: ID 10.
N/A.

24434374    2021-03-01 19:13:42    0x100F02440004    Event    Informational    --    None    The link between initiator (type FC, identifier 0x100000109b2f6529) of a host and the host port (Engine 0, expansion module A, port number H3) is disconnected, time: 19:13:42, host: ID 10.
N/A.

24434373    2021-03-01 19:13:42    0x100F02440004    Event    Informational    --    None    The link between initiator (type FC, identifier 0x100000109b2f63a2) of a host and the host port (Engine 0, expansion module B, port number H0) is disconnected, time: 19:13:42, host: ID 10.
N/A.

24434372    2021-03-01 19:13:42    0x100F02440004    Event    Informational    --    None    The link between initiator (type FC, identifier 0x100000109b2f63a2) of a host and the host port (Engine 0, expansion module B, port number H2) is disconnected, time: 19:13:42, host: ID 10.
N/A.

24434371    2021-03-01 19:13:42    0x100F02440004    Event    Informational    --    None    The link between initiator (type FC, identifier 0x100000109b2f6529) of a host and the host port (Engine 0, expansion module B, port number H1) is disconnected, time: 19:13:42, host: ID 10.
N/A.

24434370    2021-03-01 19:13:42    0x100F02440004    Event    Informational    --    None    The link between initiator (type FC, identifier 0x100000109b2f63a2) of a host and the host port (Engine 0, expansion module A, port number H0) is disconnected, time: 19:13:42, host: ID 10.
N/A.

24434369    2021-03-01 19:13:42    0x100F02440004    Event    Informational    --    None    The link between initiator (type FC, identifier 0x100000109b2f6529) of a host and the host port (Engine 0, expansion module A, port number H1) is disconnected, time: 19:13:42, host: ID 10.
N/A.

24434368    2021-03-01 19:13:42    0x100F02440004    Event    Informational    --    None    The link between initiator (type FC, identifier 0x100000109b2f6529) of a host and the host port (Engine 0, expansion module B, port number H3) is disconnected, time: 19:13:42, host: ID 10.
N/A.

24434367    2021-03-01 19:13:42    0x100F02440004    Event    Informational    --    None    The link between initiator (type FC, identifier 0x100000109b2f63a2) of a host and the host port (Engine 0, expansion module A, port number H2) is disconnected, time: 19:13:42, host: ID 10.
N/A.

24434274    2021-03-01 19:09:53    0x100F02440006    Event    Informational    --    None    The link between initiator (type FC, identifier 0x100000109b2f6529) of a host and the host port (Engine 0, expansion module B, port number H3) is linked up, time: 19:9:53, host: ID 10.
N/A.

24434273    2021-03-01 19:09:53    0x100F02440006    Event    Informational    --    None    The link between initiator (type FC, identifier 0x100000109b2f6529) of a host and the host port (Engine 0, expansion module B, port number H1) is linked up, time: 19:9:53, host: ID 10.
N/A.

24434272    2021-03-01 19:09:53    0x100F02440006    Event    Informational    --    None    The link between initiator (type FC, identifier 0x100000109b2f6529) of a host and the host port (Engine 0, expansion module A, port number H3) is linked up, time: 19:9:53, host: ID 10.
N/A.

24434271    2021-03-01 19:09:53    0x100F02440006    Event    Informational    --    None    The link between initiator (type FC, identifier 0x100000109b2f6529) of a host and the host port (Engine 0, expansion module A, port number H1) is linked up, time: 19:9:53, host: ID 10.
N/A.

24434269    2021-03-01 19:09:50    0x100F02440006    Event    Informational    --    None    The link between initiator (type FC, identifier 0x100000109b2f63a2) of a host and the host port (Engine 0, expansion module A, port number H2) is linked up, time: 19:9:50, host: ID 10.
N/A.

24434268    2021-03-01 19:09:50    0x100F02440006    Event    Informational    --    None    The link between initiator (type FC, identifier 0x100000109b2f63a2) of a host and the host port (Engine 0, expansion module B, port number H2) is linked up, time: 19:9:50, host: ID 10.
N/A.

24434267    2021-03-01 19:09:50    0x100F02440006    Event    Informational    --    None    The link between initiator (type FC, identifier 0x100000109b2f63a2) of a host and the host port (Engine 0, expansion module A, port number H0) is linked up, time: 19:9:50, host: ID 10.
N/A.

24434266    2021-03-01 19:09:50    0x100F02440006    Event    Informational    --    None    The link between initiator (type FC, identifier 0x100000109b2f63a2) of a host and the host port (Engine 0, expansion module B, port number H0) is linked up, time: 19:9:50, host: ID 10.
N/A.

24434160    2021-03-01 19:05:30    0x100F02440004    Event    Informational    --    None    The link between initiator (type FC, identifier 0x100000109b2f6529) of a host and the host port (Engine 0, expansion module B, port number H1) is disconnected, time: 19:5:30, host: ID 10.
N/A.

24434159    2021-03-01 19:05:30    0x100F02440004    Event    Informational    --    None    The link between initiator (type FC, identifier 0x100000109b2f63a2) of a host and the host port (Engine 0, expansion module B, port number H0) is disconnected, time: 19:5:30, host: ID 10.
N/A.

24434158    2021-03-01 19:05:30    0x100F02440004    Event    Informational    --    None    The link between initiator (type FC, identifier 0x100000109b2f63a2) of a host and the host port (Engine 0, expansion module A, port number H2) is disconnected, time: 19:5:30, host: ID 10.
N/A.

24434157    2021-03-01 19:05:30    0x100F02440004    Event    Informational    --    None    The link between initiator (type FC, identifier 0x100000109b2f6529) of a host and the host port (Engine 0, expansion module A, port number H3) is disconnected, time: 19:5:30, host: ID 10.
N/A.

24434156    2021-03-01 19:05:30    0x100F02440004    Event    Informational    --    None    The link between initiator (type FC, identifier 0x100000109b2f6529) of a host and the host port (Engine 0, expansion module A, port number H1) is disconnected, time: 19:5:30, host: ID 10.
N/A.

24434155    2021-03-01 19:05:30    0x100F02440004    Event    Informational    --    None    The link between initiator (type FC, identifier 0x100000109b2f6529) of a host and the host port (Engine 0, expansion module B, port number H3) is disconnected, time: 19:5:30, host: ID 10.
N/A.

24434154    2021-03-01 19:05:30    0x100F02440004    Event    Informational    --    None    The link between initiator (type FC, identifier 0x100000109b2f63a2) of a host and the host port (Engine 0, expansion module A, port number H0) is disconnected, time: 19:5:30, host: ID 10.
N/A.

24434153    2021-03-01 19:05:30    0x100F02440004    Event    Informational    --    None    The link between initiator (type FC, identifier 0x100000109b2f63a2) of a host and the host port (Engine 0, expansion module B, port number H2) is disconnected, time: 19:5:30, host: ID 10.
N/A.

