27163421    2021-05-18 15:37:04    0x100F0015001C    Event    Major    --    None    UltraPath push information from host (ID 13) is not received at the preset time point or fails to be processed.
Step1 Install UltraPath of the latest version on the host. If the fault persists=>[Step2]. 
Step2 Collect related information and contact technical support engineers.

27163420    2021-05-18 15:37:04    0x100F0015001C    Event    Major    --    None    UltraPath push information from host (ID 13) is not received at the preset time point or fails to be processed.
Step1 Install UltraPath of the latest version on the host. If the fault persists=>[Step2]. 
Step2 Collect related information and contact technical support engineers.

27163419    2021-05-18 15:37:04    0x100F0015001C    Event    Major    --    None    UltraPath push information from host (ID 13) is not received at the preset time point or fails to be processed.
Step1 Install UltraPath of the latest version on the host. If the fault persists=>[Step2]. 
Step2 Collect related information and contact technical support engineers.

27163418    2021-05-18 15:37:04    0x100F0015001C    Event    Major    --    None    UltraPath push information from host (ID 13) is not received at the preset time point or fails to be processed.
Step1 Install UltraPath of the latest version on the host. If the fault persists=>[Step2]. 
Step2 Collect related information and contact technical support engineers.

27163417    2021-05-18 15:37:02    0x100F0015001C    Event    Major    --    None    UltraPath push information from host (ID 13) is not received at the preset time point or fails to be processed.
Step1 Install UltraPath of the latest version on the host. If the fault persists=>[Step2]. 
Step2 Collect related information and contact technical support engineers.

27163416    2021-05-18 15:37:02    0x100F0015001C    Event    Major    --    None    UltraPath push information from host (ID 13) is not received at the preset time point or fails to be processed.
Step1 Install UltraPath of the latest version on the host. If the fault persists=>[Step2]. 
Step2 Collect related information and contact technical support engineers.

27163415    2021-05-18 15:37:02    0x100F0015001C    Event    Major    --    None    UltraPath push information from host (ID 13) is not received at the preset time point or fails to be processed.
Step1 Install UltraPath of the latest version on the host. If the fault persists=>[Step2]. 
Step2 Collect related information and contact technical support engineers.

27163414    2021-05-18 15:37:02    0x100F0015001C    Event    Major    --    None    UltraPath push information from host (ID 13) is not received at the preset time point or fails to be processed.
Step1 Install UltraPath of the latest version on the host. If the fault persists=>[Step2]. 
Step2 Collect related information and contact technical support engineers.

27163293    2021-05-18 15:32:06    0x100F02440006    Event    Informational    --    None    The link between initiator (type FC, identifier 0x21000024ff1da977) of a host and the host port (Engine 0, expansion module A, port number H0) is linked up, time: 15:32:6, host: ID 13.
N/A.

27163292    2021-05-18 15:32:06    0x100F02440006    Event    Informational    --    None    The link between initiator (type FC, identifier 0x21000024ff1da977) of a host and the host port (Engine 0, expansion module B, port number H2) is linked up, time: 15:32:6, host: ID 13.
N/A.

27163291    2021-05-18 15:32:06    0x100F02440006    Event    Informational    --    None    The link between initiator (type FC, identifier 0x21000024ff1da977) of a host and the host port (Engine 0, expansion module A, port number H2) is linked up, time: 15:32:6, host: ID 13.
N/A.

27163290    2021-05-18 15:32:06    0x100F02440006    Event    Informational    --    None    The link between initiator (type FC, identifier 0x21000024ff1da977) of a host and the host port (Engine 0, expansion module B, port number H0) is linked up, time: 15:32:6, host: ID 13.
N/A.

27163287    2021-05-18 15:32:04    0x100F02440006    Event    Informational    --    None    The link between initiator (type FC, identifier 0x21000024ff1da8eb) of a host and the host port (Engine 0, expansion module B, port number H1) is linked up, time: 15:32:4, host: ID 13.
N/A.

27163286    2021-05-18 15:32:04    0x100F02440006    Event    Informational    --    None    The link between initiator (type FC, identifier 0x21000024ff1da8eb) of a host and the host port (Engine 0, expansion module A, port number H3) is linked up, time: 15:32:4, host: ID 13.
N/A.

27163285    2021-05-18 15:32:04    0x100F02440006    Event    Informational    --    None    The link between initiator (type FC, identifier 0x21000024ff1da8eb) of a host and the host port (Engine 0, expansion module B, port number H3) is linked up, time: 15:32:4, host: ID 13.
N/A.

27163284    2021-05-18 15:32:04    0x100F02440006    Event    Informational    --    None    The link between initiator (type FC, identifier 0x21000024ff1da8eb) of a host and the host port (Engine 0, expansion module A, port number H1) is linked up, time: 15:32:4, host: ID 13.
N/A.

27163153    2021-05-18 15:26:43    0x100F02440004    Event    Informational    --    None    The link between initiator (type FC, identifier 0x21000024ff1da8eb) of a host and the host port (Engine 0, expansion module B, port number H1) is disconnected, time: 15:26:43, host: ID 13.
N/A.

27163152    2021-05-18 15:26:43    0x100F02440004    Event    Informational    --    None    The link between initiator (type FC, identifier 0x21000024ff1da977) of a host and the host port (Engine 0, expansion module B, port number H0) is disconnected, time: 15:26:43, host: ID 13.
N/A.

27163151    2021-05-18 15:26:43    0x100F02440004    Event    Informational    --    None    The link between initiator (type FC, identifier 0x21000024ff1da977) of a host and the host port (Engine 0, expansion module A, port number H2) is disconnected, time: 15:26:43, host: ID 13.
N/A.

27163150    2021-05-18 15:26:43    0x100F02440004    Event    Informational    --    None    The link between initiator (type FC, identifier 0x21000024ff1da8eb) of a host and the host port (Engine 0, expansion module B, port number H3) is disconnected, time: 15:26:43, host: ID 13.
N/A.

27163149    2021-05-18 15:26:43    0x100F02440004    Event    Informational    --    None    The link between initiator (type FC, identifier 0x21000024ff1da977) of a host and the host port (Engine 0, expansion module B, port number H2) is disconnected, time: 15:26:43, host: ID 13.
N/A.

27163148    2021-05-18 15:26:43    0x100F02440004    Event    Informational    --    None    The link between initiator (type FC, identifier 0x21000024ff1da977) of a host and the host port (Engine 0, expansion module A, port number H0) is disconnected, time: 15:26:43, host: ID 13.
N/A.

27163147    2021-05-18 15:26:43    0x100F02440004    Event    Informational    --    None    The link between initiator (type FC, identifier 0x21000024ff1da8eb) of a host and the host port (Engine 0, expansion module A, port number H3) is disconnected, time: 15:26:43, host: ID 13.
N/A.

27163146    2021-05-18 15:26:43    0x100F02440004    Event    Informational    --    None    The link between initiator (type FC, identifier 0x21000024ff1da8eb) of a host and the host port (Engine 0, expansion module A, port number H1) is disconnected, time: 15:26:43, host: ID 13.
N/A.

27162628    2021-05-18 15:05:28    0x100F0015001C    Event    Major    --    None    UltraPath push information from host (ID 13) is not received at the preset time point or fails to be processed.
Step1 Install UltraPath of the latest version on the host. If the fault persists=>[Step2]. 
Step2 Collect related information and contact technical support engineers.

27162627    2021-05-18 15:05:28    0x100F0015001C    Event    Major    --    None    UltraPath push information from host (ID 13) is not received at the preset time point or fails to be processed.
Step1 Install UltraPath of the latest version on the host. If the fault persists=>[Step2]. 
Step2 Collect related information and contact technical support engineers.

27162541    2021-05-18 15:02:00    0x100F0015001C    Event    Major    --    None    UltraPath push information from host (ID 13) is not received at the preset time point or fails to be processed.
Step1 Install UltraPath of the latest version on the host. If the fault persists=>[Step2]. 
Step2 Collect related information and contact technical support engineers.

27162540    2021-05-18 15:02:00    0x100F0015001C    Event    Major    --    None    UltraPath push information from host (ID 13) is not received at the preset time point or fails to be processed.
Step1 Install UltraPath of the latest version on the host. If the fault persists=>[Step2]. 
Step2 Collect related information and contact technical support engineers.

27162539    2021-05-18 15:02:00    0x100F0015001C    Event    Major    --    None    UltraPath push information from host (ID 13) is not received at the preset time point or fails to be processed.
Step1 Install UltraPath of the latest version on the host. If the fault persists=>[Step2]. 
Step2 Collect related information and contact technical support engineers.

27162538    2021-05-18 15:02:00    0x100F0015001C    Event    Major    --    None    UltraPath push information from host (ID 13) is not received at the preset time point or fails to be processed.
Step1 Install UltraPath of the latest version on the host. If the fault persists=>[Step2]. 
Step2 Collect related information and contact technical support engineers.

27162537    2021-05-18 15:01:58    0x100F0015001C    Event    Major    --    None    UltraPath push information from host (ID 13) is not received at the preset time point or fails to be processed.
Step1 Install UltraPath of the latest version on the host. If the fault persists=>[Step2]. 
Step2 Collect related information and contact technical support engineers.

27162536    2021-05-18 15:01:58    0x100F0015001C    Event    Major    --    None    UltraPath push information from host (ID 13) is not received at the preset time point or fails to be processed.
Step1 Install UltraPath of the latest version on the host. If the fault persists=>[Step2]. 
Step2 Collect related information and contact technical support engineers.

27162449    2021-05-18 14:58:28    0x100F02440006    Event    Informational    --    None    The link between initiator (type FC, identifier 0x21000024ff1da977) of a host and the host port (Engine 0, expansion module B, port number H0) is linked up, time: 14:58:28, host: ID 13.
N/A.

27162448    2021-05-18 14:58:28    0x100F02440006    Event    Informational    --    None    The link between initiator (type FC, identifier 0x21000024ff1da977) of a host and the host port (Engine 0, expansion module A, port number H2) is linked up, time: 14:58:28, host: ID 13.
N/A.

27162447    2021-05-18 14:58:28    0x100F02440006    Event    Informational    --    None    The link between initiator (type FC, identifier 0x21000024ff1da977) of a host and the host port (Engine 0, expansion module B, port number H2) is linked up, time: 14:58:28, host: ID 13.
N/A.

27162446    2021-05-18 14:58:28    0x100F02440006    Event    Informational    --    None    The link between initiator (type FC, identifier 0x21000024ff1da977) of a host and the host port (Engine 0, expansion module A, port number H0) is linked up, time: 14:58:28, host: ID 13.
N/A.

27162445    2021-05-18 14:58:26    0x100F02440006    Event    Informational    --    None    The link between initiator (type FC, identifier 0x21000024ff1da8eb) of a host and the host port (Engine 0, expansion module B, port number H1) is linked up, time: 14:58:26, host: ID 13.
N/A.

27162444    2021-05-18 14:58:26    0x100F02440006    Event    Informational    --    None    The link between initiator (type FC, identifier 0x21000024ff1da8eb) of a host and the host port (Engine 0, expansion module A, port number H3) is linked up, time: 14:58:26, host: ID 13.
N/A.

27162443    2021-05-18 14:58:26    0x100F02440006    Event    Informational    --    None    The link between initiator (type FC, identifier 0x21000024ff1da8eb) of a host and the host port (Engine 0, expansion module B, port number H3) is linked up, time: 14:58:26, host: ID 13.
N/A.

27162442    2021-05-18 14:58:26    0x100F02440006    Event    Informational    --    None    The link between initiator (type FC, identifier 0x21000024ff1da8eb) of a host and the host port (Engine 0, expansion module A, port number H1) is linked up, time: 14:58:26, host: ID 13.
N/A.

27162309    2021-05-18 14:53:05    0x100F02440004    Event    Informational    --    None    The link between initiator (type FC, identifier 0x21000024ff1da8eb) of a host and the host port (Engine 0, expansion module B, port number H1) is disconnected, time: 14:53:5, host: ID 13.
N/A.

27162308    2021-05-18 14:53:05    0x100F02440004    Event    Informational    --    None    The link between initiator (type FC, identifier 0x21000024ff1da977) of a host and the host port (Engine 0, expansion module B, port number H2) is disconnected, time: 14:53:5, host: ID 13.
N/A.

27162307    2021-05-18 14:53:05    0x100F02440004    Event    Informational    --    None    The link between initiator (type FC, identifier 0x21000024ff1da977) of a host and the host port (Engine 0, expansion module A, port number H0) is disconnected, time: 14:53:5, host: ID 13.
N/A.

27162306    2021-05-18 14:53:05    0x100F02440004    Event    Informational    --    None    The link between initiator (type FC, identifier 0x21000024ff1da8eb) of a host and the host port (Engine 0, expansion module B, port number H3) is disconnected, time: 14:53:5, host: ID 13.
N/A.

27162305    2021-05-18 14:53:05    0x100F02440004    Event    Informational    --    None    The link between initiator (type FC, identifier 0x21000024ff1da8eb) of a host and the host port (Engine 0, expansion module A, port number H1) is disconnected, time: 14:53:5, host: ID 13.
N/A.

27162304    2021-05-18 14:53:05    0x100F02440004    Event    Informational    --    None    The link between initiator (type FC, identifier 0x21000024ff1da977) of a host and the host port (Engine 0, expansion module B, port number H0) is disconnected, time: 14:53:5, host: ID 13.
N/A.

27162303    2021-05-18 14:53:05    0x100F02440004    Event    Informational    --    None    The link between initiator (type FC, identifier 0x21000024ff1da8eb) of a host and the host port (Engine 0, expansion module A, port number H3) is disconnected, time: 14:53:5, host: ID 13.
N/A.

27162302    2021-05-18 14:53:05    0x100F02440004    Event    Informational    --    None    The link between initiator (type FC, identifier 0x21000024ff1da977) of a host and the host port (Engine 0, expansion module A, port number H2) is disconnected, time: 14:53:5, host: ID 13.
N/A.

