4031789    2019-07-26 11:33:00    0x200F002A0019    Event    Informational    --    None    The logout of the user (user name admin) from the source (10.33.34.200) succeeded.
N/A

4031628    2019-07-26 11:26:29    0x200F002A0019    Event    Informational    --    None    The logout of the user (user name mm_user) from the source (127.0.0.1) succeeded.
N/A

4031501    2019-07-26 11:21:22    0x200F002A0015    Event    Informational    --    None    The login of the user (user name mm_user) from the source (127.0.0.1) succeeded.
N/A

4031047    2019-07-26 11:02:26    0x100F0108005A    Event    Informational    --    None    The management network port (Controller Enclosure CTE0, controller A, port number MGMT) has been disconnected.
N/A

4030951    2019-07-26 10:58:31    0x200F002A0015    Event    Informational    --    None    The login of the user (user name admin) from the source (10.33.34.200) succeeded.
N/A

4030843    2019-07-26 10:54:00    0x100F0108005B    Event    Informational    --    None    The management network port (Controller Enclosure CTE0, controller A, port number MGMT) has been connected.
N/A

4030840    2019-07-26 10:53:57    0x100F0108005A    Event    Informational    --    None    The management network port (Controller Enclosure CTE0, controller A, port number MGMT) has been disconnected.
N/A

4030833    2019-07-26 10:53:40    0x100F0108005B    Event    Informational    --    None    The management network port (Controller Enclosure CTE0, controller A, port number MGMT) has been connected.
N/A

4030830    2019-07-26 10:53:37    0x100F0108005A    Event    Informational    --    None    The management network port (Controller Enclosure CTE0, controller A, port number MGMT) has been disconnected.
N/A

4030827    2019-07-26 10:53:30    0x100F0108005B    Event    Informational    --    None    The management network port (Controller Enclosure CTE0, controller A, port number MGMT) has been connected.
N/A

