70434990    2024-10-04 04:50:57    0x100F00E00037    Event    Informational    --    None    The BBU module (Controller Enclosure CTE0, BBU module PSU 1) has sufficient power. When a power failure occurs, the BBU can supply sufficient power for powering off the system safely.
N/A

70433924    2024-10-04 04:07:20    0x200F002A0019    Event    Informational    --    None    The logout of the user (user name mm_user) from the source (127.0.0.1) succeeded.
N/A

70433923    2024-10-04 04:07:20    0x200F002A0019    Event    Informational    --    None    The logout of the user (user name mm_user) from the source (127.0.0.1) succeeded.
N/A

70433770    2024-10-04 04:01:01    0x200F002A0015    Event    Informational    --    None    The login of the user (user name mm_user) from the source (127.0.0.1) succeeded.
N/A

70433767    2024-10-04 04:01:01    0x200F002A0015    Event    Informational    --    None    The login of the user (user name mm_user) from the source (127.0.0.1) succeeded.
N/A

70431754    2024-10-04 02:38:13    0x100F00D20017    Event    Informational    --    None    The BBU module (controller enclosure CTE0, BBU module PSU 1) was charging.
N/A

70431358    2024-10-04 02:22:05    0x100F0D20006    Event    Informational    --    None    BBU module (controller enclosure CTE0, BBU module PSU 1) has insufficient power. When a power failure occurs, the BBU module cannot provide sufficient power to save data.
Step 1 Check whether the BBU module is faulty.
    1.1 If yes, replace the BBU module. 
    1.2 If no=>[step 2].
Step 2 Wait until the BBU module is fully charged.

70431331    2024-10-04 02:20:57    0x100F00D20015    Event    Informational    --    None    The BBU module (controller enclosure CTE0, BBU module PSU 1) was in periodic discharge test.
N/A

70431326    2024-10-04 02:20:47    0x100F00E00037    Event    Informational    --    None    The BBU module (Controller Enclosure CTE0, BBU module PSU 0) has sufficient power. When a power failure occurs, the BBU can supply sufficient power for powering off the system safely.
N/A

70428325    2024-10-04 00:17:30    0x100F00D20017    Event    Informational    --    None    The BBU module (controller enclosure CTE0, BBU module PSU 0) was charging.
N/A

70427931    2024-10-04 00:01:21    0x100F0D20006    Event    Informational    --    None    BBU module (controller enclosure CTE0, BBU module PSU 0) has insufficient power. When a power failure occurs, the BBU module cannot provide sufficient power to save data.
Step 1 Check whether the BBU module is faulty.
    1.1 If yes, replace the BBU module. 
    1.2 If no=>[step 2].
Step 2 Wait until the BBU module is fully charged.

70427903    2024-10-04 00:00:20    0x100F00D20015    Event    Informational    --    None    The BBU module (controller enclosure CTE0, BBU module PSU 0) was in periodic discharge test.
N/A

