12755977    2020-04-02 04:38:19    0x100F00E00037    Event    Informational    --    None    The BBU module (Controller Enclosure CTE0, BBU module PSU 1) has sufficient power. When a power failure occurs, the BBU can supply sufficient power for powering off the system safely.
N/A

12755228    2020-04-02 04:07:08    0x200F002A0019    Event    Informational    --    None    The logout of the user (user name mm_user) from the source (127.0.0.1) succeeded.
N/A

12755227    2020-04-02 04:07:08    0x200F002A0019    Event    Informational    --    None    The logout of the user (user name mm_user) from the source (127.0.0.1) succeeded.
N/A

12755078    2020-04-02 04:01:01    0x200F002A0015    Event    Informational    --    None    The login of the user (user name mm_user) from the source (127.0.0.1) succeeded.
N/A

12755077    2020-04-02 04:01:01    0x200F002A0015    Event    Informational    --    None    The login of the user (user name mm_user) from the source (127.0.0.1) succeeded.
N/A

12753192    2020-04-02 02:42:57    0x100F00D20017    Event    Informational    --    None    The BBU module (controller enclosure CTE0, BBU module PSU 1) was charging.
N/A

12752764    2020-04-02 02:25:15    0x100F0D20006    Event    Informational    --    None    BBU module (controller enclosure CTE0, BBU module PSU 1) has insufficient power. When a power failure occurs, the BBU module cannot provide sufficient power to save data.
Step 1 Check whether the BBU module is faulty.
    1.1 If yes, replace the BBU module. 
    1.2 If no=>[step 2].
Step 2 Wait until the BBU module is fully charged.

12752733    2020-04-02 02:23:59    0x100F00D20015    Event    Informational    --    None    The BBU module (controller enclosure CTE0, BBU module PSU 1) was in periodic discharge test.
N/A

12752732    2020-04-02 02:23:59    0x100F00E00037    Event    Informational    --    None    The BBU module (Controller Enclosure CTE0, BBU module PSU 0) has sufficient power. When a power failure occurs, the BBU can supply sufficient power for powering off the system safely.
N/A

12749716    2020-04-02 00:18:55    0x100F00D20017    Event    Informational    --    None    The BBU module (controller enclosure CTE0, BBU module PSU 0) was charging.
N/A

12749289    2020-04-02 00:01:16    0x100F0D20006    Event    Informational    --    None    BBU module (controller enclosure CTE0, BBU module PSU 0) has insufficient power. When a power failure occurs, the BBU module cannot provide sufficient power to save data.
Step 1 Check whether the BBU module is faulty.
    1.1 If yes, replace the BBU module. 
    1.2 If no=>[step 2].
Step 2 Wait until the BBU module is fully charged.

12749263    2020-04-02 00:00:14    0x100F00D20015    Event    Informational    --    None    The BBU module (controller enclosure CTE0, BBU module PSU 0) was in periodic discharge test.
N/A

