16157848    2020-07-08 14:52:19    0x100F0015001C    Event    Major    --    None    UltraPath push information from host (ID 12) is not received at the preset time point or fails to be processed.
Step1 Install UltraPath of the latest version on the host. If the fault persists=>[Step2]. 
Step2 Collect related information and contact technical support engineers.

16157847    2020-07-08 14:52:19    0x100F0015001C    Event    Major    --    None    UltraPath push information from host (ID 12) is not received at the preset time point or fails to be processed.
Step1 Install UltraPath of the latest version on the host. If the fault persists=>[Step2]. 
Step2 Collect related information and contact technical support engineers.

16157846    2020-07-08 14:52:19    0x100F0015001C    Event    Major    --    None    UltraPath push information from host (ID 12) is not received at the preset time point or fails to be processed.
Step1 Install UltraPath of the latest version on the host. If the fault persists=>[Step2]. 
Step2 Collect related information and contact technical support engineers.

16157845    2020-07-08 14:52:19    0x100F0015001C    Event    Major    --    None    UltraPath push information from host (ID 12) is not received at the preset time point or fails to be processed.
Step1 Install UltraPath of the latest version on the host. If the fault persists=>[Step2]. 
Step2 Collect related information and contact technical support engineers.

16157797    2020-07-08 14:50:24    0x100F0015001C    Event    Major    --    None    UltraPath push information from host (ID 12) is not received at the preset time point or fails to be processed.
Step1 Install UltraPath of the latest version on the host. If the fault persists=>[Step2]. 
Step2 Collect related information and contact technical support engineers.

16157796    2020-07-08 14:50:24    0x100F0015001C    Event    Major    --    None    UltraPath push information from host (ID 12) is not received at the preset time point or fails to be processed.
Step1 Install UltraPath of the latest version on the host. If the fault persists=>[Step2]. 
Step2 Collect related information and contact technical support engineers.

16157795    2020-07-08 14:50:24    0x100F0015001C    Event    Major    --    None    UltraPath push information from host (ID 12) is not received at the preset time point or fails to be processed.
Step1 Install UltraPath of the latest version on the host. If the fault persists=>[Step2]. 
Step2 Collect related information and contact technical support engineers.

16157794    2020-07-08 14:50:24    0x100F0015001C    Event    Major    --    None    UltraPath push information from host (ID 12) is not received at the preset time point or fails to be processed.
Step1 Install UltraPath of the latest version on the host. If the fault persists=>[Step2]. 
Step2 Collect related information and contact technical support engineers.

16157706    2020-07-08 14:46:48    0x100F02440006    Event    Informational    --    None    The link between initiator (type FC, identifier 0x21000024ff1da8ed) of a host and the host port (Engine 0, expansion module B, port number H2) is linked up, time: 14:46:48, host: ID 12.
N/A.

16157705    2020-07-08 14:46:48    0x100F02440006    Event    Informational    --    None    The link between initiator (type FC, identifier 0x21000024ff1da8ed) of a host and the host port (Engine 0, expansion module B, port number H0) is linked up, time: 14:46:48, host: ID 12.
N/A.

16157704    2020-07-08 14:46:48    0x100F02440006    Event    Informational    --    None    The link between initiator (type FC, identifier 0x21000024ff1da8ed) of a host and the host port (Engine 0, expansion module A, port number H0) is linked up, time: 14:46:48, host: ID 12.
N/A.

16157703    2020-07-08 14:46:48    0x100F02440006    Event    Informational    --    None    The link between initiator (type FC, identifier 0x21000024ff1da8ed) of a host and the host port (Engine 0, expansion module A, port number H2) is linked up, time: 14:46:48, host: ID 12.
N/A.

16157700    2020-07-08 14:46:46    0x100F02440006    Event    Informational    --    None    The link between initiator (type FC, identifier 0x21000024ff1da97b) of a host and the host port (Engine 0, expansion module A, port number H3) is linked up, time: 14:46:46, host: ID 12.
N/A.

16157699    2020-07-08 14:46:46    0x100F02440006    Event    Informational    --    None    The link between initiator (type FC, identifier 0x21000024ff1da97b) of a host and the host port (Engine 0, expansion module B, port number H1) is linked up, time: 14:46:46, host: ID 12.
N/A.

16157698    2020-07-08 14:46:46    0x100F02440006    Event    Informational    --    None    The link between initiator (type FC, identifier 0x21000024ff1da97b) of a host and the host port (Engine 0, expansion module B, port number H3) is linked up, time: 14:46:46, host: ID 12.
N/A.

16157697    2020-07-08 14:46:46    0x100F02440006    Event    Informational    --    None    The link between initiator (type FC, identifier 0x21000024ff1da97b) of a host and the host port (Engine 0, expansion module A, port number H1) is linked up, time: 14:46:46, host: ID 12.
N/A.

16157518    2020-07-08 14:39:25    0x100F02440004    Event    Informational    --    None    The link between initiator (type FC, identifier 0x21000024ff1da8ed) of a host and the host port (Engine 0, expansion module A, port number H2) is disconnected, time: 14:39:25, host: ID 12.
N/A.

16157517    2020-07-08 14:39:25    0x100F02440004    Event    Informational    --    None    The link between initiator (type FC, identifier 0x21000024ff1da97b) of a host and the host port (Engine 0, expansion module B, port number H1) is disconnected, time: 14:39:25, host: ID 12.
N/A.

16157516    2020-07-08 14:39:25    0x100F02440004    Event    Informational    --    None    The link between initiator (type FC, identifier 0x21000024ff1da8ed) of a host and the host port (Engine 0, expansion module B, port number H2) is disconnected, time: 14:39:25, host: ID 12.
N/A.

16157515    2020-07-08 14:39:24    0x100F02440004    Event    Informational    --    None    The link between initiator (type FC, identifier 0x21000024ff1da97b) of a host and the host port (Engine 0, expansion module B, port number H3) is disconnected, time: 14:39:24, host: ID 12.
N/A.

16157514    2020-07-08 14:39:25    0x100F02440004    Event    Informational    --    None    The link between initiator (type FC, identifier 0x21000024ff1da97b) of a host and the host port (Engine 0, expansion module A, port number H3) is disconnected, time: 14:39:25, host: ID 12.
N/A.

16157513    2020-07-08 14:39:24    0x100F02440004    Event    Informational    --    None    The link between initiator (type FC, identifier 0x21000024ff1da97b) of a host and the host port (Engine 0, expansion module A, port number H1) is disconnected, time: 14:39:24, host: ID 12.
N/A.

16157512    2020-07-08 14:39:24    0x100F02440004    Event    Informational    --    None    The link between initiator (type FC, identifier 0x21000024ff1da8ed) of a host and the host port (Engine 0, expansion module B, port number H0) is disconnected, time: 14:39:24, host: ID 12.
N/A.

16157511    2020-07-08 14:39:24    0x100F02440004    Event    Informational    --    None    The link between initiator (type FC, identifier 0x21000024ff1da8ed) of a host and the host port (Engine 0, expansion module A, port number H0) is disconnected, time: 14:39:24, host: ID 12.
N/A.

