9068545    2019-12-18 04:07:06    0x200F002A0019    Event    Informational    --    None    The logout of the user (user name mm_user) from the source (127.0.0.1) succeeded.
N/A

9068544    2019-12-18 04:07:06    0x200F002A0019    Event    Informational    --    None    The logout of the user (user name mm_user) from the source (127.0.0.1) succeeded.
N/A

9068396    2019-12-18 04:01:02    0x200F002A0015    Event    Informational    --    None    The login of the user (user name mm_user) from the source (127.0.0.1) succeeded.
N/A

9068395    2019-12-18 04:01:02    0x200F002A0015    Event    Informational    --    None    The login of the user (user name mm_user) from the source (127.0.0.1) succeeded.
N/A

9066930    2019-12-18 03:00:34    0x100F00310002    Event    Informational    --    None    Succeeded in deleting the key of application ISCSI_INI (application ID 7, key ID 3).
N/A

9066929    2019-12-18 03:00:33    0x100F00310002    Event    Informational    --    None    Succeeded in updating the key of application ISCSI_INI (application ID 7, key ID 4).
N/A

9066926    2019-12-18 03:00:28    0x100F00310002    Event    Informational    --    None    Succeeded in deleting the key of application ISCSI_TGT (application ID 6, key ID 3).
N/A

9066924    2019-12-18 03:00:27    0x100F00310002    Event    Informational    --    None    Succeeded in updating the key of application ISCSI_TGT (application ID 6, key ID 4).
N/A

9066921    2019-12-18 03:00:21    0x100F00310002    Event    Informational    --    None    Succeeded in updating the key of application PROTO_NDMP (application ID 4, key ID 4).
N/A

9066918    2019-12-18 03:00:15    0x100F00310002    Event    Informational    --    None    Succeeded in updating the key of application PROTO_LDAPS (application ID 3, key ID 4).
N/A

9066914    2019-12-18 03:00:10    0x100F00310002    Event    Informational    --    None    Succeeded in updating the key of application PROTO_AD (application ID 2, key ID 4).
N/A

9066911    2019-12-18 03:00:04    0x100F00310002    Event    Informational    --    None    Succeeded in updating the key of application PROTO_USER (application ID 1, key ID 4).
N/A

9066908    2019-12-18 02:59:58    0x100F00310002    Event    Informational    --    None    Succeeded in updating the key of application KMM (application ID 0, key ID 4).
N/A

