25535295    2021-04-02 04:58:36    0x100F00E00037    Event    Informational    --    None    The BBU module (Controller Enclosure CTE0, BBU module PSU 1) has sufficient power. When a power failure occurs, the BBU can supply sufficient power for powering off the system safely.
N/A

25534056    2021-04-02 04:07:36    0x200F002A0019    Event    Informational    --    None    The logout of the user (user name mm_user) from the source (127.0.0.1) succeeded.
N/A

25534055    2021-04-02 04:07:36    0x200F002A0019    Event    Informational    --    None    The logout of the user (user name mm_user) from the source (127.0.0.1) succeeded.
N/A

25533893    2021-04-02 04:01:01    0x200F002A0015    Event    Informational    --    None    The login of the user (user name mm_user) from the source (127.0.0.1) succeeded.
N/A

25533892    2021-04-02 04:01:00    0x200F002A0015    Event    Informational    --    None    The login of the user (user name mm_user) from the source (127.0.0.1) succeeded.
N/A

25531702    2021-04-02 02:31:05    0x100F00D20017    Event    Informational    --    None    The BBU module (controller enclosure CTE0, BBU module PSU 1) was charging.
N/A

25531268    2021-04-02 02:13:16    0x100F0D20006    Event    Informational    --    None    BBU module (controller enclosure CTE0, BBU module PSU 1) has insufficient power. When a power failure occurs, the BBU module cannot provide sufficient power to save data.
Step 1 Check whether the BBU module is faulty.
    1.1 If yes, replace the BBU module. 
    1.2 If no=>[step 2].
Step 2 Wait until the BBU module is fully charged.

25531240    2021-04-02 02:12:08    0x100F00D20015    Event    Informational    --    None    The BBU module (controller enclosure CTE0, BBU module PSU 1) was in periodic discharge test.
N/A

25531239    2021-04-02 02:12:08    0x100F00E00037    Event    Informational    --    None    The BBU module (Controller Enclosure CTE0, BBU module PSU 0) has sufficient power. When a power failure occurs, the BBU can supply sufficient power for powering off the system safely.
N/A

25528484    2021-04-02 00:18:46    0x100F00D20017    Event    Informational    --    None    The BBU module (controller enclosure CTE0, BBU module PSU 0) was charging.
N/A

25528060    2021-04-02 00:01:19    0x100F0D20006    Event    Informational    --    None    BBU module (controller enclosure CTE0, BBU module PSU 0) has insufficient power. When a power failure occurs, the BBU module cannot provide sufficient power to save data.
Step 1 Check whether the BBU module is faulty.
    1.1 If yes, replace the BBU module. 
    1.2 If no=>[step 2].
Step 2 Wait until the BBU module is fully charged.

25528032    2021-04-02 00:00:12    0x100F00D20015    Event    Informational    --    None    The BBU module (controller enclosure CTE0, BBU module PSU 0) was in periodic discharge test.
N/A

