73552837    2025-01-01 04:23:34    0x100F00E00037    Event    Informational    --    None    The BBU module (Controller Enclosure CTE0, BBU module PSU 1) has sufficient power. When a power failure occurs, the BBU can supply sufficient power for powering off the system safely.
N/A

73552447    2025-01-01 04:07:38    0x200F002A0019    Event    Informational    --    None    The logout of the user (user name mm_user) from the source (127.0.0.1) succeeded.
N/A

73552446    2025-01-01 04:07:38    0x200F002A0019    Event    Informational    --    None    The logout of the user (user name mm_user) from the source (127.0.0.1) succeeded.
N/A

73552283    2025-01-01 04:01:01    0x200F002A0015    Event    Informational    --    None    The login of the user (user name mm_user) from the source (127.0.0.1) succeeded.
N/A

73552282    2025-01-01 04:01:01    0x200F002A0015    Event    Informational    --    None    The login of the user (user name mm_user) from the source (127.0.0.1) succeeded.
N/A

73550124    2025-01-01 02:32:05    0x100F00D20017    Event    Informational    --    None    The BBU module (controller enclosure CTE0, BBU module PSU 1) was charging.
N/A

73549721    2025-01-01 02:15:33    0x100F0D20006    Event    Informational    --    None    BBU module (controller enclosure CTE0, BBU module PSU 1) has insufficient power. When a power failure occurs, the BBU module cannot provide sufficient power to save data.
Step 1 Check whether the BBU module is faulty.
    1.1 If yes, replace the BBU module. 
    1.2 If no=>[step 2].
Step 2 Wait until the BBU module is fully charged.

73549693    2025-01-01 02:14:27    0x100F00D20015    Event    Informational    --    None    The BBU module (controller enclosure CTE0, BBU module PSU 1) was in periodic discharge test.
N/A

73549692    2025-01-01 02:14:27    0x100F00E00037    Event    Informational    --    None    The BBU module (Controller Enclosure CTE0, BBU module PSU 0) has sufficient power. When a power failure occurs, the BBU can supply sufficient power for powering off the system safely.
N/A

73546852    2025-01-01 00:17:47    0x100F00D20017    Event    Informational    --    None    The BBU module (controller enclosure CTE0, BBU module PSU 0) was charging.
N/A

73546461    2025-01-01 00:01:41    0x100F0D20006    Event    Informational    --    None    BBU module (controller enclosure CTE0, BBU module PSU 0) has insufficient power. When a power failure occurs, the BBU module cannot provide sufficient power to save data.
Step 1 Check whether the BBU module is faulty.
    1.1 If yes, replace the BBU module. 
    1.2 If no=>[step 2].
Step 2 Wait until the BBU module is fully charged.

73546423    2025-01-01 00:00:12    0x100F00D20015    Event    Informational    --    None    The BBU module (controller enclosure CTE0, BBU module PSU 0) was in periodic discharge test.
N/A

