54347839    2023-07-03 04:38:26    0x100F00E00037    Event    Informational    --    None    The BBU module (Controller Enclosure CTE0, BBU module PSU 1) has sufficient power. When a power failure occurs, the BBU can supply sufficient power for powering off the system safely.
N/A

54347080    2023-07-03 04:07:21    0x200F002A0019    Event    Informational    --    None    The logout of the user (user name mm_user) from the source (127.0.0.1) succeeded.
N/A

54347079    2023-07-03 04:07:21    0x200F002A0019    Event    Informational    --    None    The logout of the user (user name mm_user) from the source (127.0.0.1) succeeded.
N/A

54346924    2023-07-03 04:01:01    0x200F002A0015    Event    Informational    --    None    The login of the user (user name mm_user) from the source (127.0.0.1) succeeded.
N/A

54346921    2023-07-03 04:01:01    0x200F002A0015    Event    Informational    --    None    The login of the user (user name mm_user) from the source (127.0.0.1) succeeded.
N/A

54344515    2023-07-03 02:22:08    0x100F00D20017    Event    Informational    --    None    The BBU module (controller enclosure CTE0, BBU module PSU 1) was charging.
N/A

54344105    2023-07-03 02:05:19    0x100F0D20006    Event    Informational    --    None    BBU module (controller enclosure CTE0, BBU module PSU 1) has insufficient power. When a power failure occurs, the BBU module cannot provide sufficient power to save data.
Step 1 Check whether the BBU module is faulty.
    1.1 If yes, replace the BBU module. 
    1.2 If no=>[step 2].
Step 2 Wait until the BBU module is fully charged.

54344075    2023-07-03 02:04:10    0x100F00D20015    Event    Informational    --    None    The BBU module (controller enclosure CTE0, BBU module PSU 1) was in periodic discharge test.
N/A

54344071    2023-07-03 02:04:01    0x100F00E00037    Event    Informational    --    None    The BBU module (Controller Enclosure CTE0, BBU module PSU 0) has sufficient power. When a power failure occurs, the BBU can supply sufficient power for powering off the system safely.
N/A

54341497    2023-07-03 00:18:20    0x100F00D20017    Event    Informational    --    None    The BBU module (controller enclosure CTE0, BBU module PSU 0) was charging.
N/A

54341093    2023-07-03 00:01:44    0x100F0D20006    Event    Informational    --    None    BBU module (controller enclosure CTE0, BBU module PSU 0) has insufficient power. When a power failure occurs, the BBU module cannot provide sufficient power to save data.
Step 1 Check whether the BBU module is faulty.
    1.1 If yes, replace the BBU module. 
    1.2 If no=>[step 2].
Step 2 Wait until the BBU module is fully charged.

54341055    2023-07-03 00:00:15    0x100F00D20015    Event    Informational    --    None    The BBU module (controller enclosure CTE0, BBU module PSU 0) was in periodic discharge test.
N/A

